Component: Arm Compiler for Embedded 6.24 Tool: armlink [5f371500]

==============================================================================

Section Cross References

    startup_stm32f407xx.o(STACK) refers (Special) to heapauxi.o(.text) for __use_two_region_memory
    startup_stm32f407xx.o(HEAP) refers (Special) to heapauxi.o(.text) for __use_two_region_memory
    startup_stm32f407xx.o(RESET) refers (Special) to heapauxi.o(.text) for __use_two_region_memory
    startup_stm32f407xx.o(RESET) refers to startup_stm32f407xx.o(STACK) for __initial_sp
    startup_stm32f407xx.o(RESET) refers to startup_stm32f407xx.o(.text) for Reset_Handler
    startup_stm32f407xx.o(RESET) refers to stm32f4xx_it.o(.text.NMI_Handler) for NMI_Handler
    startup_stm32f407xx.o(RESET) refers to stm32f4xx_it.o(.text.HardFault_Handler) for HardFault_Handler
    startup_stm32f407xx.o(RESET) refers to stm32f4xx_it.o(.text.MemManage_Handler) for MemManage_Handler
    startup_stm32f407xx.o(RESET) refers to stm32f4xx_it.o(.text.BusFault_Handler) for BusFault_Handler
    startup_stm32f407xx.o(RESET) refers to stm32f4xx_it.o(.text.UsageFault_Handler) for UsageFault_Handler
    startup_stm32f407xx.o(RESET) refers to port.o(.text.SVC_Handler) for SVC_Handler
    startup_stm32f407xx.o(RESET) refers to stm32f4xx_it.o(.text.DebugMon_Handler) for DebugMon_Handler
    startup_stm32f407xx.o(RESET) refers to port.o(.text.PendSV_Handler) for PendSV_Handler
    startup_stm32f407xx.o(RESET) refers to port.o(.text.SysTick_Handler) for SysTick_Handler
    startup_stm32f407xx.o(RESET) refers to stm32f4xx_it.o(.text.EXTI0_IRQHandler) for EXTI0_IRQHandler
    startup_stm32f407xx.o(RESET) refers to stm32f4xx_it.o(.text.EXTI1_IRQHandler) for EXTI1_IRQHandler
    startup_stm32f407xx.o(RESET) refers to stm32f4xx_it.o(.text.EXTI3_IRQHandler) for EXTI3_IRQHandler
    startup_stm32f407xx.o(RESET) refers to stm32f4xx_it.o(.text.EXTI4_IRQHandler) for EXTI4_IRQHandler
    startup_stm32f407xx.o(RESET) refers to stm32f4xx_it.o(.text.CAN1_RX0_IRQHandler) for CAN1_RX0_IRQHandler
    startup_stm32f407xx.o(RESET) refers to stm32f4xx_it.o(.text.EXTI9_5_IRQHandler) for EXTI9_5_IRQHandler
    startup_stm32f407xx.o(RESET) refers to stm32f4xx_it.o(.text.TIM8_UP_TIM13_IRQHandler) for TIM8_UP_TIM13_IRQHandler
    startup_stm32f407xx.o(RESET) refers to imu_task.o(.text.DMA2_Stream2_IRQHandler) for DMA2_Stream2_IRQHandler
    startup_stm32f407xx.o(RESET) refers to stm32f4xx_it.o(.text.DMA2_Stream3_IRQHandler) for DMA2_Stream3_IRQHandler
    startup_stm32f407xx.o(RESET) refers to stm32f4xx_it.o(.text.CAN2_RX1_IRQHandler) for CAN2_RX1_IRQHandler
    startup_stm32f407xx.o(RESET) refers to stm32f4xx_it.o(.text.OTG_FS_IRQHandler) for OTG_FS_IRQHandler
    startup_stm32f407xx.o(.text) refers (Special) to heapauxi.o(.text) for __use_two_region_memory
    startup_stm32f407xx.o(.text) refers to system_stm32f4xx.o(.text.SystemInit) for SystemInit
    startup_stm32f407xx.o(.text) refers to __main.o(!!!main) for __main
    startup_stm32f407xx.o(.text) refers to startup_stm32f407xx.o(HEAP) for Heap_Mem
    startup_stm32f407xx.o(.text) refers to startup_stm32f407xx.o(STACK) for Stack_Mem
    main.o(.text.main) refers to stm32f4xx_hal.o(.text.HAL_Init) for HAL_Init
    main.o(.text.main) refers to main.o(.text.SystemClock_Config) for SystemClock_Config
    main.o(.text.main) refers to gpio.o(.text.MX_GPIO_Init) for MX_GPIO_Init
    main.o(.text.main) refers to dma.o(.text.MX_DMA_Init) for MX_DMA_Init
    main.o(.text.main) refers to can.o(.text.MX_CAN1_Init) for MX_CAN1_Init
    main.o(.text.main) refers to can.o(.text.MX_CAN2_Init) for MX_CAN2_Init
    main.o(.text.main) refers to i2c.o(.text.MX_I2C3_Init) for MX_I2C3_Init
    main.o(.text.main) refers to spi.o(.text.MX_SPI1_Init) for MX_SPI1_Init
    main.o(.text.main) refers to tim.o(.text.MX_TIM10_Init) for MX_TIM10_Init
    main.o(.text.main) refers to tim.o(.bss.htim10) for htim10
    main.o(.text.main) refers to stm32f4xx_hal_tim.o(.text.HAL_TIM_PWM_Start) for HAL_TIM_PWM_Start
    main.o(.text.main) refers to freertos.o(.text.MX_FREERTOS_Init) for MX_FREERTOS_Init
    main.o(.text.main) refers to cmsis_os.o(.text.osKernelStart) for osKernelStart
    main.o(.ARM.exidx.text.main) refers to main.o(.text.main) for [Anonymous Symbol]
    main.o(.text.SystemClock_Config) refers to rt_memclr_w.o(.text) for __aeabi_memclr4
    main.o(.text.SystemClock_Config) refers to stm32f4xx_hal_rcc.o(.text.HAL_RCC_OscConfig) for HAL_RCC_OscConfig
    main.o(.text.SystemClock_Config) refers to stm32f4xx_hal_rcc.o(.text.HAL_RCC_ClockConfig) for HAL_RCC_ClockConfig
    main.o(.ARM.exidx.text.SystemClock_Config) refers to main.o(.text.SystemClock_Config) for [Anonymous Symbol]
    main.o(.ARM.exidx.text.Error_Handler) refers to main.o(.text.Error_Handler) for [Anonymous Symbol]
    main.o(.text.HAL_TIM_PeriodElapsedCallback) refers to stm32f4xx_hal.o(.text.HAL_IncTick) for HAL_IncTick
[...]
    USBD_LL_DataOutStage                     0x08007dbd   Thumb Code   124  usbd_core.o(.text.USBD_LL_DataOutStage)
    USBD_LL_DevConnected                     0x08007e39   Thumb Code     4  usbd_core.o(.text.USBD_LL_DevConnected)
    USBD_LL_DevDisconnected                  0x08007e3d   Thumb Code    34  usbd_core.o(.text.USBD_LL_DevDisconnected)
    USBD_LL_GetRxDataSize                    0x08007e61   Thumb Code     8  usbd_conf.o(.text.USBD_LL_GetRxDataSize)
    USBD_LL_Init                             0x08007e69   Thumb Code   110  usbd_conf.o(.text.USBD_LL_Init)
    USBD_LL_IsStallEP                        0x08007ed9   Thumb Code    42  usbd_conf.o(.text.USBD_LL_IsStallEP)
    USBD_LL_IsoINIncomplete                  0x08007f05   Thumb Code    44  usbd_core.o(.text.USBD_LL_IsoINIncomplete)
    USBD_LL_IsoOUTIncomplete                 0x08007f31   Thumb Code    44  usbd_core.o(.text.USBD_LL_IsoOUTIncomplete)
    USBD_LL_OpenEP                           0x08007f5d   Thumb Code    40  usbd_conf.o(.text.USBD_LL_OpenEP)
    USBD_LL_PrepareReceive                   0x08007f85   Thumb Code    34  usbd_conf.o(.text.USBD_LL_PrepareReceive)
    USBD_LL_Reset                            0x08007fa9   Thumb Code    98  usbd_core.o(.text.USBD_LL_Reset)
    USBD_LL_Resume                           0x0800800d   Thumb Code    20  usbd_core.o(.text.USBD_LL_Resume)
    USBD_LL_SOF                              0x08008021   Thumb Code    30  usbd_core.o(.text.USBD_LL_SOF)
    USBD_LL_SetSpeed                         0x08008041   Thumb Code     8  usbd_core.o(.text.USBD_LL_SetSpeed)
    USBD_LL_SetUSBAddress                    0x08008049   Thumb Code    34  usbd_conf.o(.text.USBD_LL_SetUSBAddress)
    USBD_LL_SetupStage                       0x0800806d   Thumb Code    98  usbd_core.o(.text.USBD_LL_SetupStage)
    USBD_LL_StallEP                          0x080080d1   Thumb Code    34  usbd_conf.o(.text.USBD_LL_StallEP)
    USBD_LL_Start                            0x080080f5   Thumb Code    34  usbd_conf.o(.text.USBD_LL_Start)
    USBD_LL_Suspend                          0x08008119   Thumb Code    28  usbd_core.o(.text.USBD_LL_Suspend)
    USBD_LL_Transmit                         0x08008135   Thumb Code    34  usbd_conf.o(.text.USBD_LL_Transmit)
    USBD_ParseSetupRequest                   0x08008159   Thumb Code    22  usbd_ctlreq.o(.text.USBD_ParseSetupRequest)
    USBD_RegisterClass                       0x08008171   Thumb Code    66  usbd_core.o(.text.USBD_RegisterClass)
    USBD_SetClassConfig                      0x080081b5   Thumb Code    16  usbd_core.o(.text.USBD_SetClassConfig)
    USBD_Start                               0x080081c5   Thumb Code     4  usbd_core.o(.text.USBD_Start)
    USBD_StdDevReq                           0x080081c9   Thumb Code   888  usbd_ctlreq.o(.text.USBD_StdDevReq)
    USBD_StdEPReq                            0x08008541   Thumb Code   348  usbd_ctlreq.o(.text.USBD_StdEPReq)
    USBD_StdItfReq                           0x0800869d   Thumb Code   112  usbd_ctlreq.o(.text.USBD_StdItfReq)
    USBD_static_free                         0x0800870d   Thumb Code     2  usbd_conf.o(.text.USBD_static_free)
    USBD_static_malloc                       0x08008711   Thumb Code    10  usbd_conf.o(.text.USBD_static_malloc)
    USB_ActivateEndpoint                     0x0800871d   Thumb Code   130  stm32f4xx_ll_usb.o(.text.USB_ActivateEndpoint)
    USB_ActivateSetup                        0x080087a1   Thumb Code    32  stm32f4xx_ll_usb.o(.text.USB_ActivateSetup)
    USB_CoreInit                             0x080087c1   Thumb Code   630  stm32f4xx_ll_usb.o(.text.USB_CoreInit)
    USB_DeactivateEndpoint                   0x08008a39   Thumb Code   130  stm32f4xx_ll_usb.o(.text.USB_DeactivateEndpoint)
    USB_DevConnect                           0x08008abd   Thumb Code    30  stm32f4xx_ll_usb.o(.text.USB_DevConnect)
    USB_DevDisconnect                        0x08008add   Thumb Code    30  stm32f4xx_ll_usb.o(.text.USB_DevDisconnect)
    USB_DevInit                              0x08008afd   Thumb Code  1206  stm32f4xx_ll_usb.o(.text.USB_DevInit)
    USB_DisableGlobalInt                     0x08008fb5   Thumb Code    14  stm32f4xx_ll_usb.o(.text.USB_DisableGlobalInt)
    USB_EP0_OutStart                         0x08008fc5   Thumb Code    90  stm32f4xx_ll_usb.o(.text.USB_EP0_OutStart)
    USB_EPClearStall                         0x08009021   Thumb Code    82  stm32f4xx_ll_usb.o(.text.USB_EPClearStall)
    USB_EPSetStall                           0x08009075   Thumb Code    62  stm32f4xx_ll_usb.o(.text.USB_EPSetStall)
    USB_EPStartXfer                          0x080090b5   Thumb Code   570  stm32f4xx_ll_usb.o(.text.USB_EPStartXfer)
    USB_EPStopXfer                           0x080092f1   Thumb Code   270  stm32f4xx_ll_usb.o(.text.USB_EPStopXfer)
    USB_EnableGlobalInt                      0x08009401   Thumb Code    14  stm32f4xx_ll_usb.o(.text.USB_EnableGlobalInt)
    USB_FlushTxFifo                          0x08009411   Thumb Code   190  stm32f4xx_ll_usb.o(.text.USB_FlushTxFifo)
    USB_GetDevSpeed                          0x080094d1   Thumb Code    26  stm32f4xx_ll_usb.o(.text.USB_GetDevSpeed)
    USB_GetMode                              0x080094ed   Thumb Code     8  stm32f4xx_ll_usb.o(.text.USB_GetMode)
    USB_ReadDevAllInEpInterrupt              0x080094f5   Thumb Code    14  stm32f4xx_ll_usb.o(.text.USB_ReadDevAllInEpInterrupt)
    USB_ReadDevAllOutEpInterrupt             0x08009505   Thumb Code    14  stm32f4xx_ll_usb.o(.text.USB_ReadDevAllOutEpInterrupt)
    USB_ReadDevInEPInterrupt                 0x08009515   Thumb Code    36  stm32f4xx_ll_usb.o(.text.USB_ReadDevInEPInterrupt)
    USB_ReadDevOutEPInterrupt                0x08009539   Thumb Code    16  stm32f4xx_ll_usb.o(.text.USB_ReadDevOutEPInterrupt)
    USB_ReadInterrupts                       0x08009549   Thumb Code     8  stm32f4xx_ll_usb.o(.text.USB_ReadInterrupts)
    USB_ReadPacket                           0x08009551   Thumb Code   170  stm32f4xx_ll_usb.o(.text.USB_ReadPacket)
    USB_SetCurrentMode                       0x080095fd   Thumb Code   872  stm32f4xx_ll_usb.o(.text.USB_SetCurrentMode)
    USB_SetDevAddress                        0x08009965   Thumb Code    34  stm32f4xx_ll_usb.o(.text.USB_SetDevAddress)
    USB_SetTurnaroundTime                    0x08009989   Thumb Code   280  stm32f4xx_ll_usb.o(.text.USB_SetTurnaroundTime)
    USB_WritePacket                          0x08009aa1   Thumb Code   106  stm32f4xx_ll_usb.o(.text.USB_WritePacket)
    UsageFault_Handler                       0x08009b0d   Thumb Code     2  stm32f4xx_it.o(.text.UsageFault_Handler)
    bmi088_accel_init                        0x08009b11   Thumb Code   664  bmi088driver.o(.text.bmi088_accel_init)
    bmi088_accel_self_test                   0x08009da9   Thumb Code  1104  bmi088driver.o(.text.bmi088_accel_self_test)
    bmi088_gyro_init                         0x0800a1f9   Thumb Code   526  bmi088driver.o(.text.bmi088_gyro_init)
    bmi088_gyro_self_test                    0x0800a409   Thumb Code   504  bmi088driver.o(.text.bmi088_gyro_self_test)
    imu_pwm_set                              0x0800a90d   Thumb Code    14  bsp_imu_pwm.o(.text.imu_pwm_set)
    ist8310_GPIO_init                        0x0800a91d   Thumb Code     2  ist8310driver_middleware.o(.text.ist8310_GPIO_init)
    ist8310_IIC_read_muli_reg                0x0800a921   Thumb Code    40  ist8310driver_middleware.o(.text.ist8310_IIC_read_muli_reg)
    ist8310_IIC_read_single_reg              0x0800a949   Thumb Code    48  ist8310driver_middleware.o(.text.ist8310_IIC_read_single_reg)
    ist8310_IIC_write_single_reg             0x0800a979   Thumb Code    48  ist8310driver_middleware.o(.text.ist8310_IIC_write_single_reg)
    ist8310_RST_H                            0x0800a9a9   Thumb Code    16  ist8310driver_middleware.o(.text.ist8310_RST_H)
    ist8310_RST_L                            0x0800a9b9   Thumb Code    16  ist8310driver_middleware.o(.text.ist8310_RST_L)
    ist8310_com_init                         0x0800a9c9   Thumb Code     2  ist8310driver_middleware.o(.text.ist8310_com_init)
    ist8310_delay_ms                         0x0800a9cd   Thumb Code     4  ist8310driver_middleware.o(.text.ist8310_delay_ms)
    ist8310_init                             0x0800a9d1   Thumb Code   210  ist8310driver.o(.text.ist8310_init)
    ist8310_read_mag                         0x0800aaa5   Thumb Code    88  ist8310driver.o(.text.ist8310_read_mag)
    main                                     0x0800ab01   Thumb Code    62  main.o(.text.main)
    osDelay                                  0x0800ab41   Thumb Code    16  cmsis_os.o(.text.osDelay)
    osKernelStart                            0x0800ab51   Thumb Code    10  cmsis_os.o(.text.osKernelStart)
    osThreadCreate                           0x0800ab5d   Thumb Code    92  cmsis_os.o(.text.osThreadCreate)
    pcTaskGetName                            0x0800abb9   Thumb Code    38  tasks.o(.text.pcTaskGetName)
    pvPortMalloc                             0x0800af5d   Thumb Code   488  heap_4.o(.text.pvPortMalloc)
    pxPortInitialiseStack                    0x0800b145   Thumb Code    36  port.o(.text.pxPortInitialiseStack)
    ulTaskNotifyTake                         0x0800b169   Thumb Code   104  tasks.o(.text.ulTaskNotifyTake)
    uxListRemove                             0x0800b1d1   Thumb Code    34  list.o(.text.uxListRemove)
    vApplicationGetIdleTaskMemory            0x0800b1f5   Thumb Code    26  freertos.o(.text.vApplicationGetIdleTaskMemory)
    vListInitialise                          0x0800b211   Thumb Code    22  list.o(.text.vListInitialise)
    vListInitialiseItem                      0x0800b229   Thumb Code     6  list.o(.text.vListInitialiseItem)
    vListInsert                              0x0800b231   Thumb Code    98  list.o(.text.vListInsert)
    vListInsertEnd                           0x0800b295   Thumb Code    26  list.o(.text.vListInsertEnd)
    vPortEnterCritical                       0x0800b2c5   Thumb Code    70  port.o(.text.vPortEnterCritical)
    vPortExitCritical                        0x0800b30d   Thumb Code    46  port.o(.text.vPortExitCritical)
    vPortFree                                0x0800b33d   Thumb Code   222  heap_4.o(.text.vPortFree)
    vPortSetupTimerInterrupt                 0x0800b41d   Thumb Code    52  port.o(.text.vPortSetupTimerInterrupt)
    vPortValidateInterruptPriority           0x0800b451   Thumb Code    94  port.o(.text.vPortValidateInterruptPriority)
    vTaskDelay                               0x0800b4b1   Thumb Code   166  tasks.o(.text.vTaskDelay)
    vTaskDelayUntil                          0x0800b559   Thumb Code   232  tasks.o(.text.vTaskDelayUntil)
    vTaskNotifyGiveFromISR                   0x0800b641   Thumb Code   198  tasks.o(.text.vTaskNotifyGiveFromISR)
    vTaskStartScheduler                      0x0800b709   Thumb Code   196  tasks.o(.text.vTaskStartScheduler)
    vTaskSuspendAll                          0x0800b7d5   Thumb Code    16  tasks.o(.text.vTaskSuspendAll)
    vTaskSwitchContext                       0x0800b7e5   Thumb Code   110  tasks.o(.text.vTaskSwitchContext)
    xPortStartScheduler                      0x0800b855   Thumb Code   392  port.o(.text.xPortStartScheduler)
    xTaskCreate                              0x0800b9dd   Thumb Code    96  tasks.o(.text.xTaskCreate)
    xTaskCreateStatic                        0x0800ba3d   Thumb Code   118  tasks.o(.text.xTaskCreateStatic)
    xTaskGetHandle                           0x0800bab5   Thumb Code  3866  tasks.o(.text.xTaskGetHandle)
    xTaskGetSchedulerState                   0x0800c9d1   Thumb Code    30  tasks.o(.text.xTaskGetSchedulerState)
    xTaskGetTickCount                        0x0800c9f1   Thumb Code    12  tasks.o(.text.xTaskGetTickCount)
    xTaskIncrementTick                       0x0800c9fd   Thumb Code   262  tasks.o(.text.xTaskIncrementTick)
    xTaskResumeAll                           0x0800cb05   Thumb Code   234  tasks.o(.text.xTaskResumeAll)
    _btod_d2e                                0x0800cbef   Thumb Code    62  btod.o(CL$$btod_d2e)
    _d2e_denorm_low                          0x0800cc2d   Thumb Code    70  btod.o(CL$$btod_d2e_denorm_low)
    _d2e_norm_op1                            0x0800cc73   Thumb Code    96  btod.o(CL$$btod_d2e_norm_op1)
    __btod_div_common                        0x0800ccd5   Thumb Code   696  btod.o(CL$$btod_div_common)
    _e2e                                     0x0800d00d   Thumb Code   220  btod.o(CL$$btod_e2e)
    _btod_ediv                               0x0800d0e9   Thumb Code    42  btod.o(CL$$btod_ediv)
    _btod_emul                               0x0800d113   Thumb Code    42  btod.o(CL$$btod_emul)
    __btod_mult_common                       0x0800d13d   Thumb Code   580  btod.o(CL$$btod_mult_common)
    __ARM_fpclassify                         0x0800d381   Thumb Code    48  fpclassify.o(i.__ARM_fpclassify)
    __ARM_fpclassifyf                        0x0800d3b1   Thumb Code    38  fpclassifyf.o(i.__ARM_fpclassifyf)
    __hardfp_asinf                           0x0800d3d9   Thumb Code   258  asinf.o(i.__hardfp_asinf)
    __hardfp_atan2f                          0x0800d505   Thumb Code   594  atan2f.o(i.__hardfp_atan2f)
    __mathlib_flt_infnan                     0x0800d7b1   Thumb Code     6  funder.o(i.__mathlib_flt_infnan)
    __mathlib_flt_infnan2                    0x0800d7b7   Thumb Code     6  funder.o(i.__mathlib_flt_infnan2)
    __mathlib_flt_invalid                    0x0800d7bd   Thumb Code    10  funder.o(i.__mathlib_flt_invalid)
    __mathlib_flt_underflow                  0x0800d7cd   Thumb Code    10  funder.o(i.__mathlib_flt_underflow)
    _is_digit                                0x0800d7dd   Thumb Code    14  __printf_wp.o(i._is_digit)
    sqrtf                                    0x0800d7eb   Thumb Code    62  sqrtf.o(i.sqrtf)
    _get_lc_numeric                          0x0800d829   Thumb Code    44  lc_numeric_c.o(locale$$code)
    __fpl_dretinf                            0x0800d855   Thumb Code    12  dretinf.o(x$fpl$dretinf)
    __aeabi_f2d                              0x0800d861   Thumb Code     0  f2d.o(x$fpl$f2d)
    _f2d                                     0x0800d861   Thumb Code    86  f2d.o(x$fpl$f2d)
    __fpl_fnaninf                            0x0800d8b7   Thumb Code   140  fnaninf.o(x$fpl$fnaninf)
    _fp_init                                 0x0800d943   Thumb Code    26  fpinit.o(x$fpl$fpinit)
    __fplib_config_fpu_vfp                   0x0800d95b   Thumb Code     0  fpinit.o(x$fpl$fpinit)
    __fplib_config_pureend_doubles           0x0800d95b   Thumb Code     0  fpinit.o(x$fpl$fpinit)
    _printf_fp_dec                           0x0800d95d   Thumb Code     4  printf1.o(x$fpl$printf1)
    __I$use$fp                               0x0800d960   Number         0  usenofp.o(x$fpl$usenofp)
    AHBPrescTable                            0x0800d9f4   Data          16  system_stm32f4xx.o(.rodata.AHBPrescTable)
    APBPrescTable                            0x0800da04   Data           8  system_stm32f4xx.o(.rodata.APBPrescTable)
    Region$$Table$$Base                      0x0800da68   Number         0  anon$$obj.o(Region$$Table)
    Region$$Table$$Limit                     0x0800da88   Number         0  anon$$obj.o(Region$$Table)
    uwTickFreq                               0x20000000   Data           1  stm32f4xx_hal.o(.data..L_MergedGlobals)
    uwTickPrio                               0x20000004   Data           4  stm32f4xx_hal.o(.data..L_MergedGlobals)
    accel_temp_dma_tx_buf                    0x20000008   Data           4  imu_task.o(.data..L_MergedGlobals)
    gyro_dma_tx_buf                          0x2000000c   Data           8  imu_task.o(.data..L_MergedGlobals)
    accel_dma_tx_buf                         0x20000014   Data           9  imu_task.o(.data..L_MergedGlobals)
    gyro_scale_factor                        0x20000020   Data          36  imu_task.o(.data..L_MergedGlobals)
    accel_scale_factor                       0x20000044   Data          36  imu_task.o(.data..L_MergedGlobals)
    BMI088_ACCEL_SEN                         0x20000068   Data           4  bmi088driver.o(.data..L_MergedGlobals)
    BMI088_GYRO_SEN                          0x2000006c   Data           4  bmi088driver.o(.data..L_MergedGlobals)
    FS_Desc                                  0x20000070   Data          28  usbd_desc.o(.data.FS_Desc)
    SystemCoreClock                          0x2000008c   Data           4  system_stm32f4xx.o(.data.SystemCoreClock)
    USBD_CDC                                 0x20000090   Data          56  usbd_cdc.o(.data.USBD_CDC)
    USBD_FS_DeviceDesc                       0x20000118   Data          18  usbd_desc.o(.data.USBD_FS_DeviceDesc)
    USBD_Interface_fops_FS                   0x2000012c   Data          20  usbd_cdc_if.o(.data.USBD_Interface_fops_FS)
    USBD_LangIDDesc                          0x20000140   Data           4  usbd_desc.o(.data.USBD_LangIDDesc)
    USBD_StringSerial                        0x20000144   Data          26  usbd_desc.o(.data.USBD_StringSerial)
    mag_scale_factor                         0x20000160   Data          36  imu_task.o(.data.mag_scale_factor)
    twoKp                                    0x20000184   Data           4  mahonyahrs.o(.data.twoKp)
    __libspace_start                         0x20000190   Data          96  libspace.o(.bss)
    __temporary_stack_top$libspace           0x200001f0   Data           0  libspace.o(.bss)
    defaultTaskHandle                        0x200001f0   Data           4  freertos.o(.bss..L_MergedGlobals)
    InsHandle                                0x200001f4   Data           4  freertos.o(.bss..L_MergedGlobals)
    pxCurrentTCB                             0x200001f8   Data           4  tasks.o(.bss..L_MergedGlobals)
    twoKi                                    0x20000298   Data           4  mahonyahrs.o(.bss..L_MergedGlobals)
    integralFBx                              0x2000029c   Data           4  mahonyahrs.o(.bss..L_MergedGlobals)
    integralFBy                              0x200002a0   Data           4  mahonyahrs.o(.bss..L_MergedGlobals)
    integralFBz                              0x200002a4   Data           4  mahonyahrs.o(.bss..L_MergedGlobals)
    gyro_update_flag                         0x200002d0   Data           1  imu_task.o(.bss..L_MergedGlobals.2)
    accel_update_flag                        0x200002d1   Data           1  imu_task.o(.bss..L_MergedGlobals.2)
    accel_temp_update_flag                   0x200002d2   Data           1  imu_task.o(.bss..L_MergedGlobals.2)
    mag_update_flag                          0x200002d3   Data           1  imu_task.o(.bss..L_MergedGlobals.2)
    imu_start_dma_flag                       0x200002d4   Data           1  imu_task.o(.bss..L_MergedGlobals.2)
    imu_read_flag                            0x200002d5   Data           1  imu_task.o(.bss..L_MergedGlobals.2)
    imu_init_finish_flag                     0x200002d6   Data           1  imu_task.o(.bss..L_MergedGlobals.2)
    gimbal_return_finish_flag                0x200002d7   Data           1  imu_task.o(.bss..L_MergedGlobals.2)
    accel_temp_dma_rx_buf                    0x200002e4   Data           4  imu_task.o(.bss..L_MergedGlobals.2)
    gyro_dma_rx_buf                          0x20000304   Data           8  imu_task.o(.bss..L_MergedGlobals.2)
    accel_dma_rx_buf                         0x2000030c   Data           9  imu_task.o(.bss..L_MergedGlobals.2)
    INS_gyro                                 0x20000318   Data          12  imu_task.o(.bss..L_MergedGlobals.2)
    INS_accel                                0x20000324   Data          12  imu_task.o(.bss..L_MergedGlobals.2)
    INS_mag                                  0x20000330   Data          12  imu_task.o(.bss..L_MergedGlobals.2)
    INS_angle                                0x2000033c   Data          12  imu_task.o(.bss..L_MergedGlobals.2)
    IMU_angle                                0x20000348   Data          12  imu_task.o(.bss..L_MergedGlobals.3)
    gyro_cali_offset                         0x20000354   Data          12  imu_task.o(.bss..L_MergedGlobals.3)
    gyro_offset                              0x20000360   Data          12  imu_task.o(.bss..L_MergedGlobals.3)
    accel_offset                             0x2000036c   Data          12  imu_task.o(.bss..L_MergedGlobals.3)
    mag_offset                               0x20000378   Data          12  imu_task.o(.bss..L_MergedGlobals.3)
    INS_quat                                 0x20000384   Data          16  imu_task.o(.bss..L_MergedGlobals.3)
    ist8310_real_data                        0x20000394   Data          16  imu_task.o(.bss..L_MergedGlobals.3)
    bmi088_real_data                         0x200003a4   Data          36  imu_task.o(.bss..L_MergedGlobals.4)
    bmi088_offset_data                       0x200003c8   Data          36  imu_task.o(.bss..L_MergedGlobals.4)
    imu_temp_pid                             0x200003ec   Data          52  imu_task.o(.bss..L_MergedGlobals.4)
    USBD_StrDesc                             0x20000468   Data         512  usbd_desc.o(.bss.USBD_StrDesc)
    UserRxBufferFS                           0x20000888   Data        2048  usbd_cdc_if.o(.bss.UserRxBufferFS)
    UserTxBufferFS                           0x20001088   Data        2048  usbd_cdc_if.o(.bss.UserTxBufferFS)
    hUsbDeviceFS                             0x20001888   Data         732  usb_device.o(.bss.hUsbDeviceFS)
    hcan1                                    0x20001b64   Data          40  can.o(.bss.hcan1)
    hcan2                                    0x20001b8c   Data          40  can.o(.bss.hcan2)
    hdma_spi1_rx                             0x20001bb4   Data          96  spi.o(.bss.hdma_spi1_rx)
    hdma_spi1_tx                             0x20001c14   Data          96  spi.o(.bss.hdma_spi1_tx)
    hi2c3                                    0x20001c74   Data          84  i2c.o(.bss.hi2c3)
    hpcd_USB_OTG_FS                          0x20001cc8   Data        1252  usbd_conf.o(.bss.hpcd_USB_OTG_FS)
    hspi1                                    0x200021ac   Data          88  spi.o(.bss.hspi1)
    htim10                                   0x20002204   Data          72  tim.o(.bss.htim10)
    htim8                                    0x2000224c   Data          72  stm32f4xx_hal_timebase_tim.o(.bss.htim8)
    uwTick                                   0x20005f20   Data           4  stm32f4xx_hal.o(.bss.uwTick)



==============================================================================

Memory Map of the image

  Image Entry point : 0x08000189

  Load Region LR_IROM1 (Base: 0x08000000, Size: 0x0000dc38, Max: 0x00080000, ABSOLUTE, COMPRESSED[0x0000db88])

    Execution Region ER_IROM1 (Exec base: 0x08000000, Load base: 0x08000000, Size: 0x0000daa4, Max: 0x00080000, ABSOLUTE)

    Exec Addr    Load Addr    Size         Type   Attr      Idx    E Section Name        Object

    0x08000000   0x08000000   0x00000188   Data   RO            3    RESET               startup_stm32f407xx.o
    0x08000188   0x08000188   0x00000008   Code   RO         2417  * !!!main             c_w.l(__main.o)
    0x08000190   0x08000190   0x0000005c   Code   RO         2708    !!!scatter          c_w.l(__scatter.o)
    0x080001ec   0x080001ec   0x0000005a   Code   RO         2706    !!dczerorl2         c_w.l(__dczerorl2.o)
    0x08000246   0x08000246   0x00000002   PAD
    0x08000248   0x08000248   0x00000002   Code   RO         2709    !!handler_null      c_w.l(__scatter.o)
    0x0800024a   0x0800024a   0x00000002   PAD
    0x0800024c   0x0800024c   0x0000001c   Code   RO         2712    !!handler_zi        c_w.l(__scatter_zi.o)
    0x08000268   0x08000268   0x00000000   Code   RO         2404    .ARM.Collect$$_printf_percent$$00000000  c_w.l(_printf_percent.o)
    0x08000268   0x08000268   0x00000006   Code   RO         2403    .ARM.Collect$$_printf_percent$$00000003  c_w.l(_printf_f.o)
    0x0800026e   0x0800026e   0x00000004   Code   RO         2450    .ARM.Collect$$_printf_percent$$00000017  c_w.l(_printf_percent_end.o)
    0x08000272   0x08000272   0x00000002   Code   RO         2569    .ARM.Collect$$libinit$$00000000  c_w.l(libinit.o)
    0x08000274   0x08000274   0x00000004   Code   RO         2570    .ARM.Collect$$libinit$$00000001  c_w.l(libinit2.o)
    0x08000278   0x08000278   0x00000000   Code   RO         2573    .ARM.Collect$$libinit$$00000004  c_w.l(libinit2.o)
    0x08000278   0x08000278   0x00000000   Code   RO         2575    .ARM.Collect$$libinit$$00000006  c_w.l(libinit2.o)
    0x08000278   0x08000278   0x00000000   Code   RO         2578    .ARM.Collect$$libinit$$0000000C  c_w.l(libinit2.o)
    0x08000278   0x08000278   0x00000000   Code   RO         2580    .ARM.Collect$$libinit$$0000000E  c_w.l(libinit2.o)
    0x08000278   0x08000278   0x00000000   Code   RO         2582    .ARM.Collect$$libinit$$00000010  c_w.l(libinit2.o)
    0x08000278   0x08000278   0x00000006   Code   RO         2583    .ARM.Collect$$libinit$$00000011  c_w.l(libinit2.o)
    0x0800027e   0x0800027e   0x00000000   Code   RO         2585    .ARM.Collect$$libinit$$00000013  c_w.l(libinit2.o)
    0x0800027e   0x0800027e   0x00000000   Code   RO         2587    .ARM.Collect$$libinit$$00000015  c_w.l(libinit2.o)
    0x0800027e   0x0800027e   0x00000000   Code   RO         2589    .ARM.Collect$$libinit$$00000017  c_w.l(libinit2.o)
    0x0800027e   0x0800027e   0x0000000a   Code   RO         2590    .ARM.Collect$$libinit$$00000018  c_w.l(libinit2.o)
    0x08000288   0x08000288   0x00000000   Code   RO         2591    .ARM.Collect$$libinit$$00000019  c_w.l(libinit2.o)
    0x08000288   0x08000288   0x00000000   Code   RO         2593    .ARM.Collect$$libinit$$0000001B  c_w.l(libinit2.o)
    0x08000288   0x08000288   0x00000000   Code   RO         2595    .ARM.Collect$$libinit$$0000001D  c_w.l(libinit2.o)
    0x08000288   0x08000288   0x00000000   Code   RO         2597    .ARM.Collect$$libinit$$0000001F  c_w.l(libinit2.o)
    0x08000288   0x08000288   0x00000000   Code   RO         2599    .ARM.Collect$$libinit$$00000021  c_w.l(libinit2.o)
    0x08000288   0x08000288   0x00000000   Code   RO         2601    .ARM.Collect$$libinit$$00000023  c_w.l(libinit2.o)
    0x08000288   0x08000288   0x00000000   Code   RO         2603    .ARM.Collect$$libinit$$00000025  c_w.l(libinit2.o)
    0x08000288   0x08000288   0x00000000   Code   RO         2605    .ARM.Collect$$libinit$$00000027  c_w.l(libinit2.o)
    0x08000288   0x08000288   0x00000000   Code   RO         2609    .ARM.Collect$$libinit$$0000002E  c_w.l(libinit2.o)
    0x08000288   0x08000288   0x00000000   Code   RO         2611    .ARM.Collect$$libinit$$00000030  c_w.l(libinit2.o)
    0x08000288   0x08000288   0x00000000   Code   RO         2613    .ARM.Collect$$libinit$$00000032  c_w.l(libinit2.o)
    0x08000288   0x08000288   0x00000000   Code   RO         2615    .ARM.Collect$$libinit$$00000034  c_w.l(libinit2.o)
    0x08000288   0x08000288   0x00000002   Code   RO         2616    .ARM.Collect$$libinit$$00000035  c_w.l(libinit2.o)
    0x0800028a   0x0800028a   0x00000002   Code   RO         2671    .ARM.Collect$$libshutdown$$00000000  c_w.l(libshutdown.o)
    0x0800028c   0x0800028c   0x00000000   Code   RO         2689    .ARM.Collect$$libshutdown$$00000002  c_w.l(libshutdown2.o)
    0x0800028c   0x0800028c   0x00000000   Code   RO         2691    .ARM.Collect$$libshutdown$$00000004  c_w.l(libshutdown2.o)
    0x0800028c   0x0800028c   0x00000000   Code   RO         2694    .ARM.Collect$$libshutdown$$00000007  c_w.l(libshutdown2.o)
    0x0800028c   0x0800028c   0x00000000   Code   RO         2697    .ARM.Collect$$libshutdown$$0000000A  c_w.l(libshutdown2.o)
    0x0800028c   0x0800028c   0x00000000   Code   RO         2699    .ARM.Collect$$libshutdown$$0000000C  c_w.l(libshutdown2.o)
    0x0800028c   0x0800028c   0x00000000   Code   RO         2702    .ARM.Collect$$libshutdown$$0000000F  c_w.l(libshutdown2.o)
    0x0800028c   0x0800028c   0x00000002   Code   RO         2703    .ARM.Collect$$libshutdown$$00000010  c_w.l(libshutdown2.o)
    0x0800028e   0x0800028e   0x00000000   Code   RO         2435    .ARM.Collect$$rtentry$$00000000  c_w.l(__rtentry.o)
    0x0800028e   0x0800028e   0x00000000   Code   RO         2483    .ARM.Collect$$rtentry$$00000002  c_w.l(__rtentry2.o)
    0x0800028e   0x0800028e   0x00000006   Code   RO         2495    .ARM.Collect$$rtentry$$00000004  c_w.l(__rtentry4.o)
    0x08000294   0x08000294   0x00000000   Code   RO         2485    .ARM.Collect$$rtentry$$00000009  c_w.l(__rtentry2.o)
    0x08000294   0x08000294   0x00000004   Code   RO         2486    .ARM.Collect$$rtentry$$0000000A  c_w.l(__rtentry2.o)
    0x08000298   0x08000298   0x00000000   Code   RO         2488    .ARM.Collect$$rtentry$$0000000C  c_w.l(__rtentry2.o)
    0x08000298   0x08000298   0x00000008   Code   RO         2489    .ARM.Collect$$rtentry$$0000000D  c_w.l(__rtentry2.o)
    0x080002a0   0x080002a0   0x00000002   Code   RO         2617    .ARM.Collect$$rtexit$$00000000  c_w.l(rtexit.o)
    0x080002a2   0x080002a2   0x00000000   Code   RO         2636    .ARM.Collect$$rtexit$$00000002  c_w.l(rtexit2.o)
    0x080002a2   0x080002a2   0x00000004   Code   RO         2637    .ARM.Collect$$rtexit$$00000003  c_w.l(rtexit2.o)
    0x080002a6   0x080002a6   0x00000006   Code   RO         2638    .ARM.Collect$$rtexit$$00000004  c_w.l(rtexit2.o)
    0x080002ac   0x080002ac   0x00000040   Code   RO            4    .text               startup_stm32f407xx.o
    0x080002ec   0x080002ec   0x000000f0   Code   RO         2375    .text               c_w.l(lludivv7m.o)
    0x080003dc   0x080003dc   0x00000040   Code   RO         2377    .text               c_w.l(__2snprintf.o)
    0x0800041c   0x0800041c   0x0000010e   Code   RO         2391    .text               c_w.l(__printf_wp.o)
    0x0800052a   0x0800052a   0x0000003e   Code   RO         2405    .text               c_w.l(strlen.o)
    0x08000568   0x08000568   0x00000010   Code   RO         2411    .text               c_w.l(aeabi_memset4.o)
    0x08000578   0x08000578   0x0000004e   Code   RO         2413    .text               c_w.l(rt_memclr_w.o)
    0x080005c6   0x080005c6   0x00000006   Code   RO         2415    .text               c_w.l(heapauxi.o)
    0x080005cc   0x080005cc   0x00000016   Code   RO         2440    .text               c_w.l(_rserrno.o)
    0x080005e2   0x080005e2   0x0000041c   Code   RO         2442    .text               c_w.l(_printf_fp_dec.o)
    0x080009fe   0x080009fe   0x00000002   PAD
    0x08000a00   0x08000a00   0x00000030   Code   RO         2446    .text               c_w.l(_printf_char_common.o)
    0x08000a30   0x08000a30   0x00000010   Code   RO         2448    .text               c_w.l(_snputc.o)
    0x08000a40   0x08000a40   0x00000008   Code   RO         2502    .text               c_w.l(rt_locale_intlibspace.o)
    0x08000a48   0x08000a48   0x00000008   Code   RO         2507    .text               c_w.l(rt_errno_addr_intlibspace.o)
    0x08000a50   0x08000a50   0x0000008a   Code   RO         2509    .text               c_w.l(lludiv10.o)
    0x08000ada   0x08000ada   0x00000002   PAD
    0x08000adc   0x08000adc   0x00000080   Code   RO         2511    .text               c_w.l(_printf_fp_infnan.o)
    0x08000b5c   0x08000b5c   0x000000e4   Code   RO         2515    .text               c_w.l(bigflt0.o)
    0x08000c40   0x08000c40   0x00000008   Code   RO         2549    .text               c_w.l(libspace.o)
    0x08000c48   0x08000c48   0x0000004a   Code   RO         2552    .text               c_w.l(sys_stackheap_outer.o)
    0x08000c92   0x08000c92   0x00000012   Code   RO         2556    .text               c_w.l(exit.o)
    0x08000ca4   0x08000ca4   0x00000004   PAD
    0x08000ca8   0x08000ca8   0x0000007c   Code   RO         2562    .text               c_w.l(strcmpv7em.o)
    0x08000d24   0x08000d24   0x0000000c   Code   RO         2631    .text               c_w.l(sys_exit.o)
    0x08000d30   0x08000d30   0x00000002   Code   RO         2658    .text               c_w.l(use_no_semi.o)
    0x08000d32   0x08000d32   0x00000000   Code   RO         2660    .text               c_w.l(indicate_semi.o)
    0x08000d32   0x08000d32   0x00000002   PAD
    0x08000d34   0x08000d34   0x0000000e   Code   RO         2295    .text.BMI088_ACCEL_NS_H  bmi088middleware.o
    0x08000d42   0x08000d42   0x00000002   PAD
    0x08000d44   0x08000d44   0x0000000e   Code   RO         2293    .text.BMI088_ACCEL_NS_L  bmi088middleware.o
    0x08000d52   0x08000d52   0x00000002   PAD
    0x08000d54   0x08000d54   0x00000002   Code   RO         2285    .text.BMI088_GPIO_init  bmi088middleware.o
    0x08000d56   0x08000d56   0x00000002   PAD
    0x08000d58   0x08000d58   0x00000010   Code   RO         2299    .text.BMI088_GYRO_NS_H  bmi088middleware.o
    0x08000d68   0x08000d68   0x00000010   Code   RO         2297    .text.BMI088_GYRO_NS_L  bmi088middleware.o
    0x08000d78   0x08000d78   0x00000074   Code   RO         2259    .text.BMI088_accel_read_over  bmi088driver.o
    0x08000dec   0x08000dec   0x00000002   Code   RO         2287    .text.BMI088_com_init  bmi088middleware.o
    0x08000dee   0x08000dee   0x00000002   PAD
    0x08000df0   0x08000df0   0x00000004   Code   RO         2289    .text.BMI088_delay_ms  bmi088middleware.o
    0x08000df4   0x08000df4   0x00000006   Code   RO         2291    .text.BMI088_delay_us  bmi088middleware.o
    0x08000dfa   0x08000dfa   0x00000002   PAD
    0x08000dfc   0x08000dfc   0x0000004e   Code   RO         2261    .text.BMI088_gyro_read_over  bmi088driver.o
    0x08000e4a   0x08000e4a   0x00000002   PAD
    0x08000e4c   0x08000e4c   0x00000030   Code   RO         2243    .text.BMI088_init   bmi088driver.o
    0x08000e7c   0x08000e7c   0x0000019c   Code   RO         2263    .text.BMI088_read   bmi088driver.o
    0x08001018   0x08001018   0x0000002e   Code   RO         2301    .text.BMI088_read_write_byte  bmi088middleware.o
    0x08001046   0x08001046   0x00000002   PAD
    0x08001048   0x08001048   0x0000003a   Code   RO         2257    .text.BMI088_temperature_read_over  bmi088driver.o
    0x08001082   0x08001082   0x00000002   PAD
    0x08001084   0x08001084   0x00000002   Code   RO          140    .text.BusFault_Handler  stm32f4xx_it.o
    0x08001086   0x08001086   0x00000002   PAD
    0x08001088   0x08001088   0x0000000c   Code   RO          154    .text.CAN1_RX0_IRQHandler  stm32f4xx_it.o
    0x08001094   0x08001094   0x0000000c   Code   RO          162    .text.CAN2_RX1_IRQHandler  stm32f4xx_it.o
    0x080010a0   0x080010a0   0x00000004   Code   RO         1929    .text.CDC_Control_FS  usbd_cdc_if.o
    0x080010a4   0x080010a4   0x00000004   Code   RO         1927    .text.CDC_DeInit_FS  usbd_cdc_if.o
    0x080010a8   0x080010a8   0x0000002c   Code   RO         1925    .text.CDC_Init_FS   usbd_cdc_if.o
    0x080010d4   0x080010d4   0x0000001c   Code   RO         1931    .text.CDC_Receive_FS  usbd_cdc_if.o
    0x080010f0   0x080010f0   0x00000004   Code   RO         1933    .text.CDC_TransmitCplt_FS  usbd_cdc_if.o
    0x080010f4   0x080010f4   0x00000036   Code   RO         1935    .text.CDC_Transmit_FS  usbd_cdc_if.o
    0x0800112a   0x0800112a   0x00000002   PAD
    0x0800112c   0x0800112c   0x0000049c   Code   RO         2180    .text.DMA2_Stream2_IRQHandler  imu_task.o
    0x080015c8   0x080015c8   0x0000000c   Code   RO          160    .text.DMA2_Stream3_IRQHandler  stm32f4xx_it.o
    0x080015d4   0x080015d4   0x00000002   Code   RO          144    .text.DebugMon_Handler  stm32f4xx_it.o
    0x080015d6   0x080015d6   0x00000002   PAD
    0x080015d8   0x080015d8   0x00000006   Code   RO          146    .text.EXTI0_IRQHandler  stm32f4xx_it.o
    0x080015de   0x080015de   0x00000002   PAD
    0x080015e0   0x080015e0   0x00000006   Code   RO          148    .text.EXTI1_IRQHandler  stm32f4xx_it.o
    0x080015e6   0x080015e6   0x00000002   PAD
    0x080015e8   0x080015e8   0x00000006   Code   RO          150    .text.EXTI3_IRQHandler  stm32f4xx_it.o
    0x080015ee   0x080015ee   0x00000002   PAD
    0x080015f0   0x080015f0   0x00000006   Code   RO          152    .text.EXTI4_IRQHandler  stm32f4xx_it.o
    0x080015f6   0x080015f6   0x00000002   PAD
    0x080015f8   0x080015f8   0x00000006   Code   RO          156    .text.EXTI9_5_IRQHandler  stm32f4xx_it.o
    0x080015fe   0x080015fe   0x00000002   PAD
    0x08001600   0x08001600   0x00000006   Code   RO           15    .text.Error_Handler  main.o
    0x08001606   0x08001606   0x00000002   PAD
    0x08001608   0x08001608   0x00000002   Code   RO         1163    .text.HAL_CAN_ErrorCallback  stm32f4xx_hal_can.o
    0x0800160a   0x0800160a   0x00000002   PAD
    0x0800160c   0x0800160c   0x0000025e   Code   RO         1137    .text.HAL_CAN_IRQHandler  stm32f4xx_hal_can.o
    0x0800186a   0x0800186a   0x00000002   PAD
    0x0800186c   0x0800186c   0x000000f4   Code   RO         1099    .text.HAL_CAN_Init  stm32f4xx_hal_can.o
    0x08001960   0x08001960   0x0000011e   Code   RO           61    .text.HAL_CAN_MspInit  can.o
    0x08001a7e   0x08001a7e   0x00000002   PAD
    0x08001a80   0x08001a80   0x00000002   Code   RO         1151    .text.HAL_CAN_RxFifo0FullCallback  stm32f4xx_hal_can.o
    0x08001a82   0x08001a82   0x00000002   PAD
    0x08001a84   0x08001a84   0x00000002   Code   RO         1153    .text.HAL_CAN_RxFifo0MsgPendingCallback  stm32f4xx_hal_can.o
    0x08001a86   0x08001a86   0x00000002   PAD
    0x08001a88   0x08001a88   0x00000002   Code   RO         1155    .text.HAL_CAN_RxFifo1FullCallback  stm32f4xx_hal_can.o
    0x08001a8a   0x08001a8a   0x00000002   PAD
    0x08001a8c   0x08001a8c   0x00000002   Code   RO         1157    .text.HAL_CAN_RxFifo1MsgPendingCallback  stm32f4xx_hal_can.o
    0x08001a8e   0x08001a8e   0x00000002   PAD
    0x08001a90   0x08001a90   0x00000002   Code   RO         1159    .text.HAL_CAN_SleepCallback  stm32f4xx_hal_can.o
    0x08001a92   0x08001a92   0x00000002   PAD
    0x08001a94   0x08001a94   0x00000002   Code   RO         1141    .text.HAL_CAN_TxMailbox0AbortCallback  stm32f4xx_hal_can.o
    0x08001a96   0x08001a96   0x00000002   PAD
    0x08001a98   0x08001a98   0x00000002   Code   RO         1139    .text.HAL_CAN_TxMailbox0CompleteCallback  stm32f4xx_hal_can.o
    0x08001a9a   0x08001a9a   0x00000002   PAD
    0x08001a9c   0x08001a9c   0x00000002   Code   RO         1145    .text.HAL_CAN_TxMailbox1AbortCallback  stm32f4xx_hal_can.o
    0x08001a9e   0x08001a9e   0x00000002   PAD
    0x08001aa0   0x08001aa0   0x00000002   Code   RO         1143    .text.HAL_CAN_TxMailbox1CompleteCallback  stm32f4xx_hal_can.o
    0x08001aa2   0x08001aa2   0x00000002   PAD
    0x08001aa4   0x08001aa4   0x00000002   Code   RO         1149    .text.HAL_CAN_TxMailbox2AbortCallback  stm32f4xx_hal_can.o
    0x08001aa6   0x08001aa6   0x00000002   PAD
    0x08001aa8   0x08001aa8   0x00000002   Code   RO         1147    .text.HAL_CAN_TxMailbox2CompleteCallback  stm32f4xx_hal_can.o
    0x08001aaa   0x08001aaa   0x00000002   PAD
    0x08001aac   0x08001aac   0x00000002   Code   RO         1161    .text.HAL_CAN_WakeUpFromRxMsgCallback  stm32f4xx_hal_can.o
    0x08001aae   0x08001aae   0x00000002   PAD
    0x08001ab0   0x08001ab0   0x000001c4   Code   RO          876    .text.HAL_DMA_IRQHandler  stm32f4xx_hal_dma.o
    0x08001c74   0x08001c74   0x00000162   Code   RO          862    .text.HAL_DMA_Init  stm32f4xx_hal_dma.o
    0x08001dd6   0x08001dd6   0x00000002   PAD
    0x08001dd8   0x08001dd8   0x00000028   Code   RO         1029    .text.HAL_Delay     stm32f4xx_hal.o
    0x08001e00   0x08001e00   0x000000f2   Code   RO         2176    .text.HAL_GPIO_EXTI_Callback  imu_task.o
    0x08001ef2   0x08001ef2   0x00000002   PAD
    0x08001ef4   0x08001ef4   0x00000016   Code   RO          836    .text.HAL_GPIO_EXTI_IRQHandler  stm32f4xx_hal_gpio.o
    0x08001f0a   0x08001f0a   0x00000002   PAD
    0x08001f0c   0x08001f0c   0x0000019e   Code   RO          824    .text.HAL_GPIO_Init  stm32f4xx_hal_gpio.o
    0x080020aa   0x080020aa   0x00000002   PAD
    0x080020ac   0x080020ac   0x0000000a   Code   RO          830    .text.HAL_GPIO_WritePin  stm32f4xx_hal_gpio.o
    0x080020b6   0x080020b6   0x00000002   PAD
    0x080020b8   0x080020b8   0x0000000c   Code   RO         1021    .text.HAL_GetTick   stm32f4xx_hal.o
    0x080020c4   0x080020c4   0x00000164   Code   RO         1179    .text.HAL_I2C_Init  stm32f4xx_hal_i2c.o
    0x08002228   0x08002228   0x00000258   Code   RO         1227    .text.HAL_I2C_Mem_Read  stm32f4xx_hal_i2c.o
    0x08002480   0x08002480   0x0000015c   Code   RO         1223    .text.HAL_I2C_Mem_Write  stm32f4xx_hal_i2c.o
    0x080025dc   0x080025dc   0x000000b4   Code   RO           87    .text.HAL_I2C_MspInit  i2c.o
    0x08002690   0x08002690   0x0000001a   Code   RO         1019    .text.HAL_IncTick   stm32f4xx_hal.o
    0x080026aa   0x080026aa   0x00000002   PAD
    0x080026ac   0x080026ac   0x00000036   Code   RO         1009    .text.HAL_Init      stm32f4xx_hal.o
    0x080026e2   0x080026e2   0x00000002   PAD
    0x080026e4   0x080026e4   0x000000aa   Code   RO          182    .text.HAL_InitTick  stm32f4xx_hal_timebase_tim.o
    0x0800278e   0x0800278e   0x00000002   PAD
    0x08002790   0x08002790   0x00000042   Code   RO          173    .text.HAL_MspInit   stm32f4xx_hal_msp.o
    0x080027d2   0x080027d2   0x00000002   PAD
    0x080027d4   0x080027d4   0x00000022   Code   RO          961    .text.HAL_NVIC_EnableIRQ  stm32f4xx_hal_cortex.o
    0x080027f6   0x080027f6   0x00000002   PAD
    0x080027f8   0x080027f8   0x00000056   Code   RO          959    .text.HAL_NVIC_SetPriority  stm32f4xx_hal_cortex.o
    0x0800284e   0x0800284e   0x00000002   PAD
    0x08002850   0x08002850   0x00000020   Code   RO          957    .text.HAL_NVIC_SetPriorityGrouping  stm32f4xx_hal_cortex.o
    0x08002870   0x08002870   0x00000002   Code   RO          598    .text.HAL_PCDEx_LPM_Callback  stm32f4xx_hal_pcd_ex.o
    0x08002872   0x08002872   0x00000002   PAD
    0x08002874   0x08002874   0x00000008   Code   RO          596    .text.HAL_PCDEx_SetRxFiFo  stm32f4xx_hal_pcd_ex.o
    0x0800287c   0x0800287c   0x000000ce   Code   RO          594    .text.HAL_PCDEx_SetTxFiFo  stm32f4xx_hal_pcd_ex.o
    0x0800294a   0x0800294a   0x00000002   PAD
    0x0800294c   0x0800294c   0x00000008   Code   RO         1970    .text.HAL_PCD_ConnectCallback  usbd_conf.o
    0x08002954   0x08002954   0x00000014   Code   RO         1956    .text.HAL_PCD_DataInStageCallback  usbd_conf.o
    0x08002968   0x08002968   0x00000016   Code   RO         1954    .text.HAL_PCD_DataOutStageCallback  usbd_conf.o
    0x0800297e   0x0800297e   0x00000002   PAD
    0x08002980   0x08002980   0x00000008   Code   RO         1972    .text.HAL_PCD_DisconnectCallback  usbd_conf.o
    0x08002988   0x08002988   0x00000050   Code   RO          564    .text.HAL_PCD_EP_Close  stm32f4xx_hal_pcd.o
    0x080029d8   0x080029d8   0x0000005e   Code   RO          574    .text.HAL_PCD_EP_ClrStall  stm32f4xx_hal_pcd.o
    0x08002a36   0x08002a36   0x00000002   PAD
    0x08002a38   0x08002a38   0x00000012   Code   RO          568    .text.HAL_PCD_EP_GetRxCount  stm32f4xx_hal_pcd.o
    0x08002a4a   0x08002a4a   0x00000002   PAD
    0x08002a4c   0x08002a4c   0x00000074   Code   RO          562    .text.HAL_PCD_EP_Open  stm32f4xx_hal_pcd.o
    0x08002ac0   0x08002ac0   0x00000042   Code   RO          566    .text.HAL_PCD_EP_Receive  stm32f4xx_hal_pcd.o
    0x08002b02   0x08002b02   0x00000002   PAD
    0x08002b04   0x08002b04   0x0000006e   Code   RO          572    .text.HAL_PCD_EP_SetStall  stm32f4xx_hal_pcd.o
    0x08002b72   0x08002b72   0x00000002   PAD
    0x08002b74   0x08002b74   0x0000003a   Code   RO          570    .text.HAL_PCD_EP_Transmit  stm32f4xx_hal_pcd.o
    0x08002bae   0x08002bae   0x00000002   PAD
    0x08002bb0   0x08002bb0   0x000008fe   Code   RO          528    .text.HAL_PCD_IRQHandler  stm32f4xx_hal_pcd.o
    0x080034ae   0x080034ae   0x00000002   PAD
    0x080034b0   0x080034b0   0x00000008   Code   RO         1968    .text.HAL_PCD_ISOINIncompleteCallback  usbd_conf.o
    0x080034b8   0x080034b8   0x00000008   Code   RO         1966    .text.HAL_PCD_ISOOUTIncompleteCallback  usbd_conf.o
    0x080034c0   0x080034c0   0x0000026e   Code   RO          516    .text.HAL_PCD_Init  stm32f4xx_hal_pcd.o
    0x0800372e   0x0800372e   0x00000002   PAD
    0x08003730   0x08003730   0x00000088   Code   RO         1948    .text.HAL_PCD_MspInit  usbd_conf.o
    0x080037b8   0x080037b8   0x0000002a   Code   RO         1960    .text.HAL_PCD_ResetCallback  usbd_conf.o
    0x080037e2   0x080037e2   0x00000002   PAD
    0x080037e4   0x080037e4   0x00000008   Code   RO         1964    .text.HAL_PCD_ResumeCallback  usbd_conf.o
    0x080037ec   0x080037ec   0x00000008   Code   RO         1958    .text.HAL_PCD_SOFCallback  usbd_conf.o
    0x080037f4   0x080037f4   0x00000028   Code   RO          560    .text.HAL_PCD_SetAddress  stm32f4xx_hal_pcd.o
    0x0800381c   0x0800381c   0x0000000e   Code   RO         1952    .text.HAL_PCD_SetupStageCallback  usbd_conf.o
    0x0800382a   0x0800382a   0x00000002   PAD
    0x0800382c   0x0800382c   0x0000003e   Code   RO          524    .text.HAL_PCD_Start  stm32f4xx_hal_pcd.o
    0x0800386a   0x0800386a   0x00000002   PAD
    0x0800386c   0x0800386c   0x00000034   Code   RO         1962    .text.HAL_PCD_SuspendCallback  usbd_conf.o
    0x080038a0   0x080038a0   0x00000164   Code   RO          718    .text.HAL_RCC_ClockConfig  stm32f4xx_hal_rcc.o
    0x08003a04   0x08003a04   0x0000003e   Code   RO          736    .text.HAL_RCC_GetClockConfig  stm32f4xx_hal_rcc.o
    0x08003a42   0x08003a42   0x00000002   PAD
    0x08003a44   0x08003a44   0x0000000c   Code   RO          728    .text.HAL_RCC_GetHCLKFreq  stm32f4xx_hal_rcc.o
    0x08003a50   0x08003a50   0x00000026   Code   RO          730    .text.HAL_RCC_GetPCLK1Freq  stm32f4xx_hal_rcc.o
    0x08003a76   0x08003a76   0x00000002   PAD
    0x08003a78   0x08003a78   0x00000026   Code   RO          732    .text.HAL_RCC_GetPCLK2Freq  stm32f4xx_hal_rcc.o
    0x08003a9e   0x08003a9e   0x00000002   PAD
    0x08003aa0   0x08003aa0   0x0000006e   Code   RO          720    .text.HAL_RCC_GetSysClockFreq  stm32f4xx_hal_rcc.o
    0x08003b0e   0x08003b0e   0x00000002   PAD
    0x08003b10   0x08003b10   0x000003ac   Code   RO          716    .text.HAL_RCC_OscConfig  stm32f4xx_hal_rcc.o
    0x08003ebc   0x08003ebc   0x000000b0   Code   RO         1318    .text.HAL_SPI_Init  stm32f4xx_hal_spi.o
    0x08003f6c   0x08003f6c   0x00000126   Code   RO          102    .text.HAL_SPI_MspInit  spi.o
    0x08004092   0x08004092   0x00000002   PAD
    0x08004094   0x08004094   0x00000340   Code   RO         1330    .text.HAL_SPI_TransmitReceive  stm32f4xx_hal_spi.o
    0x080043d4   0x080043d4   0x00000002   Code   RO          502    .text.HAL_TIMEx_BreakCallback  stm32f4xx_hal_tim_ex.o
    0x080043d6   0x080043d6   0x00000002   PAD
    0x080043d8   0x080043d8   0x00000002   Code   RO          498    .text.HAL_TIMEx_CommutCallback  stm32f4xx_hal_tim_ex.o
    0x080043da   0x080043da   0x00000002   PAD
    0x080043dc   0x080043dc   0x0000005a   Code   RO          197    .text.HAL_TIM_Base_Init  stm32f4xx_hal_tim.o
    0x08004436   0x08004436   0x00000002   PAD
    0x08004438   0x08004438   0x00000034   Code   RO          121    .text.HAL_TIM_Base_MspInit  tim.o
    0x0800446c   0x0800446c   0x000000aa   Code   RO          211    .text.HAL_TIM_Base_Start_IT  stm32f4xx_hal_tim.o
    0x08004516   0x08004516   0x00000002   PAD
    0x08004518   0x08004518   0x00000002   Code   RO          333    .text.HAL_TIM_IC_CaptureCallback  stm32f4xx_hal_tim.o
    0x0800451a   0x0800451a   0x00000002   PAD
    0x0800451c   0x0800451c   0x0000014e   Code   RO          331    .text.HAL_TIM_IRQHandler  stm32f4xx_hal_tim.o
    0x0800466a   0x0800466a   0x00000002   PAD
    0x0800466c   0x0800466c   0x00000002   Code   RO          335    .text.HAL_TIM_OC_DelayElapsedCallback  stm32f4xx_hal_tim.o
    0x0800466e   0x0800466e   0x00000002   PAD
    0x08004670   0x08004670   0x00000220   Code   RO          351    .text.HAL_TIM_PWM_ConfigChannel  stm32f4xx_hal_tim.o
    0x08004890   0x08004890   0x0000005a   Code   RO          251    .text.HAL_TIM_PWM_Init  stm32f4xx_hal_tim.o
    0x080048ea   0x080048ea   0x00000002   PAD
    0x080048ec   0x080048ec   0x00000002   Code   RO          253    .text.HAL_TIM_PWM_MspInit  stm32f4xx_hal_tim.o
    0x080048ee   0x080048ee   0x00000002   PAD
    0x080048f0   0x080048f0   0x00000002   Code   RO          337    .text.HAL_TIM_PWM_PulseFinishedCallback  stm32f4xx_hal_tim.o
    0x080048f2   0x080048f2   0x00000002   PAD
    0x080048f4   0x080048f4   0x0000010e   Code   RO          259    .text.HAL_TIM_PWM_Start  stm32f4xx_hal_tim.o
    0x08004a02   0x08004a02   0x00000002   PAD
    0x08004a04   0x08004a04   0x00000014   Code   RO           17    .text.HAL_TIM_PeriodElapsedCallback  main.o
    0x08004a18   0x08004a18   0x00000002   Code   RO          341    .text.HAL_TIM_TriggerCallback  stm32f4xx_hal_tim.o
    0x08004a1a   0x08004a1a   0x00000002   PAD
    0x08004a1c   0x08004a1c   0x00000002   Code   RO          136    .text.HardFault_Handler  stm32f4xx_it.o
    0x08004a1e   0x08004a1e   0x00000002   PAD
    0x08004a20   0x08004a20   0x00000112   Code   RO         1229    .text.I2C_RequestMemoryRead  stm32f4xx_hal_i2c.o
    0x08004b32   0x08004b32   0x00000002   PAD
    0x08004b34   0x08004b34   0x000000c8   Code   RO         1225    .text.I2C_RequestMemoryWrite  stm32f4xx_hal_i2c.o
    0x08004bfc   0x08004bfc   0x000000ba   Code   RO         1193    .text.I2C_WaitOnBTFFlagUntilTimeout  stm32f4xx_hal_i2c.o
    0x08004cb6   0x08004cb6   0x00000002   PAD
    0x08004cb8   0x08004cb8   0x000001ca   Code   RO         1189    .text.I2C_WaitOnFlagUntilTimeout  stm32f4xx_hal_i2c.o
    0x08004e82   0x08004e82   0x00000002   PAD
    0x08004e84   0x08004e84   0x000000d6   Code   RO         1307    .text.I2C_WaitOnMasterAddressFlagUntilTimeout  stm32f4xx_hal_i2c.o
    0x08004f5a   0x08004f5a   0x00000002   PAD
    0x08004f5c   0x08004f5c   0x00000090   Code   RO         1197    .text.I2C_WaitOnRXNEFlagUntilTimeout  stm32f4xx_hal_i2c.o
    0x08004fec   0x08004fec   0x000000ba   Code   RO         1191    .text.I2C_WaitOnTXEFlagUntilTimeout  stm32f4xx_hal_i2c.o
    0x080050a6   0x080050a6   0x00000002   PAD
    0x080050a8   0x080050a8   0x00000600   Code   RO         2160    .text.InsTask       imu_task.o
    0x080056a8   0x080056a8   0x00000036   Code   RO           57    .text.MX_CAN1_Init  can.o
    0x080056de   0x080056de   0x00000002   PAD
    0x080056e0   0x080056e0   0x00000036   Code   RO           59    .text.MX_CAN2_Init  can.o
    0x08005716   0x08005716   0x00000002   PAD
    0x08005718   0x08005718   0x00000048   Code   RO           76    .text.MX_DMA_Init   dma.o
    0x08005760   0x08005760   0x0000008c   Code   RO           39    .text.MX_FREERTOS_Init  freertos.o
    0x080057ec   0x080057ec   0x000001a0   Code   RO           28    .text.MX_GPIO_Init  gpio.o
    0x0800598c   0x0800598c   0x00000042   Code   RO           85    .text.MX_I2C3_Init  i2c.o
    0x080059ce   0x080059ce   0x00000002   PAD
    0x080059d0   0x080059d0   0x00000052   Code   RO          100    .text.MX_SPI1_Init  spi.o
    0x08005a22   0x08005a22   0x00000002   PAD
    0x08005a24   0x08005a24   0x000000c8   Code   RO          117    .text.MX_TIM10_Init  tim.o
    0x08005aec   0x08005aec   0x00000072   Code   RO         1889    .text.MX_USB_DEVICE_Init  usb_device.o
    0x08005b5e   0x08005b5e   0x00000002   PAD
    0x08005b60   0x08005b60   0x000003bc   Code   RO         2227    .text.MahonyAHRSupdate  mahonyahrs.o
    0x08005f1c   0x08005f1c   0x00000270   Code   RO         2229    .text.MahonyAHRSupdateIMU  mahonyahrs.o
    0x0800618c   0x0800618c   0x00000002   Code   RO          138    .text.MemManage_Handler  stm32f4xx_it.o
    0x0800618e   0x0800618e   0x00000002   PAD
    0x08006190   0x08006190   0x00000002   Code   RO          134    .text.NMI_Handler   stm32f4xx_it.o
    0x08006192   0x08006192   0x00000002   PAD
    0x08006194   0x08006194   0x0000000c   Code   RO          164    .text.OTG_FS_IRQHandler  stm32f4xx_it.o
    0x080061a0   0x080061a0   0x000000be   Code   RO         2217    .text.PID_Calc_Speed  pid.o
    0x0800625e   0x0800625e   0x00000002   PAD
    0x08006260   0x08006260   0x00000006   Code   RO         2205    .text.PID_init      pid.o
    0x08006266   0x08006266   0x0000000a   PAD
    0x08006270   0x08006270   0x00000064   Code   RO         1873    .text.PendSV_Handler  port.o
    0x080062d4   0x080062d4   0x00000b98   Code   RO         2364    .text.SPI1_DMA_enable  bsp_spi.o
    0x08006e6c   0x08006e6c   0x00000132   Code   RO         2362    .text.SPI1_DMA_init  bsp_spi.o
    0x08006f9e   0x08006f9e   0x00000002   PAD
    0x08006fa0   0x08006fa0   0x00000124   Code   RO         1422    .text.SPI_WaitFlagStateUntilTimeout  stm32f4xx_hal_spi.o
    0x080070c4   0x080070c4   0x0000000c   PAD
    0x080070d0   0x080070d0   0x00000024   Code   RO         1857    .text.SVC_Handler   port.o
    0x080070f4   0x080070f4   0x0000000c   Code   RO           41    .text.StartDefaultTask  freertos.o
    0x08007100   0x08007100   0x0000002e   Code   RO         1875    .text.SysTick_Handler  port.o
    0x0800712e   0x0800712e   0x00000002   PAD
    0x08007130   0x08007130   0x000000ac   Code   RO           13    .text.SystemClock_Config  main.o
    0x080071dc   0x080071dc   0x00000012   Code   RO         1432    .text.SystemInit    system_stm32f4xx.o
    0x080071ee   0x080071ee   0x00000002   PAD
    0x080071f0   0x080071f0   0x0000000c   Code   RO          158    .text.TIM8_UP_TIM13_IRQHandler  stm32f4xx_it.o
    0x080071fc   0x080071fc   0x0000013a   Code   RO          201    .text.TIM_Base_SetConfig  stm32f4xx_hal_tim.o
    0x08007336   0x08007336   0x00000002   PAD
    0x08007338   0x08007338   0x00000078   Code   RO         2127    .text.USBD_CDC_DataIn  usbd_cdc.o
    0x080073b0   0x080073b0   0x0000003c   Code   RO         2129    .text.USBD_CDC_DataOut  usbd_cdc.o
    0x080073ec   0x080073ec   0x00000060   Code   RO         2121    .text.USBD_CDC_DeInit  usbd_cdc.o
    0x0800744c   0x0800744c   0x00000038   Code   RO         2125    .text.USBD_CDC_EP0_RxReady  usbd_cdc.o
    0x08007484   0x08007484   0x00000010   Code   RO         2137    .text.USBD_CDC_GetDeviceQualifierDescriptor  usbd_cdc.o
    0x08007494   0x08007494   0x00000052   Code   RO         2133    .text.USBD_CDC_GetFSCfgDesc  usbd_cdc.o
    0x080074e6   0x080074e6   0x00000002   PAD
    0x080074e8   0x080074e8   0x00000056   Code   RO         2131    .text.USBD_CDC_GetHSCfgDesc  usbd_cdc.o
    0x0800753e   0x0800753e   0x00000002   PAD
    0x08007540   0x08007540   0x00000052   Code   RO         2135    .text.USBD_CDC_GetOtherSpeedCfgDesc  usbd_cdc.o
    0x08007592   0x08007592   0x00000002   PAD
    0x08007594   0x08007594   0x000000c8   Code   RO         2119    .text.USBD_CDC_Init  usbd_cdc.o
    0x0800765c   0x0800765c   0x00000034   Code   RO         2147    .text.USBD_CDC_ReceivePacket  usbd_cdc.o
    0x08007690   0x08007690   0x00000018   Code   RO         2139    .text.USBD_CDC_RegisterInterface  usbd_cdc.o
    0x080076a8   0x080076a8   0x0000001a   Code   RO         2143    .text.USBD_CDC_SetRxBuffer  usbd_cdc.o
    0x080076c2   0x080076c2   0x00000002   PAD
    0x080076c4   0x080076c4   0x0000001e   Code   RO         2141    .text.USBD_CDC_SetTxBuffer  usbd_cdc.o
    0x080076e2   0x080076e2   0x00000002   PAD
    0x080076e4   0x080076e4   0x000000e8   Code   RO         2123    .text.USBD_CDC_Setup  usbd_cdc.o
    0x080077cc   0x080077cc   0x00000044   Code   RO         2145    .text.USBD_CDC_TransmitPacket  usbd_cdc.o
    0x08007810   0x08007810   0x00000012   Code   RO         2034    .text.USBD_ClrClassConfig  usbd_core.o
    0x08007822   0x08007822   0x00000002   PAD
    0x08007824   0x08007824   0x00000004   Code   RO         2042    .text.USBD_CoreFindEP  usbd_core.o
    0x08007828   0x08007828   0x00000004   Code   RO         2040    .text.USBD_CoreFindIF  usbd_core.o
    0x0800782c   0x0800782c   0x00000010   Code   RO         2103    .text.USBD_CtlContinueRx  usbd_ioreq.o
    0x0800783c   0x0800783c   0x00000010   Code   RO         2099    .text.USBD_CtlContinueSendData  usbd_ioreq.o
    0x0800784c   0x0800784c   0x00000016   Code   RO         2078    .text.USBD_CtlError  usbd_ctlreq.o
    0x08007862   0x08007862   0x00000002   PAD
    0x08007864   0x08007864   0x0000001e   Code   RO         2101    .text.USBD_CtlPrepareRx  usbd_ioreq.o
    0x08007882   0x08007882   0x00000002   PAD
    0x08007884   0x08007884   0x00000016   Code   RO         2107    .text.USBD_CtlReceiveStatus  usbd_ioreq.o
    0x0800789a   0x0800789a   0x00000002   PAD
    0x0800789c   0x0800789c   0x0000001c   Code   RO         2097    .text.USBD_CtlSendData  usbd_ioreq.o
    0x080078b8   0x080078b8   0x00000016   Code   RO         2105    .text.USBD_CtlSendStatus  usbd_ioreq.o
    0x080078ce   0x080078ce   0x00000002   PAD
    0x080078d0   0x080078d0   0x00000024   Code   RO         1908    .text.USBD_FS_ConfigStrDescriptor  usbd_desc.o
    0x080078f4   0x080078f4   0x0000000e   Code   RO         1898    .text.USBD_FS_DeviceDescriptor  usbd_desc.o
    0x08007902   0x08007902   0x00000002   PAD
    0x08007904   0x08007904   0x00000028   Code   RO         1910    .text.USBD_FS_InterfaceStrDescriptor  usbd_desc.o
    0x0800792c   0x0800792c   0x0000000e   Code   RO         1900    .text.USBD_FS_LangIDStrDescriptor  usbd_desc.o
    0x0800793a   0x0800793a   0x00000002   PAD
    0x0800793c   0x0800793c   0x0000002c   Code   RO         1902    .text.USBD_FS_ManufacturerStrDescriptor  usbd_desc.o
    0x08007968   0x08007968   0x00000030   Code   RO         1904    .text.USBD_FS_ProductStrDescriptor  usbd_desc.o
    0x08007998   0x08007998   0x00000170   Code   RO         1906    .text.USBD_FS_SerialStrDescriptor  usbd_desc.o
    0x08007b08   0x08007b08   0x00000084   Code   RO         2064    .text.USBD_GetEpDesc  usbd_core.o
    0x08007b8c   0x08007b8c   0x000000fe   Code   RO         2086    .text.USBD_GetString  usbd_ctlreq.o
    0x08007c8a   0x08007c8a   0x00000002   PAD
    0x08007c8c   0x08007c8c   0x0000002a   Code   RO         2020    .text.USBD_Init     usbd_core.o
    0x08007cb6   0x08007cb6   0x00000002   PAD
    0x08007cb8   0x08007cb8   0x00000022   Code   RO         1992    .text.USBD_LL_ClearStallEP  usbd_conf.o
    0x08007cda   0x08007cda   0x00000002   PAD
    0x08007cdc   0x08007cdc   0x00000022   Code   RO         1986    .text.USBD_LL_CloseEP  usbd_conf.o
    0x08007cfe   0x08007cfe   0x00000002   PAD
    0x08007d00   0x08007d00   0x000000ba   Code   RO         2044    .text.USBD_LL_DataInStage  usbd_core.o
    0x08007dba   0x08007dba   0x00000002   PAD
    0x08007dbc   0x08007dbc   0x0000007c   Code   RO         2038    .text.USBD_LL_DataOutStage  usbd_core.o
    0x08007e38   0x08007e38   0x00000004   Code   RO         2060    .text.USBD_LL_DevConnected  usbd_core.o
    0x08007e3c   0x08007e3c   0x00000022   Code   RO         2062    .text.USBD_LL_DevDisconnected  usbd_core.o
    0x08007e5e   0x08007e5e   0x00000002   PAD
    0x08007e60   0x08007e60   0x00000008   Code   RO         2002    .text.USBD_LL_GetRxDataSize  usbd_conf.o
    0x08007e68   0x08007e68   0x0000006e   Code   RO         1974    .text.USBD_LL_Init  usbd_conf.o
    0x08007ed6   0x08007ed6   0x00000002   PAD
    0x08007ed8   0x08007ed8   0x0000002a   Code   RO         1994    .text.USBD_LL_IsStallEP  usbd_conf.o
    0x08007f02   0x08007f02   0x00000002   PAD
    0x08007f04   0x08007f04   0x0000002c   Code   RO         2056    .text.USBD_LL_IsoINIncomplete  usbd_core.o
    0x08007f30   0x08007f30   0x0000002c   Code   RO         2058    .text.USBD_LL_IsoOUTIncomplete  usbd_core.o
    0x08007f5c   0x08007f5c   0x00000028   Code   RO         1984    .text.USBD_LL_OpenEP  usbd_conf.o
    0x08007f84   0x08007f84   0x00000022   Code   RO         2000    .text.USBD_LL_PrepareReceive  usbd_conf.o
    0x08007fa6   0x08007fa6   0x00000002   PAD
    0x08007fa8   0x08007fa8   0x00000062   Code   RO         2046    .text.USBD_LL_Reset  usbd_core.o
    0x0800800a   0x0800800a   0x00000002   PAD
    0x0800800c   0x0800800c   0x00000014   Code   RO         2052    .text.USBD_LL_Resume  usbd_core.o
    0x08008020   0x08008020   0x0000001e   Code   RO         2054    .text.USBD_LL_SOF   usbd_core.o
    0x0800803e   0x0800803e   0x00000002   PAD
    0x08008040   0x08008040   0x00000008   Code   RO         2048    .text.USBD_LL_SetSpeed  usbd_core.o
    0x08008048   0x08008048   0x00000022   Code   RO         1996    .text.USBD_LL_SetUSBAddress  usbd_conf.o
    0x0800806a   0x0800806a   0x00000002   PAD
    0x0800806c   0x0800806c   0x00000062   Code   RO         2036    .text.USBD_LL_SetupStage  usbd_core.o
    0x080080ce   0x080080ce   0x00000002   PAD
    0x080080d0   0x080080d0   0x00000022   Code   RO         1990    .text.USBD_LL_StallEP  usbd_conf.o
    0x080080f2   0x080080f2   0x00000002   PAD
    0x080080f4   0x080080f4   0x00000022   Code   RO         1980    .text.USBD_LL_Start  usbd_conf.o
    0x08008116   0x08008116   0x00000002   PAD
    0x08008118   0x08008118   0x0000001c   Code   RO         2050    .text.USBD_LL_Suspend  usbd_core.o
    0x08008134   0x08008134   0x00000022   Code   RO         1998    .text.USBD_LL_Transmit  usbd_conf.o
    0x08008156   0x08008156   0x00000002   PAD
    0x08008158   0x08008158   0x00000016   Code   RO         2084    .text.USBD_ParseSetupRequest  usbd_ctlreq.o
    0x0800816e   0x0800816e   0x00000002   PAD
    0x08008170   0x08008170   0x00000042   Code   RO         2024    .text.USBD_RegisterClass  usbd_core.o
    0x080081b2   0x080081b2   0x00000002   PAD
    0x080081b4   0x080081b4   0x00000010   Code   RO         2032    .text.USBD_SetClassConfig  usbd_core.o
    0x080081c4   0x080081c4   0x00000004   Code   RO         2026    .text.USBD_Start    usbd_core.o
    0x080081c8   0x080081c8   0x00000378   Code   RO         2076    .text.USBD_StdDevReq  usbd_ctlreq.o
    0x08008540   0x08008540   0x0000015c   Code   RO         2082    .text.USBD_StdEPReq  usbd_ctlreq.o
    0x0800869c   0x0800869c   0x00000070   Code   RO         2080    .text.USBD_StdItfReq  usbd_ctlreq.o
    0x0800870c   0x0800870c   0x00000002   Code   RO         2006    .text.USBD_static_free  usbd_conf.o
    0x0800870e   0x0800870e   0x00000002   PAD
    0x08008710   0x08008710   0x0000000a   Code   RO         2004    .text.USBD_static_malloc  usbd_conf.o
    0x0800871a   0x0800871a   0x00000002   PAD
    0x0800871c   0x0800871c   0x00000082   Code   RO          632    .text.USB_ActivateEndpoint  stm32f4xx_ll_usb.o
    0x0800879e   0x0800879e   0x00000002   PAD
    0x080087a0   0x080087a0   0x00000020   Code   RO          674    .text.USB_ActivateSetup  stm32f4xx_ll_usb.o
    0x080087c0   0x080087c0   0x00000276   Code   RO          610    .text.USB_CoreInit  stm32f4xx_ll_usb.o
    0x08008a36   0x08008a36   0x00000002   PAD
    0x08008a38   0x08008a38   0x00000082   Code   RO          636    .text.USB_DeactivateEndpoint  stm32f4xx_ll_usb.o
    0x08008aba   0x08008aba   0x00000002   PAD
    0x08008abc   0x08008abc   0x0000001e   Code   RO          656    .text.USB_DevConnect  stm32f4xx_ll_usb.o
    0x08008ada   0x08008ada   0x00000002   PAD
    0x08008adc   0x08008adc   0x0000001e   Code   RO          658    .text.USB_DevDisconnect  stm32f4xx_ll_usb.o
    0x08008afa   0x08008afa   0x00000002   PAD
    0x08008afc   0x08008afc   0x000004b6   Code   RO          622    .text.USB_DevInit   stm32f4xx_ll_usb.o
    0x08008fb2   0x08008fb2   0x00000002   PAD
    0x08008fb4   0x08008fb4   0x0000000e   Code   RO          616    .text.USB_DisableGlobalInt  stm32f4xx_ll_usb.o
    0x08008fc2   0x08008fc2   0x00000002   PAD
    0x08008fc4   0x08008fc4   0x0000005a   Code   RO          676    .text.USB_EP0_OutStart  stm32f4xx_ll_usb.o
    0x0800901e   0x0800901e   0x00000002   PAD
    0x08009020   0x08009020   0x00000052   Code   RO          650    .text.USB_EPClearStall  stm32f4xx_ll_usb.o
    0x08009072   0x08009072   0x00000002   PAD
    0x08009074   0x08009074   0x0000003e   Code   RO          648    .text.USB_EPSetStall  stm32f4xx_ll_usb.o
    0x080090b2   0x080090b2   0x00000002   PAD
    0x080090b4   0x080090b4   0x0000023a   Code   RO          640    .text.USB_EPStartXfer  stm32f4xx_ll_usb.o
    0x080092ee   0x080092ee   0x00000002   PAD
    0x080092f0   0x080092f0   0x0000010e   Code   RO          644    .text.USB_EPStopXfer  stm32f4xx_ll_usb.o
    0x080093fe   0x080093fe   0x00000002   PAD
    0x08009400   0x08009400   0x0000000e   Code   RO          614    .text.USB_EnableGlobalInt  stm32f4xx_ll_usb.o
    0x0800940e   0x0800940e   0x00000002   PAD
    0x08009410   0x08009410   0x000000be   Code   RO          626    .text.USB_FlushTxFifo  stm32f4xx_ll_usb.o
    0x080094ce   0x080094ce   0x00000002   PAD
    0x080094d0   0x080094d0   0x0000001a   Code   RO          630    .text.USB_GetDevSpeed  stm32f4xx_ll_usb.o
    0x080094ea   0x080094ea   0x00000002   PAD
    0x080094ec   0x080094ec   0x00000008   Code   RO          620    .text.USB_GetMode   stm32f4xx_ll_usb.o
    0x080094f4   0x080094f4   0x0000000e   Code   RO          666    .text.USB_ReadDevAllInEpInterrupt  stm32f4xx_ll_usb.o
    0x08009502   0x08009502   0x00000002   PAD
    0x08009504   0x08009504   0x0000000e   Code   RO          664    .text.USB_ReadDevAllOutEpInterrupt  stm32f4xx_ll_usb.o
    0x08009512   0x08009512   0x00000002   PAD
    0x08009514   0x08009514   0x00000024   Code   RO          670    .text.USB_ReadDevInEPInterrupt  stm32f4xx_ll_usb.o
    0x08009538   0x08009538   0x00000010   Code   RO          668    .text.USB_ReadDevOutEPInterrupt  stm32f4xx_ll_usb.o
    0x08009548   0x08009548   0x00000008   Code   RO          660    .text.USB_ReadInterrupts  stm32f4xx_ll_usb.o
    0x08009550   0x08009550   0x000000aa   Code   RO          646    .text.USB_ReadPacket  stm32f4xx_ll_usb.o
    0x080095fa   0x080095fa   0x00000002   PAD
    0x080095fc   0x080095fc   0x00000368   Code   RO          618    .text.USB_SetCurrentMode  stm32f4xx_ll_usb.o
    0x08009964   0x08009964   0x00000022   Code   RO          654    .text.USB_SetDevAddress  stm32f4xx_ll_usb.o
    0x08009986   0x08009986   0x00000002   PAD
    0x08009988   0x08009988   0x00000118   Code   RO          612    .text.USB_SetTurnaroundTime  stm32f4xx_ll_usb.o
    0x08009aa0   0x08009aa0   0x0000006a   Code   RO          642    .text.USB_WritePacket  stm32f4xx_ll_usb.o
    0x08009b0a   0x08009b0a   0x00000002   PAD
    0x08009b0c   0x08009b0c   0x00000002   Code   RO          142    .text.UsageFault_Handler  stm32f4xx_it.o
    0x08009b0e   0x08009b0e   0x00000002   PAD
    0x08009b10   0x08009b10   0x00000298   Code   RO         2247    .text.bmi088_accel_init  bmi088driver.o
    0x08009da8   0x08009da8   0x00000450   Code   RO         2245    .text.bmi088_accel_self_test  bmi088driver.o
    0x0800a1f8   0x0800a1f8   0x0000020e   Code   RO         2251    .text.bmi088_gyro_init  bmi088driver.o
    0x0800a406   0x0800a406   0x00000002   PAD
    0x0800a408   0x0800a408   0x000001f8   Code   RO         2249    .text.bmi088_gyro_self_test  bmi088driver.o
    0x0800a600   0x0800a600   0x000001c2   Code   RO         2162    .text.imu_cali_slove  imu_task.o
    0x0800a7c2   0x0800a7c2   0x00000002   PAD
    0x0800a7c4   0x0800a7c4   0x00000146   Code   RO         2178    .text.imu_cmd_spi_dma  imu_task.o
    0x0800a90a   0x0800a90a   0x00000002   PAD
    0x0800a90c   0x0800a90c   0x0000000e   Code   RO         2354    .text.imu_pwm_set   bsp_imu_pwm.o
    0x0800a91a   0x0800a91a   0x00000002   PAD
    0x0800a91c   0x0800a91c   0x00000002   Code   RO         2326    .text.ist8310_GPIO_init  ist8310driver_middleware.o
    0x0800a91e   0x0800a91e   0x00000002   PAD
    0x0800a920   0x0800a920   0x00000028   Code   RO         2334    .text.ist8310_IIC_read_muli_reg  ist8310driver_middleware.o
    0x0800a948   0x0800a948   0x00000030   Code   RO         2330    .text.ist8310_IIC_read_single_reg  ist8310driver_middleware.o
    0x0800a978   0x0800a978   0x00000030   Code   RO         2332    .text.ist8310_IIC_write_single_reg  ist8310driver_middleware.o
    0x0800a9a8   0x0800a9a8   0x00000010   Code   RO         2342    .text.ist8310_RST_H  ist8310driver_middleware.o
    0x0800a9b8   0x0800a9b8   0x00000010   Code   RO         2344    .text.ist8310_RST_L  ist8310driver_middleware.o
    0x0800a9c8   0x0800a9c8   0x00000002   Code   RO         2328    .text.ist8310_com_init  ist8310driver_middleware.o
    0x0800a9ca   0x0800a9ca   0x00000002   PAD
    0x0800a9cc   0x0800a9cc   0x00000004   Code   RO         2338    .text.ist8310_delay_ms  ist8310driver_middleware.o
    0x0800a9d0   0x0800a9d0   0x000000d2   Code   RO         2311    .text.ist8310_init  ist8310driver.o
    0x0800aaa2   0x0800aaa2   0x00000002   PAD
    0x0800aaa4   0x0800aaa4   0x0000005c   Code   RO         2315    .text.ist8310_read_mag  ist8310driver.o
    0x0800ab00   0x0800ab00   0x0000003e   Code   RO           11    .text.main          main.o
    0x0800ab3e   0x0800ab3e   0x00000002   PAD
    0x0800ab40   0x0800ab40   0x00000010   Code   RO         1731    .text.osDelay       cmsis_os.o
    0x0800ab50   0x0800ab50   0x0000000a   Code   RO         1713    .text.osKernelStart  cmsis_os.o
    0x0800ab5a   0x0800ab5a   0x00000002   PAD
    0x0800ab5c   0x0800ab5c   0x0000005c   Code   RO         1719    .text.osThreadCreate  cmsis_os.o
    0x0800abb8   0x0800abb8   0x00000026   Code   RO         1645    .text.pcTaskGetName  tasks.o
    0x0800abde   0x0800abde   0x00000002   PAD
    0x0800abe0   0x0800abe0   0x00000086   Code   RO         1609    .text.prvAddCurrentTaskToDelayedList  tasks.o
    0x0800ac66   0x0800ac66   0x00000002   PAD
    0x0800ac68   0x0800ac68   0x000000fc   Code   RO         1599    .text.prvAddNewTaskToReadyList  tasks.o
    0x0800ad64   0x0800ad64   0x00000086   Code   RO         1633    .text.prvIdleTask   tasks.o
    0x0800adea   0x0800adea   0x00000002   PAD
    0x0800adec   0x0800adec   0x00000108   Code   RO         1597    .text.prvInitialiseNewTask  tasks.o
    0x0800aef4   0x0800aef4   0x00000028   Code   RO         1865    .text.prvPortStartFirstTask  port.o
    0x0800af1c   0x0800af1c   0x0000003e   Code   RO         1855    .text.prvTaskExitError  port.o
    0x0800af5a   0x0800af5a   0x00000002   PAD
    0x0800af5c   0x0800af5c   0x000001e8   Code   RO         1831    .text.pvPortMalloc  heap_4.o
    0x0800b144   0x0800b144   0x00000024   Code   RO         1853    .text.pxPortInitialiseStack  port.o
    0x0800b168   0x0800b168   0x00000068   Code   RO         1687    .text.ulTaskNotifyTake  tasks.o
    0x0800b1d0   0x0800b1d0   0x00000022   Code   RO         1484    .text.uxListRemove  list.o
    0x0800b1f2   0x0800b1f2   0x00000002   PAD
    0x0800b1f4   0x0800b1f4   0x0000001a   Code   RO           37    .text.vApplicationGetIdleTaskMemory  freertos.o
    0x0800b20e   0x0800b20e   0x00000002   PAD
    0x0800b210   0x0800b210   0x00000016   Code   RO         1476    .text.vListInitialise  list.o
    0x0800b226   0x0800b226   0x00000002   PAD
    0x0800b228   0x0800b228   0x00000006   Code   RO         1478    .text.vListInitialiseItem  list.o
    0x0800b22e   0x0800b22e   0x00000002   PAD
    0x0800b230   0x0800b230   0x00000062   Code   RO         1482    .text.vListInsert   list.o
    0x0800b292   0x0800b292   0x00000002   PAD
    0x0800b294   0x0800b294   0x0000001a   Code   RO         1480    .text.vListInsertEnd  list.o
    0x0800b2ae   0x0800b2ae   0x00000002   PAD
    0x0800b2b0   0x0800b2b0   0x00000014   Code   RO         1863    .text.vPortEnableVFP  port.o
    0x0800b2c4   0x0800b2c4   0x00000046   Code   RO         1869    .text.vPortEnterCritical  port.o
    0x0800b30a   0x0800b30a   0x00000002   PAD
    0x0800b30c   0x0800b30c   0x0000002e   Code   RO         1871    .text.vPortExitCritical  port.o
    0x0800b33a   0x0800b33a   0x00000002   PAD
    0x0800b33c   0x0800b33c   0x000000de   Code   RO         1833    .text.vPortFree     heap_4.o
    0x0800b41a   0x0800b41a   0x00000002   PAD
    0x0800b41c   0x0800b41c   0x00000034   Code   RO         1861    .text.vPortSetupTimerInterrupt  port.o
    0x0800b450   0x0800b450   0x0000005e   Code   RO         1877    .text.vPortValidateInterruptPriority  port.o
    0x0800b4ae   0x0800b4ae   0x00000002   PAD
    0x0800b4b0   0x0800b4b0   0x000000a6   Code   RO         1613    .text.vTaskDelay    tasks.o
    0x0800b556   0x0800b556   0x00000002   PAD
    0x0800b558   0x0800b558   0x000000e8   Code   RO         1605    .text.vTaskDelayUntil  tasks.o
    0x0800b640   0x0800b640   0x000000c6   Code   RO         1695    .text.vTaskNotifyGiveFromISR  tasks.o
    0x0800b706   0x0800b706   0x00000002   PAD
    0x0800b708   0x0800b708   0x000000cc   Code   RO         1631    .text.vTaskStartScheduler  tasks.o
    0x0800b7d4   0x0800b7d4   0x00000010   Code   RO         1607    .text.vTaskSuspendAll  tasks.o
    0x0800b7e4   0x0800b7e4   0x0000006e   Code   RO         1625    .text.vTaskSwitchContext  tasks.o
    0x0800b852   0x0800b852   0x00000002   PAD
    0x0800b854   0x0800b854   0x00000188   Code   RO         1859    .text.xPortStartScheduler  port.o
    0x0800b9dc   0x0800b9dc   0x00000060   Code   RO         1601    .text.xTaskCreate   tasks.o
    0x0800ba3c   0x0800ba3c   0x00000076   Code   RO         1595    .text.xTaskCreateStatic  tasks.o
    0x0800bab2   0x0800bab2   0x00000002   PAD
    0x0800bab4   0x0800bab4   0x00000f1a   Code   RO         1647    .text.xTaskGetHandle  tasks.o
    0x0800c9ce   0x0800c9ce   0x00000002   PAD
    0x0800c9d0   0x0800c9d0   0x0000001e   Code   RO         1675    .text.xTaskGetSchedulerState  tasks.o
    0x0800c9ee   0x0800c9ee   0x00000002   PAD
    0x0800c9f0   0x0800c9f0   0x0000000c   Code   RO         1639    .text.xTaskGetTickCount  tasks.o
    0x0800c9fc   0x0800c9fc   0x00000106   Code   RO         1637    .text.xTaskIncrementTick  tasks.o
    0x0800cb02   0x0800cb02   0x00000002   PAD
    0x0800cb04   0x0800cb04   0x000000ea   Code   RO         1611    .text.xTaskResumeAll  tasks.o
    0x0800cbee   0x0800cbee   0x0000003e   Code   RO         2518    CL$$btod_d2e        c_w.l(btod.o)
    0x0800cc2c   0x0800cc2c   0x00000046   Code   RO         2520    CL$$btod_d2e_denorm_low  c_w.l(btod.o)
    0x0800cc72   0x0800cc72   0x00000060   Code   RO         2519    CL$$btod_d2e_norm_op1  c_w.l(btod.o)
    0x0800ccd2   0x0800ccd2   0x00000002   PAD
    0x0800ccd4   0x0800ccd4   0x00000338   Code   RO         2528    CL$$btod_div_common  c_w.l(btod.o)
    0x0800d00c   0x0800d00c   0x000000dc   Code   RO         2525    CL$$btod_e2e        c_w.l(btod.o)
    0x0800d0e8   0x0800d0e8   0x0000002a   Code   RO         2522    CL$$btod_ediv       c_w.l(btod.o)
    0x0800d112   0x0800d112   0x0000002a   Code   RO         2521    CL$$btod_emul       c_w.l(btod.o)
    0x0800d13c   0x0800d13c   0x00000244   Code   RO         2527    CL$$btod_mult_common  c_w.l(btod.o)
    0x0800d380   0x0800d380   0x00000030   Code   RO         2547    i.__ARM_fpclassify  m_wm.l(fpclassify.o)
    0x0800d3b0   0x0800d3b0   0x00000026   Code   RO         2460    i.__ARM_fpclassifyf  m_wm.l(fpclassifyf.o)
    0x0800d3d6   0x0800d3d6   0x00000002   PAD
    0x0800d3d8   0x0800d3d8   0x0000012c   Code   RO         2423    i.__hardfp_asinf    m_wm.l(asinf.o)
    0x0800d504   0x0800d504   0x000002ac   Code   RO         2429    i.__hardfp_atan2f   m_wm.l(atan2f.o)
    0x0800d7b0   0x0800d7b0   0x00000006   Code   RO         2463    i.__mathlib_flt_infnan  m_wm.l(funder.o)
    0x0800d7b6   0x0800d7b6   0x00000006   Code   RO         2464    i.__mathlib_flt_infnan2  m_wm.l(funder.o)
    0x0800d7bc   0x0800d7bc   0x00000010   Code   RO         2465    i.__mathlib_flt_invalid  m_wm.l(funder.o)
    0x0800d7cc   0x0800d7cc   0x00000010   Code   RO         2468    i.__mathlib_flt_underflow  m_wm.l(funder.o)
    0x0800d7dc   0x0800d7dc   0x0000000e   Code   RO         2393    i._is_digit         c_w.l(__printf_wp.o)
    0x0800d7ea   0x0800d7ea   0x0000003e   Code   RO         2478    i.sqrtf             m_wm.l(sqrtf.o)
    0x0800d828   0x0800d828   0x0000002c   Code   RO         2543    locale$$code        c_w.l(lc_numeric_c.o)
    0x0800d854   0x0800d854   0x0000000c   Code   RO         2455    x$fpl$dretinf       fz_wm.l(dretinf.o)
    0x0800d860   0x0800d860   0x00000056   Code   RO         2419    x$fpl$f2d           fz_wm.l(f2d.o)
    0x0800d8b6   0x0800d8b6   0x0000008c   Code   RO         2457    x$fpl$fnaninf       fz_wm.l(fnaninf.o)
    0x0800d942   0x0800d942   0x0000001a   Code   RO         2629    x$fpl$fpinit        fz_wm.l(fpinit.o)
    0x0800d95c   0x0800d95c   0x00000004   Code   RO         2421    x$fpl$printf1       fz_wm.l(printf1.o)
    0x0800d960   0x0800d960   0x00000000   Code   RO         2459    x$fpl$usenofp       fz_wm.l(usenofp.o)
    0x0800d960   0x0800d960   0x00000094   Data   RO         2516    .constdata          c_w.l(bigflt0.o)
    0x0800d9f4   0x0800d9f4   0x00000010   Data   RO         1437    .rodata.AHBPrescTable  system_stm32f4xx.o
    0x0800da04   0x0800da04   0x00000008   Data   RO         1438    .rodata.APBPrescTable  system_stm32f4xx.o
    0x0800da0c   0x0800da0c   0x00000012   Data   RO         2275    .rodata.bmi088_accel_self_test.write_BMI088_ACCEL_self_test_Reg_Data_Error  bmi088driver.o
    0x0800da1e   0x0800da1e   0x00000008   Data   RO          886    .rodata.cst8        stm32f4xx_hal_dma.o
    0x0800da26   0x0800da26   0x0000000c   Data   RO         2317    .rodata.ist8310_write_reg_data_error  ist8310driver.o
    0x0800da32   0x0800da32   0x00000010   Data   RO           47    .rodata.str1.1      freertos.o
    0x0800da42   0x0800da42   0x00000012   Data   RO         2273    .rodata.write_BMI088_accel_reg_data_error  bmi088driver.o
    0x0800da54   0x0800da54   0x00000012   Data   RO         2274    .rodata.write_BMI088_gyro_reg_data_error  bmi088driver.o
    0x0800da66   0x0800da66   0x00000002   PAD
    0x0800da68   0x0800da68   0x00000020   Data   RO         2705    Region$$Table       anon$$obj.o
    0x0800da88   0x0800da88   0x0000001c   Data   RO         2542    locale$$data        c_w.l(lc_numeric_c.o)


    Execution Region RW_IRAM1 (Exec base: 0x20000000, Load base: 0x0800daa8, Size: 0x00006778, Max: 0x0001c000, ABSOLUTE, COMPRESSED[0x000000e0])

    Exec Addr    Load Addr    Size         Type   Attr      Idx    E Section Name        Object

    0x20000000   COMPRESSED   0x00000008   Data   RW         1064    .data..L_MergedGlobals  stm32f4xx_hal.o
    0x20000008   COMPRESSED   0x00000060   Data   RW         2193    .data..L_MergedGlobals  imu_task.o
    0x20000068   COMPRESSED   0x00000008   Data   RW         2276    .data..L_MergedGlobals  bmi088driver.o
    0x20000070   COMPRESSED   0x0000001c   Data   RW         1912    .data.FS_Desc       usbd_desc.o
    0x2000008c   COMPRESSED   0x00000004   Data   RW         1436    .data.SystemCoreClock  system_stm32f4xx.o
    0x20000090   COMPRESSED   0x00000038   Data   RW         2149    .data.USBD_CDC      usbd_cdc.o
    0x200000c8   COMPRESSED   0x00000043   Data   RW         2151    .data.USBD_CDC_CfgDesc  usbd_cdc.o
    0x2000010b   COMPRESSED   0x00000001   PAD
    0x2000010c   COMPRESSED   0x0000000a   Data   RW         2150    .data.USBD_CDC_DeviceQualifierDesc  usbd_cdc.o
    0x20000116   COMPRESSED   0x00000002   PAD
    0x20000118   COMPRESSED   0x00000012   Data   RW         1913    .data.USBD_FS_DeviceDesc  usbd_desc.o
    0x2000012a   COMPRESSED   0x00000002   PAD
    0x2000012c   COMPRESSED   0x00000014   Data   RW         1937    .data.USBD_Interface_fops_FS  usbd_cdc_if.o
    0x20000140   COMPRESSED   0x00000004   Data   RW         1914    .data.USBD_LangIDDesc  usbd_desc.o
    0x20000144   COMPRESSED   0x0000001a   Data   RW         1915    .data.USBD_StringSerial  usbd_desc.o
    0x2000015e   COMPRESSED   0x00000002   PAD
    0x20000160   COMPRESSED   0x00000024   Data   RW         2184    .data.mag_scale_factor  imu_task.o
    0x20000184   COMPRESSED   0x00000004   Data   RW         2233    .data.twoKp         mahonyahrs.o
    0x20000188   COMPRESSED   0x00000004   Data   RW         1879    .data.uxCriticalNesting  port.o
    0x2000018c   COMPRESSED   0x00000004   PAD
    0x20000190        -       0x00000060   Zero   RW         2550    .bss                c_w.l(libspace.o)
    0x200001f0        -       0x00000008   Zero   RW           48    .bss..L_MergedGlobals  freertos.o
    0x200001f8        -       0x00000078   Zero   RW         1702    .bss..L_MergedGlobals  tasks.o
    0x20000270        -       0x00000020   Zero   RW         1844    .bss..L_MergedGlobals  heap_4.o
    0x20000290        -       0x00000008   Zero   RW         1880    .bss..L_MergedGlobals  port.o
    0x20000298        -       0x00000010   Zero   RW         2234    .bss..L_MergedGlobals  mahonyahrs.o
    0x200002a8        -       0x00000028   Zero   RW         1703    .bss..L_MergedGlobals.2  tasks.o
    0x200002d0        -       0x00000078   Zero   RW         2194    .bss..L_MergedGlobals.2  imu_task.o
    0x20000348        -       0x0000005c   Zero   RW         2195    .bss..L_MergedGlobals.3  imu_task.o
    0x200003a4        -       0x0000007c   Zero   RW         2196    .bss..L_MergedGlobals.4  imu_task.o
    0x20000420        -       0x00000004   Zero   RW           67    .bss.HAL_RCC_CAN1_CLK_ENABLED  can.o
    0x20000424        -       0x00000040   Zero   RW         2187    .bss.InsTask.vofa_buf  imu_task.o
    0x20000464        -       0x00000001   Zero   RW         2088    .bss.USBD_SetConfig.cfgidx  usbd_ctlreq.o
    0x20000465   COMPRESSED   0x00000003   PAD
    0x20000468        -       0x00000200   Zero   RW         1916    .bss.USBD_StrDesc   usbd_desc.o
    0x20000668        -       0x00000220   Zero   RW         2011    .bss.USBD_static_malloc.mem  usbd_conf.o
    0x20000888        -       0x00000800   Zero   RW         1938    .bss.UserRxBufferFS  usbd_cdc_if.o
    0x20001088        -       0x00000800   Zero   RW         1939    .bss.UserTxBufferFS  usbd_cdc_if.o
    0x20001888        -       0x000002dc   Zero   RW         1891    .bss.hUsbDeviceFS   usb_device.o
    0x20001b64        -       0x00000028   Zero   RW           65    .bss.hcan1          can.o
    0x20001b8c        -       0x00000028   Zero   RW           66    .bss.hcan2          can.o
    0x20001bb4        -       0x00000060   Zero   RW          107    .bss.hdma_spi1_rx   spi.o
    0x20001c14        -       0x00000060   Zero   RW          108    .bss.hdma_spi1_tx   spi.o
    0x20001c74        -       0x00000054   Zero   RW           91    .bss.hi2c3          i2c.o
    0x20001cc8        -       0x000004e4   Zero   RW         2010    .bss.hpcd_USB_OTG_FS  usbd_conf.o
    0x200021ac        -       0x00000058   Zero   RW          106    .bss.hspi1          spi.o
    0x20002204        -       0x00000048   Zero   RW          125    .bss.htim10         tim.o
    0x2000224c        -       0x00000048   Zero   RW          188    .bss.htim8          stm32f4xx_hal_timebase_tim.o
    0x20002294        -       0x0000008c   Zero   RW         1701    .bss.pxReadyTasksLists  tasks.o
    0x20002320        -       0x00003c00   Zero   RW         1843    .bss.ucHeap         heap_4.o
    0x20005f20        -       0x00000004   Zero   RW         1063    .bss.uwTick         stm32f4xx_hal.o
    0x20005f24        -       0x00000200   Zero   RW           46    .bss.xIdleStack     freertos.o
    0x20006124        -       0x00000054   Zero   RW           45    .bss.xIdleTaskTCBBuffer  freertos.o
    0x20006178        -       0x00000200   Zero   RW            2    HEAP                startup_stm32f407xx.o
    0x20006378        -       0x00000400   Zero   RW            1    STACK               startup_stm32f407xx.o


    Execution Region RW_IRAM2 (Exec base: 0x2001c000, Load base: 0x0800db88, Size: 0x00000000, Max: 0x00004000, ABSOLUTE)

    **** No section assigned to this execution region ****


==============================================================================

Image component sizes


      Code (inc. data)   RO Data    RW Data    ZI Data      Debug   Object Name

      3510          4         54          8          0      12601   bmi088driver.o
       120          0          0          0          0       3198   bmi088middleware.o
        14          0          0          0          0        514   bsp_imu_pwm.o
      3274          0          0          0          0       3577   bsp_spi.o
       394          0          0          0         84       6853   can.o
       118          0          0          0          0      25613   cmsis_os.o
        72          0          0          0          0       3444   dma.o
       178         56         16          0        604       3366   freertos.o
       416          0          0          0          0       4156   gpio.o
       710          0          0          0      15392       5848   heap_4.o
       246          0          0          0         84       5273   i2c.o
      3734        106          0        132        400      12916   imu_task.o
       302          4         12          0          0       1995   ist8310driver.o
       176          0          0          0          0       4035   ist8310driver_middleware.o
       186          0          0          0          0       2325   list.o
      1580         16          0          4         16       5716   mahonyahrs.o
       260          0          0          0          0       6339   main.o
       196          0          0          0          0       3027   pid.o
       994         16          0          4          8       4350   port.o
       376          0          0          0        280       5280   spi.o
        64         26        392          0       1536        820   startup_stm32f407xx.o
       132          0          0          8          4       7285   stm32f4xx_hal.o
       876          6          0          0          0      14034   stm32f4xx_hal_can.o
       152          0          0          0          0      10703   stm32f4xx_hal_cortex.o
       806          6          8          0          0      10551   stm32f4xx_hal_dma.o
       446          0          0          0          0       5413   stm32f4xx_hal_gpio.o
      2966          0          0          0          0      44574   stm32f4xx_hal_i2c.o
        66          0          0          0          0       3508   stm32f4xx_hal_msp.o
      3568          0          0          0          0      17403   stm32f4xx_hal_pcd.o
       216          0          0          0          0       4730   stm32f4xx_hal_pcd_ex.o
      1556          4          0          0          0       7555   stm32f4xx_hal_rcc.o
      1300          0          0          0          0      26208   stm32f4xx_hal_spi.o
      1822          6          0          0          0      58464   stm32f4xx_hal_tim.o
         4          0          0          0          0      21911   stm32f4xx_hal_tim_ex.o
       170          0          0          0         72       7166   stm32f4xx_hal_timebase_tim.o
       102          0          0          0          0       8818   stm32f4xx_it.o
      5064          0          0          0          0      37501   stm32f4xx_ll_usb.o
        18          0         24          4          0       2574   system_stm32f4xx.o
      6470          8          0          0        300      41870   tasks.o
       252          0          0          0         72       6149   tim.o
       114          0          0          0        732       3186   usb_device.o
      1230         12          0        133          0      11522   usbd_cdc.o
       138          0          0         20       4096       4884   usbd_cdc_if.o
       784          0          0          0       1796      18343   usbd_conf.o
      1004          0          0          0          0      11140   usbd_core.o
      1646         32          0          0          1      11192   usbd_ctlreq.o
       564         72          0         76        512       4091   usbd_desc.o
       134          0          0          0          0       4717   usbd_ioreq.o

    ----------------------------------------------------------------------
     48890        374        540        396      25996     526738   Object Totals
         0          0         32          0          0          0   (incl. Generated)
       370          0          2          7          7          0   (incl. Padding)

    ----------------------------------------------------------------------

      Code (inc. data)   RO Data    RW Data    ZI Data      Debug   Library Member Name

        64          6          0          0          0         84   __2snprintf.o
        90          0          0          0          0          0   __dczerorl2.o
         8          0          0          0          0         68   __main.o
       284          0          0          0          0        156   __printf_wp.o
         0          0          0          0          0          0   __rtentry.o
        12          0          0          0          0          0   __rtentry2.o
         6          0          0          0          0          0   __rtentry4.o
        94          8          0          0          0          0   __scatter.o
        28          0          0          0          0          0   __scatter_zi.o
        48          6          0          0          0         96   _printf_char_common.o
         6          0          0          0          0          0   _printf_f.o
      1052          0          0          0          0        148   _printf_fp_dec.o
       128         16          0          0          0         84   _printf_fp_infnan.o
         0          0          0          0          0          0   _printf_percent.o
         4          0          0          0          0          0   _printf_percent_end.o
        22          0          0          0          0        100   _rserrno.o
        16          0          0          0          0         68   _snputc.o
        16          0          0          0          0         68   aeabi_memset4.o
       228          4        148          0          0         96   bigflt0.o
      1936        128          0          0          0        668   btod.o
        18          0          0          0          0         80   exit.o
         6          0          0          0          0        152   heapauxi.o
         0          0          0          0          0          0   indicate_semi.o
        44         10         28          0          0         76   lc_numeric_c.o
         2          0          0          0          0          0   libinit.o
        22          0          0          0          0          0   libinit2.o
         2          0          0          0          0          0   libshutdown.o
         2          0          0          0          0          0   libshutdown2.o
         8          4          0          0         96         68   libspace.o
       138          0          0          0          0         80   lludiv10.o
       240          0          0          0          0        100   lludivv7m.o
         8          4          0          0          0         68   rt_errno_addr_intlibspace.o
         8          4          0          0          0         68   rt_locale_intlibspace.o
        78          0          0          0          0         80   rt_memclr_w.o
         2          0          0          0          0          0   rtexit.o
        10          0          0          0          0          0   rtexit2.o
       124          0          0          0          0         88   strcmpv7em.o
        62          0          0          0          0         76   strlen.o
        12          4          0          0          0         68   sys_exit.o
        74          0          0          0          0         80   sys_stackheap_outer.o
         2          0          0          0          0         68   use_no_semi.o
        12          0          0          0          0        116   dretinf.o
        86          4          0          0          0        132   f2d.o
       140          4          0          0          0        132   fnaninf.o
        26          0          0          0          0        116   fpinit.o
         4          0          0          0          0        116   printf1.o
         0          0          0          0          0          0   usenofp.o
       300         42          0          0          0        176   asinf.o
       684         90          0          0          0        208   atan2f.o
        48          0          0          0          0        124   fpclassify.o
        38          0          0          0          0        116   fpclassifyf.o
        44         12          0          0          0        464   funder.o
        62          0          0          0          0        136   sqrtf.o

    ----------------------------------------------------------------------
      6366        346        176          0         96       4624   Library Totals
        18          0          0          0          0          0   (incl. Padding)

    ----------------------------------------------------------------------

      Code (inc. data)   RO Data    RW Data    ZI Data      Debug   Library Name

      4904        194        176          0         96       2788   c_w.l
       268          8          0          0          0        612   fz_wm.l
      1176        144          0          0          0       1224   m_wm.l

    ----------------------------------------------------------------------
      6366        346        176          0         96       4624   Library Totals

    ----------------------------------------------------------------------

==============================================================================


      Code (inc. data)   RO Data    RW Data    ZI Data      Debug   

     55256        720        716        396      26092     527802   Grand Totals
     55256        720        716        224      26092     527802   ELF Image Totals (compressed)
     55256        720        716        224          0          0   ROM Totals

==============================================================================

    Total RO  Size (Code + RO Data)                55972 (  54.66kB)
    Total RW  Size (RW Data + ZI Data)             26488 (  25.87kB)
    Total ROM Size (Code + RO Data + RW Data)      56196 (  54.88kB)

==============================================================================

