Component: Arm Compiler for Embedded 6.24 Tool: armlink [5f371500]

==============================================================================

Section Cross References

    startup_stm32f407xx.o(STACK) refers (Special) to heapauxi.o(.text) for __use_two_region_memory
    startup_stm32f407xx.o(HEAP) refers (Special) to heapauxi.o(.text) for __use_two_region_memory
    startup_stm32f407xx.o(RESET) refers (Special) to heapauxi.o(.text) for __use_two_region_memory
    startup_stm32f407xx.o(RESET) refers to startup_stm32f407xx.o(STACK) for __initial_sp
    startup_stm32f407xx.o(RESET) refers to startup_stm32f407xx.o(.text) for Reset_Handler
    startup_stm32f407xx.o(RESET) refers to stm32f4xx_it.o(.text.NMI_Handler) for NMI_Handler
    startup_stm32f407xx.o(RESET) refers to stm32f4xx_it.o(.text.HardFault_Handler) for HardFault_Handler
    startup_stm32f407xx.o(RESET) refers to stm32f4xx_it.o(.text.MemManage_Handler) for MemManage_Handler
    startup_stm32f407xx.o(RESET) refers to stm32f4xx_it.o(.text.BusFault_Handler) for BusFault_Handler
    startup_stm32f407xx.o(RESET) refers to stm32f4xx_it.o(.text.UsageFault_Handler) for UsageFault_Handler
    startup_stm32f407xx.o(RESET) refers to port.o(.text.SVC_Handler) for SVC_Handler
    startup_stm32f407xx.o(RESET) refers to stm32f4xx_it.o(.text.DebugMon_Handler) for DebugMon_Handler
    startup_stm32f407xx.o(RESET) refers to port.o(.text.PendSV_Handler) for PendSV_Handler
    startup_stm32f407xx.o(RESET) refers to port.o(.text.SysTick_Handler) for SysTick_Handler
    startup_stm32f407xx.o(RESET) refers to stm32f4xx_it.o(.text.CAN1_RX0_IRQHandler) for CAN1_RX0_IRQHandler
    startup_stm32f407xx.o(RESET) refers to stm32f4xx_it.o(.text.TIM4_IRQHandler) for TIM4_IRQHandler
    startup_stm32f407xx.o(.text) refers (Special) to heapauxi.o(.text) for __use_two_region_memory
    startup_stm32f407xx.o(.text) refers to system_stm32f4xx.o(.text.SystemInit) for SystemInit
    startup_stm32f407xx.o(.text) refers to __main.o(!!!main) for __main
    startup_stm32f407xx.o(.text) refers to startup_stm32f407xx.o(HEAP) for Heap_Mem
    startup_stm32f407xx.o(.text) refers to startup_stm32f407xx.o(STACK) for Stack_Mem
    main.o(.text.main) refers to stm32f4xx_hal.o(.text.HAL_Init) for HAL_Init
    main.o(.text.main) refers to main.o(.text.SystemClock_Config) for SystemClock_Config
    main.o(.text.main) refers to gpio.o(.text.MX_GPIO_Init) for MX_GPIO_Init
    main.o(.text.main) refers to can.o(.text.MX_CAN1_Init) for MX_CAN1_Init
    main.o(.text.main) refers to gm6020.o(.text.CAN_UserInit) for CAN_UserInit
    main.o(.text.main) refers to freertos.o(.text.MX_FREERTOS_Init) for MX_FREERTOS_Init
    main.o(.text.main) refers to cmsis_os.o(.text.osKernelStart) for osKernelStart
    main.o(.ARM.exidx.text.main) refers to main.o(.text.main) for [Anonymous Symbol]
    main.o(.text.SystemClock_Config) refers to rt_memclr_w.o(.text) for __aeabi_memclr4
    main.o(.text.SystemClock_Config) refers to stm32f4xx_hal_rcc.o(.text.HAL_RCC_OscConfig) for HAL_RCC_OscConfig
    main.o(.text.SystemClock_Config) refers to main.o(.text.Error_Handler) for Error_Handler
    main.o(.text.SystemClock_Config) refers to stm32f4xx_hal_rcc.o(.text.HAL_RCC_ClockConfig) for HAL_RCC_ClockConfig
    main.o(.ARM.exidx.text.SystemClock_Config) refers to main.o(.text.SystemClock_Config) for [Anonymous Symbol]
    main.o(.ARM.exidx.text.Error_Handler) refers to main.o(.text.Error_Handler) for [Anonymous Symbol]
    main.o(.text.HAL_TIM_PeriodElapsedCallback) refers to stm32f4xx_hal.o(.text.HAL_IncTick) for HAL_IncTick
    main.o(.ARM.exidx.text.HAL_TIM_PeriodElapsedCallback) refers to main.o(.text.HAL_TIM_PeriodElapsedCallback) for [Anonymous Symbol]
    gpio.o(.text.MX_GPIO_Init) refers to stm32f4xx_hal_gpio.o(.text.HAL_GPIO_WritePin) for HAL_GPIO_WritePin
    gpio.o(.text.MX_GPIO_Init) refers to stm32f4xx_hal_gpio.o(.text.HAL_GPIO_Init) for HAL_GPIO_Init
    gpio.o(.ARM.exidx.text.MX_GPIO_Init) refers to gpio.o(.text.MX_GPIO_Init) for [Anonymous Symbol]
    freertos.o(.text.vApplicationGetIdleTaskMemory) refers to freertos.o(.bss.xIdleTaskTCBBuffer) for xIdleTaskTCBBuffer
    freertos.o(.text.vApplicationGetIdleTaskMemory) refers to freertos.o(.bss.xIdleStack) for xIdleStack
    freertos.o(.ARM.exidx.text.vApplicationGetIdleTaskMemory) refers to freertos.o(.text.vApplicationGetIdleTaskMemory) for [Anonymous Symbol]
    freertos.o(.text.MX_FREERTOS_Init) refers to freertos.o(.rodata..L__const.MX_FREERTOS_Init.os_thread_def_defaultTask) for .L__const.MX_FREERTOS_Init.os_thread_def_defaultTask
    freertos.o(.text.MX_FREERTOS_Init) refers to cmsis_os.o(.text.osThreadCreate) for osThreadCreate
    freertos.o(.text.MX_FREERTOS_Init) refers to freertos.o(.bss.defaultTaskHandle) for defaultTaskHandle
    freertos.o(.text.MX_FREERTOS_Init) refers to freertos.o(.rodata..L__const.MX_FREERTOS_Init.os_thread_def_CtrlTask) for .L__const.MX_FREERTOS_Init.os_thread_def_CtrlTask
[...]
    [Anonymous Symbol]                       0x08001944   Section        0  stm32f4xx_hal_cortex.o(.text.HAL_NVIC_SetPriority)
    [Anonymous Symbol]                       0x08001978   Section        0  stm32f4xx_hal_cortex.o(.text.HAL_NVIC_SetPriorityGrouping)
    [Anonymous Symbol]                       0x08001988   Section        0  stm32f4xx_hal_rcc.o(.text.HAL_RCC_ClockConfig)
    [Anonymous Symbol]                       0x08001bec   Section        0  stm32f4xx_hal_rcc.o(.text.HAL_RCC_GetClockConfig)
    [Anonymous Symbol]                       0x08001c40   Section        0  stm32f4xx_hal_rcc.o(.text.HAL_RCC_GetHCLKFreq)
    [Anonymous Symbol]                       0x08001c4c   Section        0  stm32f4xx_hal_rcc.o(.text.HAL_RCC_GetPCLK1Freq)
    [Anonymous Symbol]                       0x08001c70   Section        0  stm32f4xx_hal_rcc.o(.text.HAL_RCC_GetSysClockFreq)
    [Anonymous Symbol]                       0x08001d58   Section        0  stm32f4xx_hal_rcc.o(.text.HAL_RCC_OscConfig)
    [Anonymous Symbol]                       0x08002418   Section        0  stm32f4xx_hal_tim_ex.o(.text.HAL_TIMEx_BreakCallback)
    [Anonymous Symbol]                       0x08002420   Section        0  stm32f4xx_hal_tim_ex.o(.text.HAL_TIMEx_CommutCallback)
    [Anonymous Symbol]                       0x08002428   Section        0  stm32f4xx_hal_tim.o(.text.HAL_TIM_Base_Init)
    [Anonymous Symbol]                       0x080024c4   Section        0  stm32f4xx_hal_tim.o(.text.HAL_TIM_Base_MspInit)
    [Anonymous Symbol]                       0x080024cc   Section        0  stm32f4xx_hal_tim.o(.text.HAL_TIM_Base_Start_IT)
    [Anonymous Symbol]                       0x080025c4   Section        0  stm32f4xx_hal_tim.o(.text.HAL_TIM_IC_CaptureCallback)
    [Anonymous Symbol]                       0x080025cc   Section        0  stm32f4xx_hal_tim.o(.text.HAL_TIM_IRQHandler)
    [Anonymous Symbol]                       0x080027e8   Section        0  stm32f4xx_hal_tim.o(.text.HAL_TIM_OC_DelayElapsedCallback)
    [Anonymous Symbol]                       0x080027f0   Section        0  stm32f4xx_hal_tim.o(.text.HAL_TIM_PWM_PulseFinishedCallback)
    [Anonymous Symbol]                       0x080027f8   Section        0  main.o(.text.HAL_TIM_PeriodElapsedCallback)
    [Anonymous Symbol]                       0x0800281c   Section        0  stm32f4xx_hal_tim.o(.text.HAL_TIM_TriggerCallback)
    [Anonymous Symbol]                       0x08002824   Section        0  stm32f4xx_it.o(.text.HardFault_Handler)
    Limit                                    0x08002829   Thumb Code    80  pid.o(.text.Limit)
    [Anonymous Symbol]                       0x08002828   Section        0  pid.o(.text.Limit)
    [Anonymous Symbol]                       0x08002878   Section        0  can.o(.text.MX_CAN1_Init)
    [Anonymous Symbol]                       0x080028c8   Section        0  freertos.o(.text.MX_FREERTOS_Init)
    [Anonymous Symbol]                       0x08002950   Section        0  gpio.o(.text.MX_GPIO_Init)
    [Anonymous Symbol]                       0x08002a1c   Section        0  stm32f4xx_it.o(.text.MemManage_Handler)
    [Anonymous Symbol]                       0x08002a20   Section        0  control_task.o(.text.MotorControlTask)
    [Anonymous Symbol]                       0x08002cf8   Section        0  stm32f4xx_it.o(.text.NMI_Handler)
    NVIC_EncodePriority                      0x08002cfd   Thumb Code   108  stm32f4xx_hal_cortex.o(.text.NVIC_EncodePriority)
    [Anonymous Symbol]                       0x08002cfc   Section        0  stm32f4xx_hal_cortex.o(.text.NVIC_EncodePriority)
    [Anonymous Symbol]                       0x08002d68   Section        0  pid.o(.text.PID_Calc)
    [Anonymous Symbol]                       0x08002ee4   Section        0  pid.o(.text.PID_Init)
    [Anonymous Symbol]                       0x08002f50   Section        0  pid.o(.text.PID_Reset)
    [Anonymous Symbol]                       0x08002f70   Section        0  port.o(.text.PendSV_Handler)
    pxCurrentTCBConst                        0x08002fd0   Number         0  port.o(.text.PendSV_Handler)
    [Anonymous Symbol]                       0x08002fe0   Section        0  port.o(.text.SVC_Handler)
    pxCurrentTCBConst2                       0x08003000   Number         0  port.o(.text.SVC_Handler)
    [Anonymous Symbol]                       0x08003004   Section        0  freertos.o(.text.StartDefaultTask)
    [Anonymous Symbol]                       0x08003014   Section        0  port.o(.text.SysTick_Handler)
    [Anonymous Symbol]                       0x08003050   Section        0  main.o(.text.SystemClock_Config)
    [Anonymous Symbol]                       0x0800310c   Section        0  system_stm32f4xx.o(.text.SystemInit)
    [Anonymous Symbol]                       0x08003120   Section        0  stm32f4xx_it.o(.text.TIM4_IRQHandler)
    [Anonymous Symbol]                       0x08003130   Section        0  stm32f4xx_hal_tim.o(.text.TIM_Base_SetConfig)
    [Anonymous Symbol]                       0x080032d4   Section        0  stm32f4xx_it.o(.text.UsageFault_Handler)
    __NVIC_EnableIRQ                         0x080032d9   Thumb Code    48  stm32f4xx_hal_cortex.o(.text.__NVIC_EnableIRQ)
    [Anonymous Symbol]                       0x080032d8   Section        0  stm32f4xx_hal_cortex.o(.text.__NVIC_EnableIRQ)
    __NVIC_GetPriorityGrouping               0x08003309   Thumb Code    16  stm32f4xx_hal_cortex.o(.text.__NVIC_GetPriorityGrouping)
    [Anonymous Symbol]                       0x08003308   Section        0  stm32f4xx_hal_cortex.o(.text.__NVIC_GetPriorityGrouping)
    __NVIC_SetPriority                       0x08003319   Thumb Code    66  stm32f4xx_hal_cortex.o(.text.__NVIC_SetPriority)
    [Anonymous Symbol]                       0x08003318   Section        0  stm32f4xx_hal_cortex.o(.text.__NVIC_SetPriority)
    __NVIC_SetPriorityGrouping               0x0800335d   Thumb Code    60  stm32f4xx_hal_cortex.o(.text.__NVIC_SetPriorityGrouping)
    [Anonymous Symbol]                       0x0800335c   Section        0  stm32f4xx_hal_cortex.o(.text.__NVIC_SetPriorityGrouping)
    [Anonymous Symbol]                       0x08003398   Section        0  main.o(.text.main)
    makeFreeRtosPriority                     0x080033c1   Thumb Code    40  cmsis_os.o(.text.makeFreeRtosPriority)
    [Anonymous Symbol]                       0x080033c0   Section        0  cmsis_os.o(.text.makeFreeRtosPriority)
    [Anonymous Symbol]                       0x080033e8   Section        0  cmsis_os.o(.text.osDelay)
    [Anonymous Symbol]                       0x08003410   Section        0  cmsis_os.o(.text.osKernelStart)
    [Anonymous Symbol]                       0x0800341c   Section        0  cmsis_os.o(.text.osThreadCreate)
    prvAddCurrentTaskToDelayedList           0x080034c9   Thumb Code   244  tasks.o(.text.prvAddCurrentTaskToDelayedList)
    [Anonymous Symbol]                       0x080034c8   Section        0  tasks.o(.text.prvAddCurrentTaskToDelayedList)
    prvAddNewTaskToReadyList                 0x080035bd   Thumb Code   272  tasks.o(.text.prvAddNewTaskToReadyList)
    [Anonymous Symbol]                       0x080035bc   Section        0  tasks.o(.text.prvAddNewTaskToReadyList)
    prvCheckTasksWaitingTermination          0x080036cd   Thumb Code    90  tasks.o(.text.prvCheckTasksWaitingTermination)
    [Anonymous Symbol]                       0x080036cc   Section        0  tasks.o(.text.prvCheckTasksWaitingTermination)
    prvDeleteTCB                             0x08003729   Thumb Code    94  tasks.o(.text.prvDeleteTCB)
    [Anonymous Symbol]                       0x08003728   Section        0  tasks.o(.text.prvDeleteTCB)
    prvHeapInit                              0x08003789   Thumb Code   188  heap_4.o(.text.prvHeapInit)
    [Anonymous Symbol]                       0x08003788   Section        0  heap_4.o(.text.prvHeapInit)
    prvIdleTask                              0x08003845   Thumb Code    56  tasks.o(.text.prvIdleTask)
    [Anonymous Symbol]                       0x08003844   Section        0  tasks.o(.text.prvIdleTask)
    prvInitialiseNewTask                     0x0800387d   Thumb Code   276  tasks.o(.text.prvInitialiseNewTask)
    [Anonymous Symbol]                       0x0800387c   Section        0  tasks.o(.text.prvInitialiseNewTask)
    prvInitialiseTaskLists                   0x08003991   Thumb Code   142  tasks.o(.text.prvInitialiseTaskLists)
    [Anonymous Symbol]                       0x08003990   Section        0  tasks.o(.text.prvInitialiseTaskLists)
    prvInsertBlockIntoFreeList               0x08003a21   Thumb Code   198  heap_4.o(.text.prvInsertBlockIntoFreeList)
    [Anonymous Symbol]                       0x08003a20   Section        0  heap_4.o(.text.prvInsertBlockIntoFreeList)
    prvPortStartFirstTask                    0x08003ae9   Thumb Code    34  port.o(.text.prvPortStartFirstTask)
    [Anonymous Symbol]                       0x08003ae8   Section        0  port.o(.text.prvPortStartFirstTask)
    prvResetNextTaskUnblockTime              0x08003b11   Thumb Code    70  tasks.o(.text.prvResetNextTaskUnblockTime)
    [Anonymous Symbol]                       0x08003b10   Section        0  tasks.o(.text.prvResetNextTaskUnblockTime)
    prvTaskExitError                         0x08003b59   Thumb Code    76  port.o(.text.prvTaskExitError)
    [Anonymous Symbol]                       0x08003b58   Section        0  port.o(.text.prvTaskExitError)
    [Anonymous Symbol]                       0x08003ba4   Section        0  heap_4.o(.text.pvPortMalloc)
    [Anonymous Symbol]                       0x08003d90   Section        0  port.o(.text.pxPortInitialiseStack)
    [Anonymous Symbol]                       0x08003df0   Section        0  list.o(.text.uxListRemove)
    [Anonymous Symbol]                       0x08003e38   Section        0  freertos.o(.text.vApplicationGetIdleTaskMemory)
    [Anonymous Symbol]                       0x08003e64   Section        0  list.o(.text.vListInitialise)
    [Anonymous Symbol]                       0x08003e94   Section        0  list.o(.text.vListInitialiseItem)
    [Anonymous Symbol]                       0x08003ea4   Section        0  list.o(.text.vListInsert)
    [Anonymous Symbol]                       0x08003f10   Section        0  list.o(.text.vListInsertEnd)
    vPortEnableVFP                           0x08003f4d   Thumb Code    14  port.o(.text.vPortEnableVFP)
    [Anonymous Symbol]                       0x08003f4c   Section        0  port.o(.text.vPortEnableVFP)
    [Anonymous Symbol]                       0x08003f60   Section        0  port.o(.text.vPortEnterCritical)
    [Anonymous Symbol]                       0x08003fb8   Section        0  port.o(.text.vPortExitCritical)
    [Anonymous Symbol]                       0x08004004   Section        0  heap_4.o(.text.vPortFree)
    [Anonymous Symbol]                       0x080040d4   Section        0  port.o(.text.vPortSetupTimerInterrupt)
    [Anonymous Symbol]                       0x08004118   Section        0  tasks.o(.text.vTaskDelay)
    [Anonymous Symbol]                       0x08004188   Section        0  tasks.o(.text.vTaskStartScheduler)
    [Anonymous Symbol]                       0x08004258   Section        0  tasks.o(.text.vTaskSuspendAll)
    [Anonymous Symbol]                       0x08004268   Section        0  tasks.o(.text.vTaskSwitchContext)
    [Anonymous Symbol]                       0x08004328   Section        0  port.o(.text.xPortStartScheduler)
    [Anonymous Symbol]                       0x08004480   Section        0  tasks.o(.text.xTaskCreate)
    [Anonymous Symbol]                       0x08004520   Section        0  tasks.o(.text.xTaskCreateStatic)
    [Anonymous Symbol]                       0x080045f0   Section        0  tasks.o(.text.xTaskIncrementTick)
    [Anonymous Symbol]                       0x080047a8   Section        0  tasks.o(.text.xTaskResumeAll)
    $v0                                      0x08004920   Number         0  fpinit.o(x$fpl$fpinit)
    x$fpl$fpinit                             0x08004920   Section       26  fpinit.o(x$fpl$fpinit)
    .L__const.MX_FREERTOS_Init.os_thread_def_CtrlTask 0x0800493c   Data          28  freertos.o(.rodata..L__const.MX_FREERTOS_Init.os_thread_def_CtrlTask)
    .L__const.MX_FREERTOS_Init.os_thread_def_defaultTask 0x08004958   Data          28  freertos.o(.rodata..L__const.MX_FREERTOS_Init.os_thread_def_defaultTask)
    [Anonymous Symbol]                       0x0800498c   Section        0  freertos.o(.rodata.str1.1)
    .L.str                                   0x080049a1   Data           5  tasks.o(.rodata.str1.1)
    [Anonymous Symbol]                       0x080049a1   Section        0  tasks.o(.rodata.str1.1)
    uxCriticalNesting                        0x20000034   Data           4  port.o(.data.uxCriticalNesting)
    [Anonymous Symbol]                       0x20000034   Section        0  port.o(.data.uxCriticalNesting)
    .bss                                     0x20000038   Section       96  libspace.o(.bss)
    FeedbackDecode.s_first_frame             0x2000009c   Data           1  gm6020.o(.bss.FeedbackDecode.s_first_frame)
    [Anonymous Symbol]                       0x2000009c   Section        0  gm6020.o(.bss.FeedbackDecode.s_first_frame)
    FeedbackDecode.s_last_raw                0x2000009e   Data           2  gm6020.o(.bss.FeedbackDecode.s_last_raw)
    [Anonymous Symbol]                       0x2000009e   Section        0  gm6020.o(.bss.FeedbackDecode.s_last_raw)
    pxDelayedTaskList                        0x2000015c   Data           4  tasks.o(.bss.pxDelayedTaskList)
    [Anonymous Symbol]                       0x2000015c   Section        0  tasks.o(.bss.pxDelayedTaskList)
    pxEnd                                    0x20000160   Data           4  heap_4.o(.bss.pxEnd)
    [Anonymous Symbol]                       0x20000160   Section        0  heap_4.o(.bss.pxEnd)
    pxOverflowDelayedTaskList                0x20000164   Data           4  tasks.o(.bss.pxOverflowDelayedTaskList)
    [Anonymous Symbol]                       0x20000164   Section        0  tasks.o(.bss.pxOverflowDelayedTaskList)
    pxReadyTasksLists                        0x20000168   Data         140  tasks.o(.bss.pxReadyTasksLists)
    [Anonymous Symbol]                       0x20000168   Section        0  tasks.o(.bss.pxReadyTasksLists)
    s_angle_pid                              0x200001f4   Data          52  control_task.o(.bss.s_angle_pid)
    [Anonymous Symbol]                       0x200001f4   Section        0  control_task.o(.bss.s_angle_pid)
    s_speed_pid                              0x20000228   Data          52  control_task.o(.bss.s_speed_pid)
    [Anonymous Symbol]                       0x20000228   Section        0  control_task.o(.bss.s_speed_pid)
    s_target_initialized                     0x2000025c   Data           1  control_task.o(.bss.s_target_initialized)
    [Anonymous Symbol]                       0x2000025c   Section        0  control_task.o(.bss.s_target_initialized)
    ucHeap                                   0x2000025d   Data       15360  heap_4.o(.bss.ucHeap)
    [Anonymous Symbol]                       0x2000025d   Section        0  heap_4.o(.bss.ucHeap)
    ucMaxSysCallPriority                     0x20003e5d   Data           1  port.o(.bss.ucMaxSysCallPriority)
    [Anonymous Symbol]                       0x20003e5d   Section        0  port.o(.bss.ucMaxSysCallPriority)
    ulMaxPRIGROUPValue                       0x20003e60   Data           4  port.o(.bss.ulMaxPRIGROUPValue)
    [Anonymous Symbol]                       0x20003e60   Section        0  port.o(.bss.ulMaxPRIGROUPValue)
    uxCurrentNumberOfTasks                   0x20003e68   Data           4  tasks.o(.bss.uxCurrentNumberOfTasks)
    [Anonymous Symbol]                       0x20003e68   Section        0  tasks.o(.bss.uxCurrentNumberOfTasks)
    uxDeletedTasksWaitingCleanUp             0x20003e6c   Data           4  tasks.o(.bss.uxDeletedTasksWaitingCleanUp)
    [Anonymous Symbol]                       0x20003e6c   Section        0  tasks.o(.bss.uxDeletedTasksWaitingCleanUp)
    uxSchedulerSuspended                     0x20003e70   Data           4  tasks.o(.bss.uxSchedulerSuspended)
    [Anonymous Symbol]                       0x20003e70   Section        0  tasks.o(.bss.uxSchedulerSuspended)
    uxTaskNumber                             0x20003e74   Data           4  tasks.o(.bss.uxTaskNumber)
    [Anonymous Symbol]                       0x20003e74   Section        0  tasks.o(.bss.uxTaskNumber)
    uxTopReadyPriority                       0x20003e78   Data           4  tasks.o(.bss.uxTopReadyPriority)
    [Anonymous Symbol]                       0x20003e78   Section        0  tasks.o(.bss.uxTopReadyPriority)
    xBlockAllocatedBit                       0x20003e7c   Data           4  heap_4.o(.bss.xBlockAllocatedBit)
    [Anonymous Symbol]                       0x20003e7c   Section        0  heap_4.o(.bss.xBlockAllocatedBit)
    xDelayedTaskList1                        0x20003e80   Data          20  tasks.o(.bss.xDelayedTaskList1)
    [Anonymous Symbol]                       0x20003e80   Section        0  tasks.o(.bss.xDelayedTaskList1)
    xDelayedTaskList2                        0x20003e94   Data          20  tasks.o(.bss.xDelayedTaskList2)
    [Anonymous Symbol]                       0x20003e94   Section        0  tasks.o(.bss.xDelayedTaskList2)
    xFreeBytesRemaining                      0x20003ea8   Data           4  heap_4.o(.bss.xFreeBytesRemaining)
    [Anonymous Symbol]                       0x20003ea8   Section        0  heap_4.o(.bss.xFreeBytesRemaining)
    xIdleStack                               0x20003eac   Data         512  freertos.o(.bss.xIdleStack)
    [Anonymous Symbol]                       0x20003eac   Section        0  freertos.o(.bss.xIdleStack)
    xIdleTaskHandle                          0x200040ac   Data           4  tasks.o(.bss.xIdleTaskHandle)
    [Anonymous Symbol]                       0x200040ac   Section        0  tasks.o(.bss.xIdleTaskHandle)
    xIdleTaskTCBBuffer                       0x200040b0   Data          84  freertos.o(.bss.xIdleTaskTCBBuffer)
    [Anonymous Symbol]                       0x200040b0   Section        0  freertos.o(.bss.xIdleTaskTCBBuffer)
    xMinimumEverFreeBytesRemaining           0x20004104   Data           4  heap_4.o(.bss.xMinimumEverFreeBytesRemaining)
    [Anonymous Symbol]                       0x20004104   Section        0  heap_4.o(.bss.xMinimumEverFreeBytesRemaining)
    xNextTaskUnblockTime                     0x20004108   Data           4  tasks.o(.bss.xNextTaskUnblockTime)
    [Anonymous Symbol]                       0x20004108   Section        0  tasks.o(.bss.xNextTaskUnblockTime)
    xNumOfOverflows                          0x2000410c   Data           4  tasks.o(.bss.xNumOfOverflows)
    [Anonymous Symbol]                       0x2000410c   Section        0  tasks.o(.bss.xNumOfOverflows)
    xNumberOfSuccessfulAllocations           0x20004110   Data           4  heap_4.o(.bss.xNumberOfSuccessfulAllocations)
    [Anonymous Symbol]                       0x20004110   Section        0  heap_4.o(.bss.xNumberOfSuccessfulAllocations)
    xNumberOfSuccessfulFrees                 0x20004114   Data           4  heap_4.o(.bss.xNumberOfSuccessfulFrees)
    [Anonymous Symbol]                       0x20004114   Section        0  heap_4.o(.bss.xNumberOfSuccessfulFrees)
    xPendedTicks                             0x20004118   Data           4  tasks.o(.bss.xPendedTicks)
    [Anonymous Symbol]                       0x20004118   Section        0  tasks.o(.bss.xPendedTicks)
    xPendingReadyList                        0x2000411c   Data          20  tasks.o(.bss.xPendingReadyList)
    [Anonymous Symbol]                       0x2000411c   Section        0  tasks.o(.bss.xPendingReadyList)
    xSchedulerRunning                        0x20004130   Data           4  tasks.o(.bss.xSchedulerRunning)
    [Anonymous Symbol]                       0x20004130   Section        0  tasks.o(.bss.xSchedulerRunning)
    xStart                                   0x20004134   Data           8  heap_4.o(.bss.xStart)
    [Anonymous Symbol]                       0x20004134   Section        0  heap_4.o(.bss.xStart)
    xSuspendedTaskList                       0x2000413c   Data          20  tasks.o(.bss.xSuspendedTaskList)
    [Anonymous Symbol]                       0x2000413c   Section        0  tasks.o(.bss.xSuspendedTaskList)
    xTasksWaitingTermination                 0x20004150   Data          20  tasks.o(.bss.xTasksWaitingTermination)
    [Anonymous Symbol]                       0x20004150   Section        0  tasks.o(.bss.xTasksWaitingTermination)
    xTickCount                               0x20004164   Data           4  tasks.o(.bss.xTickCount)
    [Anonymous Symbol]                       0x20004164   Section        0  tasks.o(.bss.xTickCount)
    xYieldPending                            0x20004168   Data           4  tasks.o(.bss.xYieldPending)
    [Anonymous Symbol]                       0x20004168   Section        0  tasks.o(.bss.xYieldPending)
    Heap_Mem                                 0x20004170   Data         512  startup_stm32f407xx.o(HEAP)
    HEAP                                     0x20004170   Section      512  startup_stm32f407xx.o(HEAP)
    Stack_Mem                                0x20004370   Data        1024  startup_stm32f407xx.o(STACK)
    STACK                                    0x20004370   Section     1024  startup_stm32f407xx.o(STACK)
    __initial_sp                             0x20004770   Data           0  startup_stm32f407xx.o(STACK)

    Global Symbols

    Symbol Name                              Value     Ov Type        Size  Object(Section)

    BuildAttributes$$THM_ISAv4$E$P$D$K$B$S$7EM$VFPi3$EXTD16$VFPS$VFMA$PE$A:L22UL41UL21$X:L11$S22US41US21$IEEE1$IW$~IW$USESV6$~STKCKD$USESV7$~SHL$OSPACE$ROPI$EBA8$UX$STANDARDLIB$REQ8$PRES8$EABIv2 0x00000000   Number         0  anon$$obj.o ABSOLUTE
    __ARM_exceptions_init                     - Undefined Weak Reference
    __alloca_initialize                       - Undefined Weak Reference
    __arm_preinit_                            - Undefined Weak Reference
    __arm_relocate_pie_                       - Undefined Weak Reference
    __cpp_initialize__aeabi_                  - Undefined Weak Reference
    __cxa_finalize                            - Undefined Weak Reference
    __rt_locale                               - Undefined Weak Reference
    __sigvec_lookup                           - Undefined Weak Reference
    _atexit_init                              - Undefined Weak Reference
    _call_atexit_fns                          - Undefined Weak Reference
    _clock_init                               - Undefined Weak Reference
    _fp_trap_init                             - Undefined Weak Reference
    _fp_trap_shutdown                         - Undefined Weak Reference
    _get_lc_collate                           - Undefined Weak Reference
    _get_lc_ctype                             - Undefined Weak Reference
    _get_lc_monetary                          - Undefined Weak Reference
    _get_lc_numeric                           - Undefined Weak Reference
    _get_lc_time                              - Undefined Weak Reference
    _getenv_init                              - Undefined Weak Reference
    _handle_redirection                       - Undefined Weak Reference
    _init_alloc                               - Undefined Weak Reference
    _init_user_alloc                          - Undefined Weak Reference
    _initio                                   - Undefined Weak Reference
    _rand_init                                - Undefined Weak Reference
    _signal_finish                            - Undefined Weak Reference
    _signal_init                              - Undefined Weak Reference
    _terminate_alloc                          - Undefined Weak Reference
    _terminate_user_alloc                     - Undefined Weak Reference
    _terminateio                              - Undefined Weak Reference
    __Vectors_Size                           0x00000188   Number         0  startup_stm32f407xx.o ABSOLUTE
    __Vectors                                0x08000000   Data           4  startup_stm32f407xx.o(RESET)
    __Vectors_End                            0x08000188   Data           0  startup_stm32f407xx.o(RESET)
    __main                                   0x08000189   Thumb Code     8  __main.o(!!!main)
    __scatterload                            0x08000191   Thumb Code     0  __scatter.o(!!!scatter)
    __scatterload_rt2                        0x08000191   Thumb Code    84  __scatter.o(!!!scatter)
    __scatterload_rt2_thumb_only             0x08000191   Thumb Code     0  __scatter.o(!!!scatter)
    __scatterload_loop                       0x0800019b   Thumb Code     0  __scatter.o(!!!scatter)
    __scatterload_copy                       0x080001ed   Thumb Code    26  __scatter_copy.o(!!handler_copy)
    __scatterload_null                       0x08000209   Thumb Code     2  __scatter.o(!!handler_null)
    __scatterload_zeroinit                   0x0800020d   Thumb Code    28  __scatter_zi.o(!!handler_zi)
    __rt_lib_init                            0x08000229   Thumb Code     0  libinit.o(.ARM.Collect$$libinit$$00000000)
    __rt_lib_init_fp_1                       0x0800022b   Thumb Code     0  libinit2.o(.ARM.Collect$$libinit$$00000001)
    __rt_lib_init_alloca_1                   0x0800022f   Thumb Code     0  libinit2.o(.ARM.Collect$$libinit$$00000030)
    __rt_lib_init_argv_1                     0x0800022f   Thumb Code     0  libinit2.o(.ARM.Collect$$libinit$$0000002E)
    __rt_lib_init_atexit_1                   0x0800022f   Thumb Code     0  libinit2.o(.ARM.Collect$$libinit$$0000001D)
    __rt_lib_init_clock_1                    0x0800022f   Thumb Code     0  libinit2.o(.ARM.Collect$$libinit$$00000023)
    __rt_lib_init_cpp_1                      0x0800022f   Thumb Code     0  libinit2.o(.ARM.Collect$$libinit$$00000034)
    __rt_lib_init_exceptions_1               0x0800022f   Thumb Code     0  libinit2.o(.ARM.Collect$$libinit$$00000032)
    __rt_lib_init_fp_trap_1                  0x0800022f   Thumb Code     0  libinit2.o(.ARM.Collect$$libinit$$00000021)
    __rt_lib_init_getenv_1                   0x0800022f   Thumb Code     0  libinit2.o(.ARM.Collect$$libinit$$00000025)
    __rt_lib_init_heap_1                     0x0800022f   Thumb Code     0  libinit2.o(.ARM.Collect$$libinit$$0000000C)
    __rt_lib_init_lc_collate_1               0x0800022f   Thumb Code     0  libinit2.o(.ARM.Collect$$libinit$$00000013)
    __rt_lib_init_lc_ctype_1                 0x0800022f   Thumb Code     0  libinit2.o(.ARM.Collect$$libinit$$00000015)
    __rt_lib_init_lc_monetary_1              0x0800022f   Thumb Code     0  libinit2.o(.ARM.Collect$$libinit$$00000017)
    __rt_lib_init_lc_numeric_1               0x0800022f   Thumb Code     0  libinit2.o(.ARM.Collect$$libinit$$00000019)
    __rt_lib_init_lc_time_1                  0x0800022f   Thumb Code     0  libinit2.o(.ARM.Collect$$libinit$$0000001B)
    __rt_lib_init_preinit_1                  0x0800022f   Thumb Code     0  libinit2.o(.ARM.Collect$$libinit$$00000006)
    __rt_lib_init_rand_1                     0x0800022f   Thumb Code     0  libinit2.o(.ARM.Collect$$libinit$$00000010)
    __rt_lib_init_relocate_pie_1             0x0800022f   Thumb Code     0  libinit2.o(.ARM.Collect$$libinit$$00000004)
    __rt_lib_init_return                     0x0800022f   Thumb Code     0  libinit2.o(.ARM.Collect$$libinit$$00000035)
    __rt_lib_init_signal_1                   0x0800022f   Thumb Code     0  libinit2.o(.ARM.Collect$$libinit$$0000001F)
    __rt_lib_init_stdio_1                    0x0800022f   Thumb Code     0  libinit2.o(.ARM.Collect$$libinit$$00000027)
    __rt_lib_init_user_alloc_1               0x0800022f   Thumb Code     0  libinit2.o(.ARM.Collect$$libinit$$0000000E)
    __rt_lib_shutdown                        0x08000231   Thumb Code     0  libshutdown.o(.ARM.Collect$$libshutdown$$00000000)
    __rt_lib_shutdown_cpp_1                  0x08000233   Thumb Code     0  libshutdown2.o(.ARM.Collect$$libshutdown$$00000002)
    __rt_lib_shutdown_fp_trap_1              0x08000233   Thumb Code     0  libshutdown2.o(.ARM.Collect$$libshutdown$$00000007)
    __rt_lib_shutdown_heap_1                 0x08000233   Thumb Code     0  libshutdown2.o(.ARM.Collect$$libshutdown$$0000000F)
    __rt_lib_shutdown_return                 0x08000233   Thumb Code     0  libshutdown2.o(.ARM.Collect$$libshutdown$$00000010)
    __rt_lib_shutdown_signal_1               0x08000233   Thumb Code     0  libshutdown2.o(.ARM.Collect$$libshutdown$$0000000A)
    __rt_lib_shutdown_stdio_1                0x08000233   Thumb Code     0  libshutdown2.o(.ARM.Collect$$libshutdown$$00000004)
    __rt_lib_shutdown_user_alloc_1           0x08000233   Thumb Code     0  libshutdown2.o(.ARM.Collect$$libshutdown$$0000000C)
    __rt_entry                               0x08000235   Thumb Code     0  __rtentry.o(.ARM.Collect$$rtentry$$00000000)
    __rt_entry_presh_1                       0x08000235   Thumb Code     0  __rtentry2.o(.ARM.Collect$$rtentry$$00000002)
    __rt_entry_sh                            0x08000235   Thumb Code     0  __rtentry4.o(.ARM.Collect$$rtentry$$00000004)
    __rt_entry_li                            0x0800023b   Thumb Code     0  __rtentry2.o(.ARM.Collect$$rtentry$$0000000A)
    __rt_entry_postsh_1                      0x0800023b   Thumb Code     0  __rtentry2.o(.ARM.Collect$$rtentry$$00000009)
    __rt_entry_main                          0x0800023f   Thumb Code     0  __rtentry2.o(.ARM.Collect$$rtentry$$0000000D)
    __rt_entry_postli_1                      0x0800023f   Thumb Code     0  __rtentry2.o(.ARM.Collect$$rtentry$$0000000C)
    __rt_exit                                0x08000247   Thumb Code     0  rtexit.o(.ARM.Collect$$rtexit$$00000000)
    __rt_exit_ls                             0x08000249   Thumb Code     0  rtexit2.o(.ARM.Collect$$rtexit$$00000003)
    __rt_exit_prels_1                        0x08000249   Thumb Code     0  rtexit2.o(.ARM.Collect$$rtexit$$00000002)
    __rt_exit_exit                           0x0800024d   Thumb Code     0  rtexit2.o(.ARM.Collect$$rtexit$$00000004)
    Reset_Handler                            0x08000255   Thumb Code     8  startup_stm32f407xx.o(.text)
    ADC_IRQHandler                           0x0800026f   Thumb Code     0  startup_stm32f407xx.o(.text)
    CAN1_RX1_IRQHandler                      0x0800026f   Thumb Code     0  startup_stm32f407xx.o(.text)
    CAN1_SCE_IRQHandler                      0x0800026f   Thumb Code     0  startup_stm32f407xx.o(.text)
    CAN1_TX_IRQHandler                       0x0800026f   Thumb Code     0  startup_stm32f407xx.o(.text)
    CAN2_RX0_IRQHandler                      0x0800026f   Thumb Code     0  startup_stm32f407xx.o(.text)
    CAN2_RX1_IRQHandler                      0x0800026f   Thumb Code     0  startup_stm32f407xx.o(.text)
    CAN2_SCE_IRQHandler                      0x0800026f   Thumb Code     0  startup_stm32f407xx.o(.text)
    CAN2_TX_IRQHandler                       0x0800026f   Thumb Code     0  startup_stm32f407xx.o(.text)
    DCMI_IRQHandler                          0x0800026f   Thumb Code     0  startup_stm32f407xx.o(.text)
    DMA1_Stream0_IRQHandler                  0x0800026f   Thumb Code     0  startup_stm32f407xx.o(.text)
    DMA1_Stream1_IRQHandler                  0x0800026f   Thumb Code     0  startup_stm32f407xx.o(.text)
    DMA1_Stream2_IRQHandler                  0x0800026f   Thumb Code     0  startup_stm32f407xx.o(.text)
    DMA1_Stream3_IRQHandler                  0x0800026f   Thumb Code     0  startup_stm32f407xx.o(.text)
    DMA1_Stream4_IRQHandler                  0x0800026f   Thumb Code     0  startup_stm32f407xx.o(.text)
    DMA1_Stream5_IRQHandler                  0x0800026f   Thumb Code     0  startup_stm32f407xx.o(.text)
    DMA1_Stream6_IRQHandler                  0x0800026f   Thumb Code     0  startup_stm32f407xx.o(.text)
    DMA1_Stream7_IRQHandler                  0x0800026f   Thumb Code     0  startup_stm32f407xx.o(.text)
    DMA2_Stream0_IRQHandler                  0x0800026f   Thumb Code     0  startup_stm32f407xx.o(.text)
    DMA2_Stream1_IRQHandler                  0x0800026f   Thumb Code     0  startup_stm32f407xx.o(.text)
    DMA2_Stream2_IRQHandler                  0x0800026f   Thumb Code     0  startup_stm32f407xx.o(.text)
    DMA2_Stream3_IRQHandler                  0x0800026f   Thumb Code     0  startup_stm32f407xx.o(.text)
    DMA2_Stream4_IRQHandler                  0x0800026f   Thumb Code     0  startup_stm32f407xx.o(.text)
    DMA2_Stream5_IRQHandler                  0x0800026f   Thumb Code     0  startup_stm32f407xx.o(.text)
    DMA2_Stream6_IRQHandler                  0x0800026f   Thumb Code     0  startup_stm32f407xx.o(.text)
    DMA2_Stream7_IRQHandler                  0x0800026f   Thumb Code     0  startup_stm32f407xx.o(.text)
    ETH_IRQHandler                           0x0800026f   Thumb Code     0  startup_stm32f407xx.o(.text)
    ETH_WKUP_IRQHandler                      0x0800026f   Thumb Code     0  startup_stm32f407xx.o(.text)
    EXTI0_IRQHandler                         0x0800026f   Thumb Code     0  startup_stm32f407xx.o(.text)
    EXTI15_10_IRQHandler                     0x0800026f   Thumb Code     0  startup_stm32f407xx.o(.text)
    EXTI1_IRQHandler                         0x0800026f   Thumb Code     0  startup_stm32f407xx.o(.text)
    EXTI2_IRQHandler                         0x0800026f   Thumb Code     0  startup_stm32f407xx.o(.text)
    EXTI3_IRQHandler                         0x0800026f   Thumb Code     0  startup_stm32f407xx.o(.text)
    EXTI4_IRQHandler                         0x0800026f   Thumb Code     0  startup_stm32f407xx.o(.text)
    EXTI9_5_IRQHandler                       0x0800026f   Thumb Code     0  startup_stm32f407xx.o(.text)
    FLASH_IRQHandler                         0x0800026f   Thumb Code     0  startup_stm32f407xx.o(.text)
    FMC_IRQHandler                           0x0800026f   Thumb Code     0  startup_stm32f407xx.o(.text)
    FPU_IRQHandler                           0x0800026f   Thumb Code     0  startup_stm32f407xx.o(.text)
    HASH_RNG_IRQHandler                      0x0800026f   Thumb Code     0  startup_stm32f407xx.o(.text)
    I2C1_ER_IRQHandler                       0x0800026f   Thumb Code     0  startup_stm32f407xx.o(.text)
    I2C1_EV_IRQHandler                       0x0800026f   Thumb Code     0  startup_stm32f407xx.o(.text)
    I2C2_ER_IRQHandler                       0x0800026f   Thumb Code     0  startup_stm32f407xx.o(.text)
    I2C2_EV_IRQHandler                       0x0800026f   Thumb Code     0  startup_stm32f407xx.o(.text)
    I2C3_ER_IRQHandler                       0x0800026f   Thumb Code     0  startup_stm32f407xx.o(.text)
    I2C3_EV_IRQHandler                       0x0800026f   Thumb Code     0  startup_stm32f407xx.o(.text)
    OTG_FS_IRQHandler                        0x0800026f   Thumb Code     0  startup_stm32f407xx.o(.text)
    OTG_FS_WKUP_IRQHandler                   0x0800026f   Thumb Code     0  startup_stm32f407xx.o(.text)
    OTG_HS_EP1_IN_IRQHandler                 0x0800026f   Thumb Code     0  startup_stm32f407xx.o(.text)
    OTG_HS_EP1_OUT_IRQHandler                0x0800026f   Thumb Code     0  startup_stm32f407xx.o(.text)
    OTG_HS_IRQHandler                        0x0800026f   Thumb Code     0  startup_stm32f407xx.o(.text)
    OTG_HS_WKUP_IRQHandler                   0x0800026f   Thumb Code     0  startup_stm32f407xx.o(.text)
    PVD_IRQHandler                           0x0800026f   Thumb Code     0  startup_stm32f407xx.o(.text)
    RCC_IRQHandler                           0x0800026f   Thumb Code     0  startup_stm32f407xx.o(.text)
    RTC_Alarm_IRQHandler                     0x0800026f   Thumb Code     0  startup_stm32f407xx.o(.text)
    RTC_WKUP_IRQHandler                      0x0800026f   Thumb Code     0  startup_stm32f407xx.o(.text)
    SDIO_IRQHandler                          0x0800026f   Thumb Code     0  startup_stm32f407xx.o(.text)
    SPI1_IRQHandler                          0x0800026f   Thumb Code     0  startup_stm32f407xx.o(.text)
    SPI2_IRQHandler                          0x0800026f   Thumb Code     0  startup_stm32f407xx.o(.text)
    SPI3_IRQHandler                          0x0800026f   Thumb Code     0  startup_stm32f407xx.o(.text)
    TAMP_STAMP_IRQHandler                    0x0800026f   Thumb Code     0  startup_stm32f407xx.o(.text)
    TIM1_BRK_TIM9_IRQHandler                 0x0800026f   Thumb Code     0  startup_stm32f407xx.o(.text)
    TIM1_CC_IRQHandler                       0x0800026f   Thumb Code     0  startup_stm32f407xx.o(.text)
    TIM1_TRG_COM_TIM11_IRQHandler            0x0800026f   Thumb Code     0  startup_stm32f407xx.o(.text)
    TIM1_UP_TIM10_IRQHandler                 0x0800026f   Thumb Code     0  startup_stm32f407xx.o(.text)
    TIM2_IRQHandler                          0x0800026f   Thumb Code     0  startup_stm32f407xx.o(.text)
    TIM3_IRQHandler                          0x0800026f   Thumb Code     0  startup_stm32f407xx.o(.text)
    TIM5_IRQHandler                          0x0800026f   Thumb Code     0  startup_stm32f407xx.o(.text)
    TIM6_DAC_IRQHandler                      0x0800026f   Thumb Code     0  startup_stm32f407xx.o(.text)
    TIM7_IRQHandler                          0x0800026f   Thumb Code     0  startup_stm32f407xx.o(.text)
    TIM8_BRK_TIM12_IRQHandler                0x0800026f   Thumb Code     0  startup_stm32f407xx.o(.text)
    TIM8_CC_IRQHandler                       0x0800026f   Thumb Code     0  startup_stm32f407xx.o(.text)
    TIM8_TRG_COM_TIM14_IRQHandler            0x0800026f   Thumb Code     0  startup_stm32f407xx.o(.text)
    TIM8_UP_TIM13_IRQHandler                 0x0800026f   Thumb Code     0  startup_stm32f407xx.o(.text)
    UART4_IRQHandler                         0x0800026f   Thumb Code     0  startup_stm32f407xx.o(.text)
    UART5_IRQHandler                         0x0800026f   Thumb Code     0  startup_stm32f407xx.o(.text)
    USART1_IRQHandler                        0x0800026f   Thumb Code     0  startup_stm32f407xx.o(.text)
    USART2_IRQHandler                        0x0800026f   Thumb Code     0  startup_stm32f407xx.o(.text)
    USART3_IRQHandler                        0x0800026f   Thumb Code     0  startup_stm32f407xx.o(.text)
    USART6_IRQHandler                        0x0800026f   Thumb Code     0  startup_stm32f407xx.o(.text)
    WWDG_IRQHandler                          0x0800026f   Thumb Code     0  startup_stm32f407xx.o(.text)
    __user_initial_stackheap                 0x08000271   Thumb Code     0  startup_stm32f407xx.o(.text)
    __aeabi_uldivmod                         0x08000295   Thumb Code     0  lludivv7m.o(.text)
    _ll_udiv                                 0x08000295   Thumb Code   240  lludivv7m.o(.text)
    __aeabi_memclr4                          0x08000385   Thumb Code     0  rt_memclr_w.o(.text)
    __aeabi_memclr8                          0x08000385   Thumb Code     0  rt_memclr_w.o(.text)
    __rt_memclr_w                            0x08000385   Thumb Code     0  rt_memclr_w.o(.text)
    _memset_w                                0x08000389   Thumb Code    74  rt_memclr_w.o(.text)
    __use_two_region_memory                  0x080003d3   Thumb Code     2  heapauxi.o(.text)
    __rt_heap_escrow$2region                 0x080003d5   Thumb Code     2  heapauxi.o(.text)
    __rt_heap_expand$2region                 0x080003d7   Thumb Code     2  heapauxi.o(.text)
    __user_setup_stackheap                   0x080003d9   Thumb Code    74  sys_stackheap_outer.o(.text)
    exit                                     0x08000423   Thumb Code    18  exit.o(.text)
    __user_libspace                          0x08000435   Thumb Code     8  libspace.o(.text)
    __user_perproc_libspace                  0x08000435   Thumb Code     0  libspace.o(.text)
    __user_perthread_libspace                0x08000435   Thumb Code     0  libspace.o(.text)
    _sys_exit                                0x0800043d   Thumb Code     8  sys_exit.o(.text)
    __I$use$semihosting                      0x08000449   Thumb Code     0  use_no_semi.o(.text)
    __use_no_semihosting_swi                 0x08000449   Thumb Code     2  use_no_semi.o(.text)
    __semihosting_library_function           0x0800044b   Thumb Code     0  indicate_semi.o(.text)
    BusFault_Handler                         0x0800044d   Thumb Code     4  stm32f4xx_it.o(.text.BusFault_Handler)
    CAN1_RX0_IRQHandler                      0x08000451   Thumb Code    16  stm32f4xx_it.o(.text.CAN1_RX0_IRQHandler)
    CAN_UserInit                             0x08000461   Thumb Code   100  gm6020.o(.text.CAN_UserInit)
    DebugMon_Handler                         0x080004c5   Thumb Code     2  stm32f4xx_it.o(.text.DebugMon_Handler)
    Error_Handler                            0x080004c9   Thumb Code     6  main.o(.text.Error_Handler)
    GM6020_SendCurrent                       0x080005f5   Thumb Code   126  gm6020.o(.text.GM6020_SendCurrent)
    HAL_CAN_ActivateNotification             0x08000675   Thumb Code    82  stm32f4xx_hal_can.o(.text.HAL_CAN_ActivateNotification)
    HAL_CAN_AddTxMessage                     0x080006c9   Thumb Code   342  stm32f4xx_hal_can.o(.text.HAL_CAN_AddTxMessage)
    HAL_CAN_ConfigFilter                     0x08000821   Thumb Code   414  stm32f4xx_hal_can.o(.text.HAL_CAN_ConfigFilter)
    HAL_CAN_ErrorCallback                    0x080009c1   Thumb Code     8  stm32f4xx_hal_can.o(.text.HAL_CAN_ErrorCallback)
    HAL_CAN_GetRxMessage                     0x080009c9   Thumb Code   530  stm32f4xx_hal_can.o(.text.HAL_CAN_GetRxMessage)
    HAL_CAN_IRQHandler                       0x08000bdd   Thumb Code  1010  stm32f4xx_hal_can.o(.text.HAL_CAN_IRQHandler)
    HAL_CAN_Init                             0x08000fd1   Thumb Code   478  stm32f4xx_hal_can.o(.text.HAL_CAN_Init)
    HAL_CAN_MspInit                          0x080011b1   Thumb Code   162  can.o(.text.HAL_CAN_MspInit)
    HAL_CAN_RxFifo0FullCallback              0x08001255   Thumb Code     8  stm32f4xx_hal_can.o(.text.HAL_CAN_RxFifo0FullCallback)
    HAL_CAN_RxFifo0MsgPendingCallback        0x0800125d   Thumb Code   102  gm6020.o(.text.HAL_CAN_RxFifo0MsgPendingCallback)
    HAL_CAN_RxFifo1FullCallback              0x080012c5   Thumb Code     8  stm32f4xx_hal_can.o(.text.HAL_CAN_RxFifo1FullCallback)
    HAL_CAN_RxFifo1MsgPendingCallback        0x080012cd   Thumb Code     8  stm32f4xx_hal_can.o(.text.HAL_CAN_RxFifo1MsgPendingCallback)
    HAL_CAN_SleepCallback                    0x080012d5   Thumb Code     8  stm32f4xx_hal_can.o(.text.HAL_CAN_SleepCallback)
    HAL_CAN_Start                            0x080012dd   Thumb Code   138  stm32f4xx_hal_can.o(.text.HAL_CAN_Start)
    HAL_CAN_TxMailbox0AbortCallback          0x08001369   Thumb Code     8  stm32f4xx_hal_can.o(.text.HAL_CAN_TxMailbox0AbortCallback)
    HAL_CAN_TxMailbox0CompleteCallback       0x08001371   Thumb Code     8  stm32f4xx_hal_can.o(.text.HAL_CAN_TxMailbox0CompleteCallback)
    HAL_CAN_TxMailbox1AbortCallback          0x08001379   Thumb Code     8  stm32f4xx_hal_can.o(.text.HAL_CAN_TxMailbox1AbortCallback)
    HAL_CAN_TxMailbox1CompleteCallback       0x08001381   Thumb Code     8  stm32f4xx_hal_can.o(.text.HAL_CAN_TxMailbox1CompleteCallback)
    HAL_CAN_TxMailbox2AbortCallback          0x08001389   Thumb Code     8  stm32f4xx_hal_can.o(.text.HAL_CAN_TxMailbox2AbortCallback)
    HAL_CAN_TxMailbox2CompleteCallback       0x08001391   Thumb Code     8  stm32f4xx_hal_can.o(.text.HAL_CAN_TxMailbox2CompleteCallback)
    HAL_CAN_WakeUpFromRxMsgCallback          0x08001399   Thumb Code     8  stm32f4xx_hal_can.o(.text.HAL_CAN_WakeUpFromRxMsgCallback)
    HAL_GPIO_Init                            0x080013a1   Thumb Code   950  stm32f4xx_hal_gpio.o(.text.HAL_GPIO_Init)
    HAL_GPIO_WritePin                        0x08001759   Thumb Code    46  stm32f4xx_hal_gpio.o(.text.HAL_GPIO_WritePin)
    HAL_GetTick                              0x08001789   Thumb Code    12  stm32f4xx_hal.o(.text.HAL_GetTick)
    HAL_IncTick                              0x08001795   Thumb Code    26  stm32f4xx_hal.o(.text.HAL_IncTick)
    HAL_Init                                 0x080017b1   Thumb Code    54  stm32f4xx_hal.o(.text.HAL_Init)
    HAL_InitTick                             0x080017e9   Thumb Code   240  stm32f4xx_hal_timebase_tim.o(.text.HAL_InitTick)
    HAL_MspInit                              0x080018d9   Thumb Code    88  stm32f4xx_hal_msp.o(.text.HAL_MspInit)
    HAL_NVIC_EnableIRQ                       0x08001931   Thumb Code    20  stm32f4xx_hal_cortex.o(.text.HAL_NVIC_EnableIRQ)
    HAL_NVIC_SetPriority                     0x08001945   Thumb Code    50  stm32f4xx_hal_cortex.o(.text.HAL_NVIC_SetPriority)
    HAL_NVIC_SetPriorityGrouping             0x08001979   Thumb Code    16  stm32f4xx_hal_cortex.o(.text.HAL_NVIC_SetPriorityGrouping)
    HAL_RCC_ClockConfig                      0x08001989   Thumb Code   610  stm32f4xx_hal_rcc.o(.text.HAL_RCC_ClockConfig)
    HAL_RCC_GetClockConfig                   0x08001bed   Thumb Code    84  stm32f4xx_hal_rcc.o(.text.HAL_RCC_GetClockConfig)
    HAL_RCC_GetHCLKFreq                      0x08001c41   Thumb Code    12  stm32f4xx_hal_rcc.o(.text.HAL_RCC_GetHCLKFreq)
    HAL_RCC_GetPCLK1Freq                     0x08001c4d   Thumb Code    34  stm32f4xx_hal_rcc.o(.text.HAL_RCC_GetPCLK1Freq)
    HAL_RCC_GetSysClockFreq                  0x08001c71   Thumb Code   230  stm32f4xx_hal_rcc.o(.text.HAL_RCC_GetSysClockFreq)
    HAL_RCC_OscConfig                        0x08001d59   Thumb Code  1726  stm32f4xx_hal_rcc.o(.text.HAL_RCC_OscConfig)
    HAL_TIMEx_BreakCallback                  0x08002419   Thumb Code     8  stm32f4xx_hal_tim_ex.o(.text.HAL_TIMEx_BreakCallback)
    HAL_TIMEx_CommutCallback                 0x08002421   Thumb Code     8  stm32f4xx_hal_tim_ex.o(.text.HAL_TIMEx_CommutCallback)
    HAL_TIM_Base_Init                        0x08002429   Thumb Code   156  stm32f4xx_hal_tim.o(.text.HAL_TIM_Base_Init)
    HAL_TIM_Base_MspInit                     0x080024c5   Thumb Code     8  stm32f4xx_hal_tim.o(.text.HAL_TIM_Base_MspInit)
    HAL_TIM_Base_Start_IT                    0x080024cd   Thumb Code   246  stm32f4xx_hal_tim.o(.text.HAL_TIM_Base_Start_IT)
    HAL_TIM_IC_CaptureCallback               0x080025c5   Thumb Code     8  stm32f4xx_hal_tim.o(.text.HAL_TIM_IC_CaptureCallback)
    HAL_TIM_IRQHandler                       0x080025cd   Thumb Code   538  stm32f4xx_hal_tim.o(.text.HAL_TIM_IRQHandler)
    HAL_TIM_OC_DelayElapsedCallback          0x080027e9   Thumb Code     8  stm32f4xx_hal_tim.o(.text.HAL_TIM_OC_DelayElapsedCallback)
    HAL_TIM_PWM_PulseFinishedCallback        0x080027f1   Thumb Code     8  stm32f4xx_hal_tim.o(.text.HAL_TIM_PWM_PulseFinishedCallback)
    HAL_TIM_PeriodElapsedCallback            0x080027f9   Thumb Code    34  main.o(.text.HAL_TIM_PeriodElapsedCallback)
    HAL_TIM_TriggerCallback                  0x0800281d   Thumb Code     8  stm32f4xx_hal_tim.o(.text.HAL_TIM_TriggerCallback)
    HardFault_Handler                        0x08002825   Thumb Code     4  stm32f4xx_it.o(.text.HardFault_Handler)
    MX_CAN1_Init                             0x08002879   Thumb Code    78  can.o(.text.MX_CAN1_Init)
    MX_FREERTOS_Init                         0x080028c9   Thumb Code   134  freertos.o(.text.MX_FREERTOS_Init)
    MX_GPIO_Init                             0x08002951   Thumb Code   202  gpio.o(.text.MX_GPIO_Init)
    MemManage_Handler                        0x08002a1d   Thumb Code     4  stm32f4xx_it.o(.text.MemManage_Handler)
    MotorControlTask                         0x08002a21   Thumb Code   716  control_task.o(.text.MotorControlTask)
    NMI_Handler                              0x08002cf9   Thumb Code     4  stm32f4xx_it.o(.text.NMI_Handler)
    PID_Calc                                 0x08002d69   Thumb Code   378  pid.o(.text.PID_Calc)
    PID_Init                                 0x08002ee5   Thumb Code   106  pid.o(.text.PID_Init)
    PID_Reset                                0x08002f51   Thumb Code    26  pid.o(.text.PID_Reset)
    PendSV_Handler                           0x08002f71   Thumb Code   100  port.o(.text.PendSV_Handler)
    SVC_Handler                              0x08002fe1   Thumb Code    36  port.o(.text.SVC_Handler)
    StartDefaultTask                         0x08003005   Thumb Code    16  freertos.o(.text.StartDefaultTask)
    SysTick_Handler                          0x08003015   Thumb Code    60  port.o(.text.SysTick_Handler)
    SystemClock_Config                       0x08003051   Thumb Code   186  main.o(.text.SystemClock_Config)
    SystemInit                               0x0800310d   Thumb Code    18  system_stm32f4xx.o(.text.SystemInit)
    TIM4_IRQHandler                          0x08003121   Thumb Code    16  stm32f4xx_it.o(.text.TIM4_IRQHandler)
    TIM_Base_SetConfig                       0x08003131   Thumb Code   420  stm32f4xx_hal_tim.o(.text.TIM_Base_SetConfig)
    UsageFault_Handler                       0x080032d5   Thumb Code     4  stm32f4xx_it.o(.text.UsageFault_Handler)
    main                                     0x08003399   Thumb Code    40  main.o(.text.main)
    osDelay                                  0x080033e9   Thumb Code    40  cmsis_os.o(.text.osDelay)
    osKernelStart                            0x08003411   Thumb Code    10  cmsis_os.o(.text.osKernelStart)
    osThreadCreate                           0x0800341d   Thumb Code   172  cmsis_os.o(.text.osThreadCreate)
    pvPortMalloc                             0x08003ba5   Thumb Code   492  heap_4.o(.text.pvPortMalloc)
    pxPortInitialiseStack                    0x08003d91   Thumb Code    94  port.o(.text.pxPortInitialiseStack)
    uxListRemove                             0x08003df1   Thumb Code    72  list.o(.text.uxListRemove)
    vApplicationGetIdleTaskMemory            0x08003e39   Thumb Code    42  freertos.o(.text.vApplicationGetIdleTaskMemory)
    vListInitialise                          0x08003e65   Thumb Code    46  list.o(.text.vListInitialise)
    vListInitialiseItem                      0x08003e95   Thumb Code    14  list.o(.text.vListInitialiseItem)
    vListInsert                              0x08003ea5   Thumb Code   106  list.o(.text.vListInsert)
    vListInsertEnd                           0x08003f11   Thumb Code    58  list.o(.text.vListInsertEnd)
    vPortEnterCritical                       0x08003f61   Thumb Code    86  port.o(.text.vPortEnterCritical)
    vPortExitCritical                        0x08003fb9   Thumb Code    74  port.o(.text.vPortExitCritical)
    vPortFree                                0x08004005   Thumb Code   206  heap_4.o(.text.vPortFree)
    vPortSetupTimerInterrupt                 0x080040d5   Thumb Code    68  port.o(.text.vPortSetupTimerInterrupt)
    vTaskDelay                               0x08004119   Thumb Code   110  tasks.o(.text.vTaskDelay)
    vTaskStartScheduler                      0x08004189   Thumb Code   206  tasks.o(.text.vTaskStartScheduler)
    vTaskSuspendAll                          0x08004259   Thumb Code    16  tasks.o(.text.vTaskSuspendAll)
    vTaskSwitchContext                       0x08004269   Thumb Code   190  tasks.o(.text.vTaskSwitchContext)
    xPortStartScheduler                      0x08004329   Thumb Code   342  port.o(.text.xPortStartScheduler)
    xTaskCreate                              0x08004481   Thumb Code   158  tasks.o(.text.xTaskCreate)
    xTaskCreateStatic                        0x08004521   Thumb Code   206  tasks.o(.text.xTaskCreateStatic)
    xTaskIncrementTick                       0x080045f1   Thumb Code   440  tasks.o(.text.xTaskIncrementTick)
    xTaskResumeAll                           0x080047a9   Thumb Code   376  tasks.o(.text.xTaskResumeAll)
    _fp_init                                 0x08004921   Thumb Code    26  fpinit.o(x$fpl$fpinit)
    __fplib_config_fpu_vfp                   0x08004939   Thumb Code     0  fpinit.o(x$fpl$fpinit)
    __fplib_config_pureend_doubles           0x08004939   Thumb Code     0  fpinit.o(x$fpl$fpinit)
    AHBPrescTable                            0x08004974   Data          16  system_stm32f4xx.o(.rodata.AHBPrescTable)
    APBPrescTable                            0x08004984   Data           8  system_stm32f4xx.o(.rodata.APBPrescTable)
    Region$$Table$$Base                      0x080049a8   Number         0  anon$$obj.o(Region$$Table)
    Region$$Table$$Limit                     0x080049c8   Number         0  anon$$obj.o(Region$$Table)
    SystemCoreClock                          0x20000000   Data           4  system_stm32f4xx.o(.data.SystemCoreClock)
    g_angle_deadband                         0x20000004   Data           4  control_task.o(.data.g_angle_deadband)
    g_angle_int_sep                          0x20000008   Data           4  control_task.o(.data.g_angle_int_sep)
    g_angle_kd                               0x2000000c   Data           4  control_task.o(.data.g_angle_kd)
    g_angle_ki                               0x20000010   Data           4  control_task.o(.data.g_angle_ki)
    g_angle_kp                               0x20000014   Data           4  control_task.o(.data.g_angle_kp)
    g_angle_out_max                          0x20000018   Data           4  control_task.o(.data.g_angle_out_max)
    g_speed_i_max                            0x2000001c   Data           4  control_task.o(.data.g_speed_i_max)
    g_speed_ki                               0x20000020   Data           4  control_task.o(.data.g_speed_ki)
    g_speed_kp                               0x20000024   Data           4  control_task.o(.data.g_speed_kp)
    g_speed_out_max                          0x20000028   Data           4  control_task.o(.data.g_speed_out_max)
    uwTickFreq                               0x2000002c   Data           1  stm32f4xx_hal.o(.data.uwTickFreq)
    uwTickPrio                               0x20000030   Data           4  stm32f4xx_hal.o(.data.uwTickPrio)
    __libspace_start                         0x20000038   Data          96  libspace.o(.bss)
    CtrlTaskHandle                           0x20000098   Data           4  freertos.o(.bss.CtrlTaskHandle)
    __temporary_stack_top$libspace           0x20000098   Data           0  libspace.o(.bss)
    defaultTaskHandle                        0x200000a0   Data           4  freertos.o(.bss.defaultTaskHandle)
    g_angle_error_deg                        0x200000a4   Data           4  control_task.o(.bss.g_angle_error_deg)
    g_angle_kff                              0x200000a8   Data           4  control_task.o(.bss.g_angle_kff)
    g_can_rx_count                           0x200000ac   Data           4  gm6020.o(.bss.g_can_rx_count)
    g_can_rx_motor_count                     0x200000b0   Data           4  gm6020.o(.bss.g_can_rx_motor_count)
    g_motor                                  0x200000b4   Data          24  gm6020.o(.bss.g_motor)
    g_motor_angle_deg                        0x200000cc   Data           4  control_task.o(.bss.g_motor_angle_deg)
    g_motor_online                           0x200000d0   Data           1  control_task.o(.bss.g_motor_online)
    g_motor_speed_rpm                        0x200000d4   Data           4  control_task.o(.bss.g_motor_speed_rpm)
    g_speed_kd                               0x200000d8   Data           4  control_task.o(.bss.g_speed_kd)
    g_target_angle_deg                       0x200000dc   Data           4  control_task.o(.bss.g_target_angle_deg)
    g_target_current                         0x200000e0   Data           4  control_task.o(.bss.g_target_current)
    g_target_speed_rpm                       0x200000e4   Data           4  control_task.o(.bss.g_target_speed_rpm)
    hcan1                                    0x200000e8   Data          40  can.o(.bss.hcan1)
    htim4                                    0x20000110   Data          72  stm32f4xx_hal_timebase_tim.o(.bss.htim4)
    pxCurrentTCB                             0x20000158   Data           4  tasks.o(.bss.pxCurrentTCB)
    uwTick                                   0x20003e64   Data           4  stm32f4xx_hal.o(.bss.uwTick)



==============================================================================

Memory Map of the image

  Image Entry point : 0x08000189

  Load Region LR_IROM1 (Base: 0x08000000, Size: 0x00004a00, Max: 0x00100000, ABSOLUTE)

    Execution Region ER_IROM1 (Exec base: 0x08000000, Load base: 0x08000000, Size: 0x000049c8, Max: 0x00100000, ABSOLUTE)

    Exec Addr    Load Addr    Size         Type   Attr      Idx    E Section Name        Object

    0x08000000   0x08000000   0x00000188   Data   RO            3    RESET               startup_stm32f407xx.o
    0x08000188   0x08000188   0x00000008   Code   RO         1544  * !!!main             c_w.l(__main.o)
    0x08000190   0x08000190   0x0000005c   Code   RO         1723    !!!scatter          c_w.l(__scatter.o)
    0x080001ec   0x080001ec   0x0000001a   Code   RO         1727    !!handler_copy      c_w.l(__scatter_copy.o)
    0x08000206   0x08000206   0x00000002   PAD
    0x08000208   0x08000208   0x00000002   Code   RO         1724    !!handler_null      c_w.l(__scatter.o)
    0x0800020a   0x0800020a   0x00000002   PAD
    0x0800020c   0x0800020c   0x0000001c   Code   RO         1729    !!handler_zi        c_w.l(__scatter_zi.o)
    0x08000228   0x08000228   0x00000002   Code   RO         1585    .ARM.Collect$$libinit$$00000000  c_w.l(libinit.o)
    0x0800022a   0x0800022a   0x00000004   Code   RO         1597    .ARM.Collect$$libinit$$00000001  c_w.l(libinit2.o)
    0x0800022e   0x0800022e   0x00000000   Code   RO         1600    .ARM.Collect$$libinit$$00000004  c_w.l(libinit2.o)
    0x0800022e   0x0800022e   0x00000000   Code   RO         1602    .ARM.Collect$$libinit$$00000006  c_w.l(libinit2.o)
    0x0800022e   0x0800022e   0x00000000   Code   RO         1605    .ARM.Collect$$libinit$$0000000C  c_w.l(libinit2.o)
    0x0800022e   0x0800022e   0x00000000   Code   RO         1607    .ARM.Collect$$libinit$$0000000E  c_w.l(libinit2.o)
    0x0800022e   0x0800022e   0x00000000   Code   RO         1609    .ARM.Collect$$libinit$$00000010  c_w.l(libinit2.o)
    0x0800022e   0x0800022e   0x00000000   Code   RO         1612    .ARM.Collect$$libinit$$00000013  c_w.l(libinit2.o)
    0x0800022e   0x0800022e   0x00000000   Code   RO         1614    .ARM.Collect$$libinit$$00000015  c_w.l(libinit2.o)
    0x0800022e   0x0800022e   0x00000000   Code   RO         1616    .ARM.Collect$$libinit$$00000017  c_w.l(libinit2.o)
    0x0800022e   0x0800022e   0x00000000   Code   RO         1618    .ARM.Collect$$libinit$$00000019  c_w.l(libinit2.o)
    0x0800022e   0x0800022e   0x00000000   Code   RO         1620    .ARM.Collect$$libinit$$0000001B  c_w.l(libinit2.o)
    0x0800022e   0x0800022e   0x00000000   Code   RO         1622    .ARM.Collect$$libinit$$0000001D  c_w.l(libinit2.o)
    0x0800022e   0x0800022e   0x00000000   Code   RO         1624    .ARM.Collect$$libinit$$0000001F  c_w.l(libinit2.o)
    0x0800022e   0x0800022e   0x00000000   Code   RO         1626    .ARM.Collect$$libinit$$00000021  c_w.l(libinit2.o)
    0x0800022e   0x0800022e   0x00000000   Code   RO         1628    .ARM.Collect$$libinit$$00000023  c_w.l(libinit2.o)
    0x0800022e   0x0800022e   0x00000000   Code   RO         1630    .ARM.Collect$$libinit$$00000025  c_w.l(libinit2.o)
    0x0800022e   0x0800022e   0x00000000   Code   RO         1632    .ARM.Collect$$libinit$$00000027  c_w.l(libinit2.o)
    0x0800022e   0x0800022e   0x00000000   Code   RO         1636    .ARM.Collect$$libinit$$0000002E  c_w.l(libinit2.o)
    0x0800022e   0x0800022e   0x00000000   Code   RO         1638    .ARM.Collect$$libinit$$00000030  c_w.l(libinit2.o)
    0x0800022e   0x0800022e   0x00000000   Code   RO         1640    .ARM.Collect$$libinit$$00000032  c_w.l(libinit2.o)
    0x0800022e   0x0800022e   0x00000000   Code   RO         1642    .ARM.Collect$$libinit$$00000034  c_w.l(libinit2.o)
    0x0800022e   0x0800022e   0x00000002   Code   RO         1643    .ARM.Collect$$libinit$$00000035  c_w.l(libinit2.o)
    0x08000230   0x08000230   0x00000002   Code   RO         1678    .ARM.Collect$$libshutdown$$00000000  c_w.l(libshutdown.o)
    0x08000232   0x08000232   0x00000000   Code   RO         1706    .ARM.Collect$$libshutdown$$00000002  c_w.l(libshutdown2.o)
    0x08000232   0x08000232   0x00000000   Code   RO         1708    .ARM.Collect$$libshutdown$$00000004  c_w.l(libshutdown2.o)
    0x08000232   0x08000232   0x00000000   Code   RO         1711    .ARM.Collect$$libshutdown$$00000007  c_w.l(libshutdown2.o)
    0x08000232   0x08000232   0x00000000   Code   RO         1714    .ARM.Collect$$libshutdown$$0000000A  c_w.l(libshutdown2.o)
    0x08000232   0x08000232   0x00000000   Code   RO         1716    .ARM.Collect$$libshutdown$$0000000C  c_w.l(libshutdown2.o)
    0x08000232   0x08000232   0x00000000   Code   RO         1719    .ARM.Collect$$libshutdown$$0000000F  c_w.l(libshutdown2.o)
    0x08000232   0x08000232   0x00000002   Code   RO         1720    .ARM.Collect$$libshutdown$$00000010  c_w.l(libshutdown2.o)
    0x08000234   0x08000234   0x00000000   Code   RO         1546    .ARM.Collect$$rtentry$$00000000  c_w.l(__rtentry.o)
    0x08000234   0x08000234   0x00000000   Code   RO         1556    .ARM.Collect$$rtentry$$00000002  c_w.l(__rtentry2.o)
    0x08000234   0x08000234   0x00000006   Code   RO         1568    .ARM.Collect$$rtentry$$00000004  c_w.l(__rtentry4.o)
    0x0800023a   0x0800023a   0x00000000   Code   RO         1558    .ARM.Collect$$rtentry$$00000009  c_w.l(__rtentry2.o)
    0x0800023a   0x0800023a   0x00000004   Code   RO         1559    .ARM.Collect$$rtentry$$0000000A  c_w.l(__rtentry2.o)
    0x0800023e   0x0800023e   0x00000000   Code   RO         1561    .ARM.Collect$$rtentry$$0000000C  c_w.l(__rtentry2.o)
    0x0800023e   0x0800023e   0x00000008   Code   RO         1562    .ARM.Collect$$rtentry$$0000000D  c_w.l(__rtentry2.o)
    0x08000246   0x08000246   0x00000002   Code   RO         1589    .ARM.Collect$$rtexit$$00000000  c_w.l(rtexit.o)
    0x08000248   0x08000248   0x00000000   Code   RO         1649    .ARM.Collect$$rtexit$$00000002  c_w.l(rtexit2.o)
    0x08000248   0x08000248   0x00000004   Code   RO         1650    .ARM.Collect$$rtexit$$00000003  c_w.l(rtexit2.o)
    0x0800024c   0x0800024c   0x00000006   Code   RO         1651    .ARM.Collect$$rtexit$$00000004  c_w.l(rtexit2.o)
    0x08000252   0x08000252   0x00000002   PAD
    0x08000254   0x08000254   0x00000040   Code   RO            4    .text               startup_stm32f407xx.o
    0x08000294   0x08000294   0x000000f0   Code   RO         1534    .text               c_w.l(lludivv7m.o)
    0x08000384   0x08000384   0x0000004e   Code   RO         1540    .text               c_w.l(rt_memclr_w.o)
    0x080003d2   0x080003d2   0x00000006   Code   RO         1542    .text               c_w.l(heapauxi.o)
    0x080003d8   0x080003d8   0x0000004a   Code   RO         1572    .text               c_w.l(sys_stackheap_outer.o)
    0x08000422   0x08000422   0x00000012   Code   RO         1574    .text               c_w.l(exit.o)
    0x08000434   0x08000434   0x00000008   Code   RO         1586    .text               c_w.l(libspace.o)
    0x0800043c   0x0800043c   0x0000000c   Code   RO         1644    .text               c_w.l(sys_exit.o)
    0x08000448   0x08000448   0x00000002   Code   RO         1667    .text               c_w.l(use_no_semi.o)
    0x0800044a   0x0800044a   0x00000000   Code   RO         1669    .text               c_w.l(indicate_semi.o)
    0x0800044a   0x0800044a   0x00000002   PAD
    0x0800044c   0x0800044c   0x00000004   Code   RO           75    .text.BusFault_Handler  stm32f4xx_it.o
    0x08000450   0x08000450   0x00000010   Code   RO           81    .text.CAN1_RX0_IRQHandler  stm32f4xx_it.o
    0x08000460   0x08000460   0x00000064   Code   RO         1468    .text.CAN_UserInit  gm6020.o
    0x080004c4   0x080004c4   0x00000002   Code   RO           79    .text.DebugMon_Handler  stm32f4xx_it.o
    0x080004c6   0x080004c6   0x00000002   PAD
    0x080004c8   0x080004c8   0x00000006   Code   RO           15    .text.Error_Handler  main.o
    0x080004ce   0x080004ce   0x00000002   PAD
    0x080004d0   0x080004d0   0x00000124   Code   RO         1472    .text.FeedbackDecode  gm6020.o
    0x080005f4   0x080005f4   0x0000007e   Code   RO         1474    .text.GM6020_SendCurrent  gm6020.o
    0x08000672   0x08000672   0x00000002   PAD
    0x08000674   0x08000674   0x00000052   Code   RO          484    .text.HAL_CAN_ActivateNotification  stm32f4xx_hal_can.o
    0x080006c6   0x080006c6   0x00000002   PAD
    0x080006c8   0x080006c8   0x00000156   Code   RO          470    .text.HAL_CAN_AddTxMessage  stm32f4xx_hal_can.o
    0x0800081e   0x0800081e   0x00000002   PAD
    0x08000820   0x08000820   0x0000019e   Code   RO          460    .text.HAL_CAN_ConfigFilter  stm32f4xx_hal_can.o
    0x080009be   0x080009be   0x00000002   PAD
    0x080009c0   0x080009c0   0x00000008   Code   RO          514    .text.HAL_CAN_ErrorCallback  stm32f4xx_hal_can.o
    0x080009c8   0x080009c8   0x00000212   Code   RO          480    .text.HAL_CAN_GetRxMessage  stm32f4xx_hal_can.o
    0x08000bda   0x08000bda   0x00000002   PAD
    0x08000bdc   0x08000bdc   0x000003f2   Code   RO          488    .text.HAL_CAN_IRQHandler  stm32f4xx_hal_can.o
    0x08000fce   0x08000fce   0x00000002   PAD
    0x08000fd0   0x08000fd0   0x000001de   Code   RO          450    .text.HAL_CAN_Init  stm32f4xx_hal_can.o
    0x080011ae   0x080011ae   0x00000002   PAD
    0x080011b0   0x080011b0   0x000000a2   Code   RO           57    .text.HAL_CAN_MspInit  can.o
    0x08001252   0x08001252   0x00000002   PAD
    0x08001254   0x08001254   0x00000008   Code   RO          502    .text.HAL_CAN_RxFifo0FullCallback  stm32f4xx_hal_can.o
    0x0800125c   0x0800125c   0x00000066   Code   RO         1470    .text.HAL_CAN_RxFifo0MsgPendingCallback  gm6020.o
    0x080012c2   0x080012c2   0x00000002   PAD
    0x080012c4   0x080012c4   0x00000008   Code   RO          506    .text.HAL_CAN_RxFifo1FullCallback  stm32f4xx_hal_can.o
    0x080012cc   0x080012cc   0x00000008   Code   RO          508    .text.HAL_CAN_RxFifo1MsgPendingCallback  stm32f4xx_hal_can.o
    0x080012d4   0x080012d4   0x00000008   Code   RO          510    .text.HAL_CAN_SleepCallback  stm32f4xx_hal_can.o
    0x080012dc   0x080012dc   0x0000008a   Code   RO          462    .text.HAL_CAN_Start  stm32f4xx_hal_can.o
    0x08001366   0x08001366   0x00000002   PAD
    0x08001368   0x08001368   0x00000008   Code   RO          492    .text.HAL_CAN_TxMailbox0AbortCallback  stm32f4xx_hal_can.o
    0x08001370   0x08001370   0x00000008   Code   RO          490    .text.HAL_CAN_TxMailbox0CompleteCallback  stm32f4xx_hal_can.o
    0x08001378   0x08001378   0x00000008   Code   RO          496    .text.HAL_CAN_TxMailbox1AbortCallback  stm32f4xx_hal_can.o
    0x08001380   0x08001380   0x00000008   Code   RO          494    .text.HAL_CAN_TxMailbox1CompleteCallback  stm32f4xx_hal_can.o
    0x08001388   0x08001388   0x00000008   Code   RO          500    .text.HAL_CAN_TxMailbox2AbortCallback  stm32f4xx_hal_can.o
    0x08001390   0x08001390   0x00000008   Code   RO          498    .text.HAL_CAN_TxMailbox2CompleteCallback  stm32f4xx_hal_can.o
    0x08001398   0x08001398   0x00000008   Code   RO          512    .text.HAL_CAN_WakeUpFromRxMsgCallback  stm32f4xx_hal_can.o
    0x080013a0   0x080013a0   0x000003b6   Code   RO          665    .text.HAL_GPIO_Init  stm32f4xx_hal_gpio.o
    0x08001756   0x08001756   0x00000002   PAD
    0x08001758   0x08001758   0x0000002e   Code   RO          671    .text.HAL_GPIO_WritePin  stm32f4xx_hal_gpio.o
    0x08001786   0x08001786   0x00000002   PAD
    0x08001788   0x08001788   0x0000000c   Code   RO          890    .text.HAL_GetTick   stm32f4xx_hal.o
    0x08001794   0x08001794   0x0000001a   Code   RO          888    .text.HAL_IncTick   stm32f4xx_hal.o
    0x080017ae   0x080017ae   0x00000002   PAD
    0x080017b0   0x080017b0   0x00000036   Code   RO          878    .text.HAL_Init      stm32f4xx_hal.o
    0x080017e6   0x080017e6   0x00000002   PAD
    0x080017e8   0x080017e8   0x000000f0   Code   RO          100    .text.HAL_InitTick  stm32f4xx_hal_timebase_tim.o
    0x080018d8   0x080018d8   0x00000058   Code   RO           92    .text.HAL_MspInit   stm32f4xx_hal_msp.o
    0x08001930   0x08001930   0x00000014   Code   RO          813    .text.HAL_NVIC_EnableIRQ  stm32f4xx_hal_cortex.o
    0x08001944   0x08001944   0x00000032   Code   RO          805    .text.HAL_NVIC_SetPriority  stm32f4xx_hal_cortex.o
    0x08001976   0x08001976   0x00000002   PAD
    0x08001978   0x08001978   0x00000010   Code   RO          801    .text.HAL_NVIC_SetPriorityGrouping  stm32f4xx_hal_cortex.o
    0x08001988   0x08001988   0x00000262   Code   RO          533    .text.HAL_RCC_ClockConfig  stm32f4xx_hal_rcc.o
    0x08001bea   0x08001bea   0x00000002   PAD
    0x08001bec   0x08001bec   0x00000054   Code   RO          551    .text.HAL_RCC_GetClockConfig  stm32f4xx_hal_rcc.o
    0x08001c40   0x08001c40   0x0000000c   Code   RO          543    .text.HAL_RCC_GetHCLKFreq  stm32f4xx_hal_rcc.o
    0x08001c4c   0x08001c4c   0x00000022   Code   RO          545    .text.HAL_RCC_GetPCLK1Freq  stm32f4xx_hal_rcc.o
    0x08001c6e   0x08001c6e   0x00000002   PAD
    0x08001c70   0x08001c70   0x000000e6   Code   RO          535    .text.HAL_RCC_GetSysClockFreq  stm32f4xx_hal_rcc.o
    0x08001d56   0x08001d56   0x00000002   PAD
    0x08001d58   0x08001d58   0x000006be   Code   RO          531    .text.HAL_RCC_OscConfig  stm32f4xx_hal_rcc.o
    0x08002416   0x08002416   0x00000002   PAD
    0x08002418   0x08002418   0x00000008   Code   RO          437    .text.HAL_TIMEx_BreakCallback  stm32f4xx_hal_tim_ex.o
    0x08002420   0x08002420   0x00000008   Code   RO          433    .text.HAL_TIMEx_CommutCallback  stm32f4xx_hal_tim_ex.o
    0x08002428   0x08002428   0x0000009c   Code   RO          114    .text.HAL_TIM_Base_Init  stm32f4xx_hal_tim.o
    0x080024c4   0x080024c4   0x00000008   Code   RO          116    .text.HAL_TIM_Base_MspInit  stm32f4xx_hal_tim.o
    0x080024cc   0x080024cc   0x000000f6   Code   RO          128    .text.HAL_TIM_Base_Start_IT  stm32f4xx_hal_tim.o
    0x080025c2   0x080025c2   0x00000002   PAD
    0x080025c4   0x080025c4   0x00000008   Code   RO          250    .text.HAL_TIM_IC_CaptureCallback  stm32f4xx_hal_tim.o
    0x080025cc   0x080025cc   0x0000021a   Code   RO          248    .text.HAL_TIM_IRQHandler  stm32f4xx_hal_tim.o
    0x080027e6   0x080027e6   0x00000002   PAD
    0x080027e8   0x080027e8   0x00000008   Code   RO          252    .text.HAL_TIM_OC_DelayElapsedCallback  stm32f4xx_hal_tim.o
    0x080027f0   0x080027f0   0x00000008   Code   RO          254    .text.HAL_TIM_PWM_PulseFinishedCallback  stm32f4xx_hal_tim.o
    0x080027f8   0x080027f8   0x00000022   Code   RO           17    .text.HAL_TIM_PeriodElapsedCallback  main.o
    0x0800281a   0x0800281a   0x00000002   PAD
    0x0800281c   0x0800281c   0x00000008   Code   RO          258    .text.HAL_TIM_TriggerCallback  stm32f4xx_hal_tim.o
    0x08002824   0x08002824   0x00000004   Code   RO           71    .text.HardFault_Handler  stm32f4xx_it.o
    0x08002828   0x08002828   0x00000050   Code   RO         1524    .text.Limit         pid.o
    0x08002878   0x08002878   0x0000004e   Code   RO           55    .text.MX_CAN1_Init  can.o
    0x080028c6   0x080028c6   0x00000002   PAD
    0x080028c8   0x080028c8   0x00000086   Code   RO           37    .text.MX_FREERTOS_Init  freertos.o
    0x0800294e   0x0800294e   0x00000002   PAD
    0x08002950   0x08002950   0x000000ca   Code   RO           27    .text.MX_GPIO_Init  gpio.o
    0x08002a1a   0x08002a1a   0x00000002   PAD
    0x08002a1c   0x08002a1c   0x00000004   Code   RO           73    .text.MemManage_Handler  stm32f4xx_it.o
    0x08002a20   0x08002a20   0x000002d8   Code   RO         1488    .text.MotorControlTask  control_task.o
    0x08002cf8   0x08002cf8   0x00000004   Code   RO           69    .text.NMI_Handler   stm32f4xx_it.o
    0x08002cfc   0x08002cfc   0x0000006c   Code   RO          811    .text.NVIC_EncodePriority  stm32f4xx_hal_cortex.o
    0x08002d68   0x08002d68   0x0000017a   Code   RO         1522    .text.PID_Calc      pid.o
    0x08002ee2   0x08002ee2   0x00000002   PAD
    0x08002ee4   0x08002ee4   0x0000006a   Code   RO         1518    .text.PID_Init      pid.o
    0x08002f4e   0x08002f4e   0x00000002   PAD
    0x08002f50   0x08002f50   0x0000001a   Code   RO         1520    .text.PID_Reset     pid.o
    0x08002f6a   0x08002f6a   0x00000006   PAD
    0x08002f70   0x08002f70   0x00000064   Code   RO         1452    .text.PendSV_Handler  port.o
    0x08002fd4   0x08002fd4   0x0000000c   PAD
    0x08002fe0   0x08002fe0   0x00000024   Code   RO         1436    .text.SVC_Handler   port.o
    0x08003004   0x08003004   0x00000010   Code   RO           39    .text.StartDefaultTask  freertos.o
    0x08003014   0x08003014   0x0000003c   Code   RO         1454    .text.SysTick_Handler  port.o
    0x08003050   0x08003050   0x000000ba   Code   RO           13    .text.SystemClock_Config  main.o
    0x0800310a   0x0800310a   0x00000002   PAD
    0x0800310c   0x0800310c   0x00000012   Code   RO          967    .text.SystemInit    system_stm32f4xx.o
    0x0800311e   0x0800311e   0x00000002   PAD
    0x08003120   0x08003120   0x00000010   Code   RO           83    .text.TIM4_IRQHandler  stm32f4xx_it.o
    0x08003130   0x08003130   0x000001a4   Code   RO          118    .text.TIM_Base_SetConfig  stm32f4xx_hal_tim.o
    0x080032d4   0x080032d4   0x00000004   Code   RO           77    .text.UsageFault_Handler  stm32f4xx_it.o
    0x080032d8   0x080032d8   0x00000030   Code   RO          815    .text.__NVIC_EnableIRQ  stm32f4xx_hal_cortex.o
    0x08003308   0x08003308   0x00000010   Code   RO          807    .text.__NVIC_GetPriorityGrouping  stm32f4xx_hal_cortex.o
    0x08003318   0x08003318   0x00000042   Code   RO          809    .text.__NVIC_SetPriority  stm32f4xx_hal_cortex.o
    0x0800335a   0x0800335a   0x00000002   PAD
    0x0800335c   0x0800335c   0x0000003c   Code   RO          803    .text.__NVIC_SetPriorityGrouping  stm32f4xx_hal_cortex.o
    0x08003398   0x08003398   0x00000028   Code   RO           11    .text.main          main.o
    0x080033c0   0x080033c0   0x00000028   Code   RO         1291    .text.makeFreeRtosPriority  cmsis_os.o
    0x080033e8   0x080033e8   0x00000028   Code   RO         1305    .text.osDelay       cmsis_os.o
    0x08003410   0x08003410   0x0000000a   Code   RO         1281    .text.osKernelStart  cmsis_os.o
    0x0800341a   0x0800341a   0x00000002   PAD
    0x0800341c   0x0800341c   0x000000ac   Code   RO         1289    .text.osThreadCreate  cmsis_os.o
    0x080034c8   0x080034c8   0x000000f4   Code   RO         1165    .text.prvAddCurrentTaskToDelayedList  tasks.o
    0x080035bc   0x080035bc   0x00000110   Code   RO         1151    .text.prvAddNewTaskToReadyList  tasks.o
    0x080036cc   0x080036cc   0x0000005a   Code   RO         1249    .text.prvCheckTasksWaitingTermination  tasks.o
    0x08003726   0x08003726   0x00000002   PAD
    0x08003728   0x08003728   0x0000005e   Code   RO         1157    .text.prvDeleteTCB  tasks.o
    0x08003786   0x08003786   0x00000002   PAD
    0x08003788   0x08003788   0x000000bc   Code   RO         1403    .text.prvHeapInit   heap_4.o
    0x08003844   0x08003844   0x00000038   Code   RO         1187    .text.prvIdleTask   tasks.o
    0x0800387c   0x0800387c   0x00000114   Code   RO         1149    .text.prvInitialiseNewTask  tasks.o
    0x08003990   0x08003990   0x0000008e   Code   RO         1247    .text.prvInitialiseTaskLists  tasks.o
    0x08003a1e   0x08003a1e   0x00000002   PAD
    0x08003a20   0x08003a20   0x000000c6   Code   RO         1405    .text.prvInsertBlockIntoFreeList  heap_4.o
    0x08003ae6   0x08003ae6   0x00000002   PAD
    0x08003ae8   0x08003ae8   0x00000028   Code   RO         1444    .text.prvPortStartFirstTask  port.o
    0x08003b10   0x08003b10   0x00000046   Code   RO         1159    .text.prvResetNextTaskUnblockTime  tasks.o
    0x08003b56   0x08003b56   0x00000002   PAD
    0x08003b58   0x08003b58   0x0000004c   Code   RO         1434    .text.prvTaskExitError  port.o
    0x08003ba4   0x08003ba4   0x000001ec   Code   RO         1401    .text.pvPortMalloc  heap_4.o
    0x08003d90   0x08003d90   0x0000005e   Code   RO         1432    .text.pxPortInitialiseStack  port.o
    0x08003dee   0x08003dee   0x00000002   PAD
    0x08003df0   0x08003df0   0x00000048   Code   RO         1019    .text.uxListRemove  list.o
    0x08003e38   0x08003e38   0x0000002a   Code   RO           35    .text.vApplicationGetIdleTaskMemory  freertos.o
    0x08003e62   0x08003e62   0x00000002   PAD
    0x08003e64   0x08003e64   0x0000002e   Code   RO         1011    .text.vListInitialise  list.o
    0x08003e92   0x08003e92   0x00000002   PAD
    0x08003e94   0x08003e94   0x0000000e   Code   RO         1013    .text.vListInitialiseItem  list.o
    0x08003ea2   0x08003ea2   0x00000002   PAD
    0x08003ea4   0x08003ea4   0x0000006a   Code   RO         1017    .text.vListInsert   list.o
    0x08003f0e   0x08003f0e   0x00000002   PAD
    0x08003f10   0x08003f10   0x0000003a   Code   RO         1015    .text.vListInsertEnd  list.o
    0x08003f4a   0x08003f4a   0x00000002   PAD
    0x08003f4c   0x08003f4c   0x00000014   Code   RO         1442    .text.vPortEnableVFP  port.o
    0x08003f60   0x08003f60   0x00000056   Code   RO         1448    .text.vPortEnterCritical  port.o
    0x08003fb6   0x08003fb6   0x00000002   PAD
    0x08003fb8   0x08003fb8   0x0000004a   Code   RO         1450    .text.vPortExitCritical  port.o
    0x08004002   0x08004002   0x00000002   PAD
    0x08004004   0x08004004   0x000000ce   Code   RO         1407    .text.vPortFree     heap_4.o
    0x080040d2   0x080040d2   0x00000002   PAD
    0x080040d4   0x080040d4   0x00000044   Code   RO         1440    .text.vPortSetupTimerInterrupt  port.o
    0x08004118   0x08004118   0x0000006e   Code   RO         1161    .text.vTaskDelay    tasks.o
    0x08004186   0x08004186   0x00000002   PAD
    0x08004188   0x08004188   0x000000ce   Code   RO         1185    .text.vTaskStartScheduler  tasks.o
    0x08004256   0x08004256   0x00000002   PAD
    0x08004258   0x08004258   0x00000010   Code   RO         1163    .text.vTaskSuspendAll  tasks.o
    0x08004268   0x08004268   0x000000be   Code   RO         1177    .text.vTaskSwitchContext  tasks.o
    0x08004326   0x08004326   0x00000002   PAD
    0x08004328   0x08004328   0x00000156   Code   RO         1438    .text.xPortStartScheduler  port.o
    0x0800447e   0x0800447e   0x00000002   PAD
    0x08004480   0x08004480   0x0000009e   Code   RO         1153    .text.xTaskCreate   tasks.o
    0x0800451e   0x0800451e   0x00000002   PAD
    0x08004520   0x08004520   0x000000ce   Code   RO         1147    .text.xTaskCreateStatic  tasks.o
    0x080045ee   0x080045ee   0x00000002   PAD
    0x080045f0   0x080045f0   0x000001b8   Code   RO         1191    .text.xTaskIncrementTick  tasks.o
    0x080047a8   0x080047a8   0x00000178   Code   RO         1167    .text.xTaskResumeAll  tasks.o
    0x08004920   0x08004920   0x0000001a   Code   RO         1661    x$fpl$fpinit        fz_wm.l(fpinit.o)
    0x0800493a   0x0800493a   0x00000002   PAD
    0x0800493c   0x0800493c   0x0000001c   Data   RO           46    .rodata..L__const.MX_FREERTOS_Init.os_thread_def_CtrlTask  freertos.o
    0x08004958   0x08004958   0x0000001c   Data   RO           44    .rodata..L__const.MX_FREERTOS_Init.os_thread_def_defaultTask  freertos.o
    0x08004974   0x08004974   0x00000010   Data   RO          972    .rodata.AHBPrescTable  system_stm32f4xx.o
    0x08004984   0x08004984   0x00000008   Data   RO          973    .rodata.APBPrescTable  system_stm32f4xx.o
    0x0800498c   0x0800498c   0x00000015   Data   RO           43    .rodata.str1.1      freertos.o
    0x080049a1   0x080049a1   0x00000005   Data   RO         1262    .rodata.str1.1      tasks.o
    0x080049a6   0x080049a6   0x00000002   PAD
    0x080049a8   0x080049a8   0x00000020   Data   RO         1722    Region$$Table       anon$$obj.o


    Execution Region RW_IRAM1 (Exec base: 0x20000000, Load base: 0x080049c8, Size: 0x00004770, Max: 0x0001c000, ABSOLUTE)

    Exec Addr    Load Addr    Size         Type   Attr      Idx    E Section Name        Object

    0x20000000   0x080049c8   0x00000004   Data   RW          971    .data.SystemCoreClock  system_stm32f4xx.o
    0x20000004   0x080049cc   0x00000004   Data   RW         1494    .data.g_angle_deadband  control_task.o
    0x20000008   0x080049d0   0x00000004   Data   RW         1495    .data.g_angle_int_sep  control_task.o
    0x2000000c   0x080049d4   0x00000004   Data   RW         1492    .data.g_angle_kd    control_task.o
    0x20000010   0x080049d8   0x00000004   Data   RW         1491    .data.g_angle_ki    control_task.o
    0x20000014   0x080049dc   0x00000004   Data   RW         1490    .data.g_angle_kp    control_task.o
    0x20000018   0x080049e0   0x00000004   Data   RW         1499    .data.g_angle_out_max  control_task.o
    0x2000001c   0x080049e4   0x00000004   Data   RW         1501    .data.g_speed_i_max  control_task.o
    0x20000020   0x080049e8   0x00000004   Data   RW         1497    .data.g_speed_ki    control_task.o
    0x20000024   0x080049ec   0x00000004   Data   RW         1496    .data.g_speed_kp    control_task.o
    0x20000028   0x080049f0   0x00000004   Data   RW         1500    .data.g_speed_out_max  control_task.o
    0x2000002c   0x080049f4   0x00000001   Data   RW          933    .data.uwTickFreq    stm32f4xx_hal.o
    0x2000002d   0x080049f5   0x00000003   PAD
    0x20000030   0x080049f8   0x00000004   Data   RW          932    .data.uwTickPrio    stm32f4xx_hal.o
    0x20000034   0x080049fc   0x00000004   Data   RW         1460    .data.uxCriticalNesting  port.o
    0x20000038        -       0x00000060   Zero   RW         1587    .bss                c_w.l(libspace.o)
    0x20000098        -       0x00000004   Zero   RW           47    .bss.CtrlTaskHandle  freertos.o
    0x2000009c        -       0x00000001   Zero   RW         1480    .bss.FeedbackDecode.s_first_frame  gm6020.o
    0x2000009d   0x08004a00   0x00000001   PAD
    0x2000009e        -       0x00000002   Zero   RW         1479    .bss.FeedbackDecode.s_last_raw  gm6020.o
    0x200000a0        -       0x00000004   Zero   RW           45    .bss.defaultTaskHandle  freertos.o
    0x200000a4        -       0x00000004   Zero   RW         1509    .bss.g_angle_error_deg  control_task.o
    0x200000a8        -       0x00000004   Zero   RW         1493    .bss.g_angle_kff    control_task.o
    0x200000ac        -       0x00000004   Zero   RW         1476    .bss.g_can_rx_count  gm6020.o
    0x200000b0        -       0x00000004   Zero   RW         1477    .bss.g_can_rx_motor_count  gm6020.o
    0x200000b4        -       0x00000018   Zero   RW         1478    .bss.g_motor        gm6020.o
    0x200000cc        -       0x00000004   Zero   RW         1507    .bss.g_motor_angle_deg  control_task.o
    0x200000d0        -       0x00000001   Zero   RW         1504    .bss.g_motor_online  control_task.o
    0x200000d1   0x08004a00   0x00000003   PAD
    0x200000d4        -       0x00000004   Zero   RW         1508    .bss.g_motor_speed_rpm  control_task.o
    0x200000d8        -       0x00000004   Zero   RW         1498    .bss.g_speed_kd     control_task.o
    0x200000dc        -       0x00000004   Zero   RW         1506    .bss.g_target_angle_deg  control_task.o
    0x200000e0        -       0x00000004   Zero   RW         1511    .bss.g_target_current  control_task.o
    0x200000e4        -       0x00000004   Zero   RW         1510    .bss.g_target_speed_rpm  control_task.o
    0x200000e8        -       0x00000028   Zero   RW           61    .bss.hcan1          can.o
    0x20000110        -       0x00000048   Zero   RW          106    .bss.htim4          stm32f4xx_hal_timebase_tim.o
    0x20000158        -       0x00000004   Zero   RW         1251    .bss.pxCurrentTCB   tasks.o
    0x2000015c        -       0x00000004   Zero   RW         1268    .bss.pxDelayedTaskList  tasks.o
    0x20000160        -       0x00000004   Zero   RW         1417    .bss.pxEnd          heap_4.o
    0x20000164        -       0x00000004   Zero   RW         1269    .bss.pxOverflowDelayedTaskList  tasks.o
    0x20000168        -       0x0000008c   Zero   RW         1252    .bss.pxReadyTasksLists  tasks.o
    0x200001f4        -       0x00000034   Zero   RW         1502    .bss.s_angle_pid    control_task.o
    0x20000228        -       0x00000034   Zero   RW         1503    .bss.s_speed_pid    control_task.o
    0x2000025c        -       0x00000001   Zero   RW         1505    .bss.s_target_initialized  control_task.o
    0x2000025d        -       0x00003c00   Zero   RW         1424    .bss.ucHeap         heap_4.o
    0x20003e5d        -       0x00000001   Zero   RW         1458    .bss.ucMaxSysCallPriority  port.o
    0x20003e5e   0x08004a00   0x00000002   PAD
    0x20003e60        -       0x00000004   Zero   RW         1459    .bss.ulMaxPRIGROUPValue  port.o
    0x20003e64        -       0x00000004   Zero   RW          934    .bss.uwTick         stm32f4xx_hal.o
    0x20003e68        -       0x00000004   Zero   RW         1257    .bss.uxCurrentNumberOfTasks  tasks.o
    0x20003e6c        -       0x00000004   Zero   RW         1256    .bss.uxDeletedTasksWaitingCleanUp  tasks.o
    0x20003e70        -       0x00000004   Zero   RW         1259    .bss.uxSchedulerSuspended  tasks.o
    0x20003e74        -       0x00000004   Zero   RW         1254    .bss.uxTaskNumber   tasks.o
    0x20003e78        -       0x00000004   Zero   RW         1253    .bss.uxTopReadyPriority  tasks.o
    0x20003e7c        -       0x00000004   Zero   RW         1418    .bss.xBlockAllocatedBit  heap_4.o
    0x20003e80        -       0x00000014   Zero   RW         1271    .bss.xDelayedTaskList1  tasks.o
    0x20003e94        -       0x00000014   Zero   RW         1272    .bss.xDelayedTaskList2  tasks.o
    0x20003ea8        -       0x00000004   Zero   RW         1419    .bss.xFreeBytesRemaining  heap_4.o
    0x20003eac        -       0x00000200   Zero   RW           42    .bss.xIdleStack     freertos.o
    0x200040ac        -       0x00000004   Zero   RW         1263    .bss.xIdleTaskHandle  tasks.o
    0x200040b0        -       0x00000054   Zero   RW           41    .bss.xIdleTaskTCBBuffer  freertos.o
    0x20004104        -       0x00000004   Zero   RW         1421    .bss.xMinimumEverFreeBytesRemaining  heap_4.o
    0x20004108        -       0x00000004   Zero   RW         1264    .bss.xNextTaskUnblockTime  tasks.o
    0x2000410c        -       0x00000004   Zero   RW         1270    .bss.xNumOfOverflows  tasks.o
    0x20004110        -       0x00000004   Zero   RW         1422    .bss.xNumberOfSuccessfulAllocations  heap_4.o
    0x20004114        -       0x00000004   Zero   RW         1423    .bss.xNumberOfSuccessfulFrees  heap_4.o
    0x20004118        -       0x00000004   Zero   RW         1267    .bss.xPendedTicks   tasks.o
    0x2000411c        -       0x00000014   Zero   RW         1261    .bss.xPendingReadyList  tasks.o
    0x20004130        -       0x00000004   Zero   RW         1258    .bss.xSchedulerRunning  tasks.o
    0x20004134        -       0x00000008   Zero   RW         1420    .bss.xStart         heap_4.o
    0x2000413c        -       0x00000014   Zero   RW         1260    .bss.xSuspendedTaskList  tasks.o
    0x20004150        -       0x00000014   Zero   RW         1255    .bss.xTasksWaitingTermination  tasks.o
    0x20004164        -       0x00000004   Zero   RW         1265    .bss.xTickCount     tasks.o
    0x20004168        -       0x00000004   Zero   RW         1266    .bss.xYieldPending  tasks.o
    0x2000416c   0x08004a00   0x00000004   PAD
    0x20004170        -       0x00000200   Zero   RW            2    HEAP                startup_stm32f407xx.o
    0x20004370        -       0x00000400   Zero   RW            1    STACK               startup_stm32f407xx.o


    Execution Region RW_IRAM2 (Exec base: 0x2001c000, Load base: 0x08004a00, Size: 0x00000000, Max: 0x00004000, ABSOLUTE)

    **** No section assigned to this execution region ****


==============================================================================

Image component sizes


      Code (inc. data)   RO Data    RW Data    ZI Data      Debug   Object Name

       240          0          0          0         40       5919   can.o
       262          0          0          0          0      16256   cmsis_os.o
       728         12          0         40        138       1999   control_task.o
       192          0         77          0        604       2819   freertos.o
       620          8          0          0         35       4563   gm6020.o
       202          0          0          0          0       2106   gpio.o
      1084          0          0          0      15392       4388   heap_4.o
       296          0          0          0          0       2191   list.o
       266          0          0          0          0       5673   main.o
       590          0          0          0          0       1938   pid.o
       996         16          0          4          5       3798   port.o
        64         26        392          0       1536        820   startup_stm32f407xx.o
        92          0          0          5          4       7083   stm32f4xx_hal.o
      3090          0          0          0          0      11523   stm32f4xx_hal_can.o
       384          0          0          0          0       9694   stm32f4xx_hal_cortex.o
       996          0          0          0          0       5068   stm32f4xx_hal_gpio.o
        88          0          0          0          0       3328   stm32f4xx_hal_msp.o
      2696          0          0          0          0       7572   stm32f4xx_hal_rcc.o
      1400          0          0          0          0      35977   stm32f4xx_hal_tim.o
        16          0          0          0          0      15308   stm32f4xx_hal_tim_ex.o
       240          0          0          0         72       7070   stm32f4xx_hal_timebase_tim.o
        54          0          0          0          0        933   stm32f4xx_it.o
        18          0         24          4          0       2479   system_stm32f4xx.o
      2946          0          5          0        300      20325   tasks.o

    ----------------------------------------------------------------------
     17684         74        532         56      18136     178830   Object Totals
         0          0         32          0          0          0   (incl. Generated)
       124         12          2          3         10          0   (incl. Padding)

    ----------------------------------------------------------------------

      Code (inc. data)   RO Data    RW Data    ZI Data      Debug   Library Member Name

         8          0          0          0          0         68   __main.o
         0          0          0          0          0          0   __rtentry.o
        12          0          0          0          0          0   __rtentry2.o
         6          0          0          0          0          0   __rtentry4.o
        94          8          0          0          0          0   __scatter.o
        26          0          0          0          0          0   __scatter_copy.o
        28          0          0          0          0          0   __scatter_zi.o
        18          0          0          0          0         80   exit.o
         6          0          0          0          0        152   heapauxi.o
         0          0          0          0          0          0   indicate_semi.o
         2          0          0          0          0          0   libinit.o
         6          0          0          0          0          0   libinit2.o
         2          0          0          0          0          0   libshutdown.o
         2          0          0          0          0          0   libshutdown2.o
         8          4          0          0         96         68   libspace.o
       240          0          0          0          0        100   lludivv7m.o
        78          0          0          0          0         80   rt_memclr_w.o
         2          0          0          0          0          0   rtexit.o
        10          0          0          0          0          0   rtexit2.o
        12          4          0          0          0         68   sys_exit.o
        74          0          0          0          0         80   sys_stackheap_outer.o
         2          0          0          0          0         68   use_no_semi.o
        26          0          0          0          0        116   fpinit.o

    ----------------------------------------------------------------------
       672         16          0          0         96        880   Library Totals
        10          0          0          0          0          0   (incl. Padding)

    ----------------------------------------------------------------------

      Code (inc. data)   RO Data    RW Data    ZI Data      Debug   Library Name

       636         16          0          0         96        764   c_w.l
        26          0          0          0          0        116   fz_wm.l

    ----------------------------------------------------------------------
       672         16          0          0         96        880   Library Totals

    ----------------------------------------------------------------------

==============================================================================


      Code (inc. data)   RO Data    RW Data    ZI Data      Debug   

     18356         90        532         56      18232     179078   Grand Totals
     18356         90        532         56      18232     179078   ELF Image Totals
     18356         90        532         56          0          0   ROM Totals

==============================================================================

    Total RO  Size (Code + RO Data)                18888 (  18.45kB)
    Total RW  Size (RW Data + ZI Data)             18288 (  17.86kB)
    Total ROM Size (Code + RO Data + RW Data)      18944 (  18.50kB)

==============================================================================

